Archive member included to satisfy reference by file (symbol)

C:/Users/jesse/AppData/Roaming/xPacks/@xpack-dev-tools/riscv-none-elf-gcc/14.2.0-3.1/.content/bin/../lib/gcc/riscv-none-elf/14.2.0/rv32im/ilp32\libgcc.a(_udivdi3.o)
                              ./lib/syscalls/sys_gettimeofday.o (__udivdi3)
C:/Users/jesse/AppData/Roaming/xPacks/@xpack-dev-tools/riscv-none-elf-gcc/14.2.0-3.1/.content/bin/../lib/gcc/riscv-none-elf/14.2.0/rv32im/ilp32\libgcc.a(_umoddi3.o)
                              ./lib/syscalls/sys_gettimeofday.o (__umoddi3)
C:/Users/jesse/AppData/Roaming/xPacks/@xpack-dev-tools/riscv-none-elf-gcc/14.2.0-3.1/.content/bin/../lib/gcc/riscv-none-elf/14.2.0/rv32im/ilp32\libgcc.a(adddf3.o)
                              ./src/cvt.o (__adddf3)
C:/Users/jesse/AppData/Roaming/xPacks/@xpack-dev-tools/riscv-none-elf-gcc/14.2.0-3.1/.content/bin/../lib/gcc/riscv-none-elf/14.2.0/rv32im/ilp32\libgcc.a(divdf3.o)
                              ./src/core_main.o (__divdf3)
C:/Users/jesse/AppData/Roaming/xPacks/@xpack-dev-tools/riscv-none-elf-gcc/14.2.0-3.1/.content/bin/../lib/gcc/riscv-none-elf/14.2.0/rv32im/ilp32\libgcc.a(eqdf2.o)
                              ./src/cvt.o (__nedf2)
C:/Users/jesse/AppData/Roaming/xPacks/@xpack-dev-tools/riscv-none-elf-gcc/14.2.0-3.1/.content/bin/../lib/gcc/riscv-none-elf/14.2.0/rv32im/ilp32\libgcc.a(gedf2.o)
                              ./src/core_main.o (__gtdf2)
C:/Users/jesse/AppData/Roaming/xPacks/@xpack-dev-tools/riscv-none-elf-gcc/14.2.0-3.1/.content/bin/../lib/gcc/riscv-none-elf/14.2.0/rv32im/ilp32\libgcc.a(ledf2.o)
                              ./src/core_main.o (__ltdf2)
C:/Users/jesse/AppData/Roaming/xPacks/@xpack-dev-tools/riscv-none-elf-gcc/14.2.0-3.1/.content/bin/../lib/gcc/riscv-none-elf/14.2.0/rv32im/ilp32\libgcc.a(muldf3.o)
                              ./src/cvt.o (__muldf3)
C:/Users/jesse/AppData/Roaming/xPacks/@xpack-dev-tools/riscv-none-elf-gcc/14.2.0-3.1/.content/bin/../lib/gcc/riscv-none-elf/14.2.0/rv32im/ilp32\libgcc.a(fixdfsi.o)
                              ./src/cvt.o (__fixdfsi)
C:/Users/jesse/AppData/Roaming/xPacks/@xpack-dev-tools/riscv-none-elf-gcc/14.2.0-3.1/.content/bin/../lib/gcc/riscv-none-elf/14.2.0/rv32im/ilp32\libgcc.a(fixunsdfsi.o)
                              ./src/core_main.o (__fixunsdfsi)
C:/Users/jesse/AppData/Roaming/xPacks/@xpack-dev-tools/riscv-none-elf-gcc/14.2.0-3.1/.content/bin/../lib/gcc/riscv-none-elf/14.2.0/rv32im/ilp32\libgcc.a(floatunsidf.o)
                              ./src/core_main.o (__floatunsidf)
C:/Users/jesse/AppData/Roaming/xPacks/@xpack-dev-tools/riscv-none-elf-gcc/14.2.0-3.1/.content/bin/../lib/gcc/riscv-none-elf/14.2.0/rv32im/ilp32\libgcc.a(fixunsdfdi.o)
                              ./src/core_portme.o (__fixunsdfdi)
C:/Users/jesse/AppData/Roaming/xPacks/@xpack-dev-tools/riscv-none-elf-gcc/14.2.0-3.1/.content/bin/../lib/gcc/riscv-none-elf/14.2.0/rv32im/ilp32\libgcc.a(floatundidf.o)
                              ./src/core_portme.o (__floatundidf)
C:/Users/jesse/AppData/Roaming/xPacks/@xpack-dev-tools/riscv-none-elf-gcc/14.2.0-3.1/.content/bin/../lib/gcc/riscv-none-elf/14.2.0/rv32im/ilp32\libgcc.a(_clz.o)
                              C:/Users/jesse/AppData/Roaming/xPacks/@xpack-dev-tools/riscv-none-elf-gcc/14.2.0-3.1/.content/bin/../lib/gcc/riscv-none-elf/14.2.0/rv32im/ilp32\libgcc.a(_udivdi3.o) (__clz_tab)
C:/Users/jesse/AppData/Roaming/xPacks/@xpack-dev-tools/riscv-none-elf-gcc/14.2.0-3.1/.content/bin/../lib/gcc/riscv-none-elf/14.2.0/rv32im/ilp32\libgcc.a(_clzsi2.o)
                              C:/Users/jesse/AppData/Roaming/xPacks/@xpack-dev-tools/riscv-none-elf-gcc/14.2.0-3.1/.content/bin/../lib/gcc/riscv-none-elf/14.2.0/rv32im/ilp32\libgcc.a(adddf3.o) (__clzsi2)
C:/Users/jesse/AppData/Roaming/xPacks/@xpack-dev-tools/riscv-none-elf-gcc/14.2.0-3.1/.content/bin/../lib/gcc/riscv-none-elf/14.2.0/../../../../riscv-none-elf/lib/rv32im/ilp32\libg_nano.a(libc_a-exit.o)
                              ./crt/startup.o (exit)
C:/Users/jesse/AppData/Roaming/xPacks/@xpack-dev-tools/riscv-none-elf-gcc/14.2.0-3.1/.content/bin/../lib/gcc/riscv-none-elf/14.2.0/../../../../riscv-none-elf/lib/rv32im/ilp32\libg_nano.a(libc_a-ctype_.o)
                              ./lib/util/gethex.o (_ctype_)
C:/Users/jesse/AppData/Roaming/xPacks/@xpack-dev-tools/riscv-none-elf-gcc/14.2.0-3.1/.content/bin/../lib/gcc/riscv-none-elf/14.2.0/../../../../riscv-none-elf/lib/rv32im/ilp32\libg_nano.a(libc_a-findfp.o)
                              C:/Users/jesse/AppData/Roaming/xPacks/@xpack-dev-tools/riscv-none-elf-gcc/14.2.0-3.1/.content/bin/../lib/gcc/riscv-none-elf/14.2.0/../../../../riscv-none-elf/lib/rv32im/ilp32\libg_nano.a(libc_a-exit.o) (__stdio_exit_handler)
C:/Users/jesse/AppData/Roaming/xPacks/@xpack-dev-tools/riscv-none-elf-gcc/14.2.0-3.1/.content/bin/../lib/gcc/riscv-none-elf/14.2.0/../../../../riscv-none-elf/lib/rv32im/ilp32\libg_nano.a(libc_a-fwalk.o)
[...]
Memory Configuration

Name             Origin             Length             Attributes
ROM              0x00000000         0x00010000         xr
RAM              0x20000000         0x00008000         w
IO               0xf0000000         0x00004000         w
*default*        0x00000000         0xffffffff

Linker script and memory map

LOAD ./src/core_list_join.o
LOAD ./src/core_main.o
LOAD ./src/core_matrix.o
LOAD ./src/core_portme.o
LOAD ./src/core_state.o
LOAD ./src/core_util.o
LOAD ./src/cvt.o
LOAD ./src/ee_printf.o
LOAD ./lib/wdt/wdt_init.o
LOAD ./lib/wdt/wdt_reset.o
LOAD ./lib/wdt/wdt_start.o
LOAD ./lib/wdt/wdt_stop.o
LOAD ./lib/util/delayms.o
LOAD ./lib/util/gethex.o
LOAD ./lib/util/parsehex.o
LOAD ./lib/util/printdec.o
LOAD ./lib/util/printhex.o
LOAD ./lib/util/printhwversion.o
LOAD ./lib/util/printlogo.o
LOAD ./lib/uart/uart1_getc.o
LOAD ./lib/uart/uart1_gets.o
LOAD ./lib/uart/uart1_init.o
LOAD ./lib/uart/uart1_printf.o
LOAD ./lib/uart/uart1_printlonglong.o
LOAD ./lib/uart/uart1_printulonglong.o
LOAD ./lib/uart/uart1_putc.o
LOAD ./lib/uart/uart1_puts.o
LOAD ./lib/uart/uart_hasreceived.o
LOAD ./lib/timer/timer1_clear_interrupt.o
LOAD ./lib/timer/timer1_disable.o
LOAD ./lib/timer/timer1_disable_interrupt.o
LOAD ./lib/timer/timer1_enable.o
LOAD ./lib/timer/timer1_enable_interrupt.o
LOAD ./lib/timer/timer1_getcounter.o
LOAD ./lib/timer/timer1_setcompare.o
LOAD ./lib/timer/timer1_setcounter.o
LOAD ./lib/syscalls/sys_env.o
LOAD ./lib/syscalls/sys_exit.o
LOAD ./lib/syscalls/sys_gettimeofday.o
LOAD ./lib/syscalls/sys_read_write.o
LOAD ./lib/syscalls/sys_remaining.o
LOAD ./lib/syscalls/sys_sbrk.o
LOAD ./lib/syscalls/sys_times.o
LOAD ./lib/spi/spi1_csdisable.o
LOAD ./lib/spi/spi1_csenable.o
LOAD ./lib/spi/spi1_init.o
LOAD ./lib/spi/spi1_receive.o
LOAD ./lib/spi/spi1_transfer.o
LOAD ./lib/spi/spi1_transmit.o
LOAD ./lib/spi/spi1_transmit_receive.o
LOAD ./lib/spi/spi2_csdisable.o
LOAD ./lib/spi/spi2_csenable.o
LOAD ./lib/spi/spi2_init.o
LOAD ./lib/spi/spi2_transfer.o
LOAD ./lib/i2c/i2c1_init.o
LOAD ./lib/i2c/i2c1_receive.o
LOAD ./lib/i2c/i2c1_receive_byte.o
LOAD ./lib/i2c/i2c1_transmit.o
LOAD ./lib/i2c/i2c1_transmit_address.o
LOAD ./lib/i2c/i2c1_transmit_address_only.o
LOAD ./lib/i2c/i2c1_transmit_byte.o
LOAD ./lib/i2c/i2c2_init.o
LOAD ./lib/i2c/i2c2_receive.o
LOAD ./lib/i2c/i2c2_receive_byte.o
LOAD ./lib/i2c/i2c2_transmit.o
LOAD ./lib/i2c/i2c2_transmit_address.o
LOAD ./lib/i2c/i2c2_transmit_address_only.o
LOAD ./lib/i2c/i2c2_transmit_byte.o
LOAD ./lib/gpio/gpioa_readpin.o
LOAD ./lib/gpio/gpioa_togglepin.o
LOAD ./lib/gpio/gpioa_writepin.o
LOAD ./lib/csr/csr_get_cycle.o
LOAD ./lib/csr/csr_get_instret.o
LOAD ./lib/csr/csr_get_mhpmcounter3.o
LOAD ./lib/csr/csr_get_mhpmcounter4.o
LOAD ./lib/csr/csr_get_mhpmcounter5.o
LOAD ./lib/csr/csr_get_mhpmcounter6.o
LOAD ./lib/csr/csr_get_mhpmcounter7.o
LOAD ./lib/csr/csr_get_mhpmcounter8.o
LOAD ./lib/csr/csr_get_mhpmcounter9.o
LOAD ./lib/csr/csr_get_time.o
LOAD ./lib/crc/crc_block.o
LOAD ./lib/crc/crc_get.o
LOAD ./lib/crc/crc_init.o
LOAD ./lib/crc/crc_write.o
LOAD ./crt/startup.o
LOAD C:/Users/jesse/AppData/Roaming/xPacks/@xpack-dev-tools/riscv-none-elf-gcc/14.2.0-3.1/.content/bin/../lib/gcc/riscv-none-elf/14.2.0/rv32im/ilp32\libgcc.a
LOAD C:/Users/jesse/AppData/Roaming/xPacks/@xpack-dev-tools/riscv-none-elf-gcc/14.2.0-3.1/.content/bin/../lib/gcc/riscv-none-elf/14.2.0/../../../../riscv-none-elf/lib/rv32im/ilp32\libg_nano.a
LOAD C:/Users/jesse/AppData/Roaming/xPacks/@xpack-dev-tools/riscv-none-elf-gcc/14.2.0-3.1/.content/bin/../lib/gcc/riscv-none-elf/14.2.0/../../../../riscv-none-elf/lib/rv32im/ilp32\libc_nano.a
LOAD C:/Users/jesse/AppData/Roaming/xPacks/@xpack-dev-tools/riscv-none-elf-gcc/14.2.0-3.1/.content/bin/../lib/gcc/riscv-none-elf/14.2.0/rv32im/ilp32\libgcc.a
START GROUP
LOAD C:/Users/jesse/AppData/Roaming/xPacks/@xpack-dev-tools/riscv-none-elf-gcc/14.2.0-3.1/.content/bin/../lib/gcc/riscv-none-elf/14.2.0/rv32im/ilp32\libgcc.a
LOAD C:/Users/jesse/AppData/Roaming/xPacks/@xpack-dev-tools/riscv-none-elf-gcc/14.2.0-3.1/.content/bin/../lib/gcc/riscv-none-elf/14.2.0/../../../../riscv-none-elf/lib/rv32im/ilp32\libc_nano.a
LOAD C:/Users/jesse/AppData/Roaming/xPacks/@xpack-dev-tools/riscv-none-elf-gcc/14.2.0-3.1/.content/bin/../lib/gcc/riscv-none-elf/14.2.0/../../../../riscv-none-elf/lib/rv32im/ilp32\libgloss_nano.a
END GROUP
                0x20008000                        __stack_pointer$ = (ORIGIN (RAM) + LENGTH (RAM))
                0x00000400                        __stack_size = 0x400

.text           0x00000000     0x7c88
                0x00000000                        _stext = .
 *(.text.start_up_code)
 *(.text.start_up_code_c)
 .text.start_up_code_c
                0x00000000       0x78 ./crt/startup.o
                0x00000000                _start
 *(.text)
 .text          0x00000078       0x3c C:/Users/jesse/AppData/Roaming/xPacks/@xpack-dev-tools/riscv-none-elf-gcc/14.2.0-3.1/.content/bin/../lib/gcc/riscv-none-elf/14.2.0/../../../../riscv-none-elf/lib/rv32im/ilp32\libg_nano.a(libc_a-memmove.o)
                0x00000078                memmove
 .text          0x000000b4       0x1c C:/Users/jesse/AppData/Roaming/xPacks/@xpack-dev-tools/riscv-none-elf-gcc/14.2.0-3.1/.content/bin/../lib/gcc/riscv-none-elf/14.2.0/../../../../riscv-none-elf/lib/rv32im/ilp32\libg_nano.a(libc_a-memset.o)
                0x000000b4                memset
 .text          0x000000d0       0x24 C:/Users/jesse/AppData/Roaming/xPacks/@xpack-dev-tools/riscv-none-elf-gcc/14.2.0-3.1/.content/bin/../lib/gcc/riscv-none-elf/14.2.0/../../../../riscv-none-elf/lib/rv32im/ilp32\libg_nano.a(libc_a-memcpy-asm.o)
                0x000000d0                memcpy
 *(.text*)
 .text.cmp_complex
                0x000000f4      0x1ec ./src/core_list_join.o
                0x000000f4                cmp_complex
 .text.core_bench_list
                0x000002e0      0x5e4 ./src/core_list_join.o
                0x000002e0                core_bench_list
 .text.core_list_init
                0x000008c4      0x32c ./src/core_list_join.o
                0x000008c4                core_list_init
 .text.iterate  0x00000bf0       0xc0 ./src/core_main.o
                0x00000bf0                iterate
 .text.startup.main
                0x00000cb0      0xa68 ./src/core_main.o
                0x00000cb0                main
 .text.matrix_test
                0x00001718      0x4f4 ./src/core_matrix.o
                0x00001718                matrix_test
 .text.core_bench_matrix
                0x00001c0c       0x3c ./src/core_matrix.o
                0x00001c0c                core_bench_matrix
 .text.core_init_matrix
                0x00001c48      0x134 ./src/core_matrix.o
                0x00001c48                core_init_matrix
 .text.start_time
                0x00001d7c       0x24 ./src/core_portme.o
                0x00001d7c                start_time
 .text.stop_time
                0x00001da0       0x28 ./src/core_portme.o
                0x00001da0                stop_time
 .text.get_time
                0x00001dc8       0x38 ./src/core_portme.o
                0x00001dc8                get_time
 .text.time_in_secs
                0x00001e00       0x58 ./src/core_portme.o
                0x00001e00                time_in_secs
 .text.portable_init
                0x00001e58       0x84 ./src/core_portme.o
                0x00001e58                portable_init
 .text.portable_fini
                0x00001edc      0x170 ./src/core_portme.o
                0x00001edc                portable_fini
 .text.core_init_state
                0x0000204c      0x228 ./src/core_state.o
                0x0000204c                core_init_state
 .text.core_state_transition
                0x00002274      0x2e8 ./src/core_state.o
                0x00002274                core_state_transition
 .text.core_bench_state
                0x0000255c      0x220 ./src/core_state.o
                0x0000255c                core_bench_state
 .text.get_seed_32
                0x0000277c       0x50 ./src/core_util.o
                0x0000277c                get_seed_32
 .text.crcu16   0x000027cc      0x24c ./src/core_util.o
                0x000027cc                crcu16
 .text.crcu32   0x00002a18      0x4a8 ./src/core_util.o
                0x00002a18                crcu32
 .text.crc16    0x00002ec0      0x254 ./src/core_util.o
                0x00002ec0                crc16
 .text.check_data_types
                0x00003114        0x8 ./src/core_util.o
                0x00003114                check_data_types
 .text.cvt      0x0000311c      0x5c8 ./src/cvt.o
 .text.fcvtbuf  0x000036e4        0x8 ./src/cvt.o
                0x000036e4                fcvtbuf
 .text.number   0x000036ec      0x32c ./src/ee_printf.o
 .text.ee_printf
                0x00003a18     0x116c ./src/ee_printf.o
                0x00003a18                ee_printf
 .text.uart1_init
                0x00004b84       0x30 ./lib/uart/uart1_init.o
                0x00004b84                uart1_init
 .text.uart1_printulonglong
                0x00004bb4       0xf4 ./lib/uart/uart1_printulonglong.o
                0x00004bb4                uart1_printulonglong
 .text.uart1_putc
                0x00004ca8       0x20 ./lib/uart/uart1_putc.o
                0x00004ca8                uart1_putc
 .text.uart1_puts
                0x00004cc8       0x40 ./lib/uart/uart1_puts.o
                0x00004cc8                uart1_puts
 .text._exit    0x00004d08        0x4 ./lib/syscalls/sys_exit.o
                0x00004d08                _exit
 .text.csr_get_cycle
                0x00004d0c       0x20 ./lib/csr/csr_get_cycle.o
                0x00004d0c                csr_get_cycle
 .text.csr_get_instret
                0x00004d2c       0x20 ./lib/csr/csr_get_instret.o
                0x00004d2c                csr_get_instret
 .text.pre_init_trap_handler
                0x00004d4c        0x4 ./crt/startup.o
                0x00004d4c                pre_init_trap_handler
 .text.__adddf3
                0x00004d50      0xaf4 C:/Users/jesse/AppData/Roaming/xPacks/@xpack-dev-tools/riscv-none-elf-gcc/14.2.0-3.1/.content/bin/../lib/gcc/riscv-none-elf/14.2.0/rv32im/ilp32\libgcc.a(adddf3.o)
                0x00004d50                __adddf3
 .text.__divdf3
                0x00005844      0x7e8 C:/Users/jesse/AppData/Roaming/xPacks/@xpack-dev-tools/riscv-none-elf-gcc/14.2.0-3.1/.content/bin/../lib/gcc/riscv-none-elf/14.2.0/rv32im/ilp32\libgcc.a(divdf3.o)
                0x00005844                __divdf3
 .text.__eqdf2  0x0000602c       0x8c C:/Users/jesse/AppData/Roaming/xPacks/@xpack-dev-tools/riscv-none-elf-gcc/14.2.0-3.1/.content/bin/../lib/gcc/riscv-none-elf/14.2.0/rv32im/ilp32\libgcc.a(eqdf2.o)
                0x0000602c                __nedf2
                0x0000602c                __eqdf2
 .text.__gedf2  0x000060b8       0xfc C:/Users/jesse/AppData/Roaming/xPacks/@xpack-dev-tools/riscv-none-elf-gcc/14.2.0-3.1/.content/bin/../lib/gcc/riscv-none-elf/14.2.0/rv32im/ilp32\libgcc.a(gedf2.o)
                0x000060b8                __gedf2
                0x000060b8                __gtdf2
 .text.__ledf2  0x000061b4      0x100 C:/Users/jesse/AppData/Roaming/xPacks/@xpack-dev-tools/riscv-none-elf-gcc/14.2.0-3.1/.content/bin/../lib/gcc/riscv-none-elf/14.2.0/rv32im/ilp32\libgcc.a(ledf2.o)
                0x000061b4                __ledf2
                0x000061b4                __ltdf2
 .text.__muldf3
                0x000062b4      0x71c C:/Users/jesse/AppData/Roaming/xPacks/@xpack-dev-tools/riscv-none-elf-gcc/14.2.0-3.1/.content/bin/../lib/gcc/riscv-none-elf/14.2.0/rv32im/ilp32\libgcc.a(muldf3.o)
                0x000062b4                __muldf3
 .text.__fixdfsi
                0x000069d0       0x84 C:/Users/jesse/AppData/Roaming/xPacks/@xpack-dev-tools/riscv-none-elf-gcc/14.2.0-3.1/.content/bin/../lib/gcc/riscv-none-elf/14.2.0/rv32im/ilp32\libgcc.a(fixdfsi.o)
                0x000069d0                __fixdfsi
 .text.__fixunsdfsi
                0x00006a54       0x74 C:/Users/jesse/AppData/Roaming/xPacks/@xpack-dev-tools/riscv-none-elf-gcc/14.2.0-3.1/.content/bin/../lib/gcc/riscv-none-elf/14.2.0/rv32im/ilp32\libgcc.a(fixunsdfsi.o)
                0x00006a54                __fixunsdfsi
 .text.__floatunsidf
                0x00006ac8       0x9c C:/Users/jesse/AppData/Roaming/xPacks/@xpack-dev-tools/riscv-none-elf-gcc/14.2.0-3.1/.content/bin/../lib/gcc/riscv-none-elf/14.2.0/rv32im/ilp32\libgcc.a(floatunsidf.o)
                0x00006ac8                __floatunsidf
 .text.__fixunsdfdi
                0x00006b64       0xc4 C:/Users/jesse/AppData/Roaming/xPacks/@xpack-dev-tools/riscv-none-elf-gcc/14.2.0-3.1/.content/bin/../lib/gcc/riscv-none-elf/14.2.0/rv32im/ilp32\libgcc.a(fixunsdfdi.o)
                0x00006b64                __fixunsdfdi
 .text.__floatundidf
                0x00006c28      0x224 C:/Users/jesse/AppData/Roaming/xPacks/@xpack-dev-tools/riscv-none-elf-gcc/14.2.0-3.1/.content/bin/../lib/gcc/riscv-none-elf/14.2.0/rv32im/ilp32\libgcc.a(floatundidf.o)
                0x00006c28                __floatundidf
 .text.__clzsi2
                0x00006e4c       0x88 C:/Users/jesse/AppData/Roaming/xPacks/@xpack-dev-tools/riscv-none-elf-gcc/14.2.0-3.1/.content/bin/../lib/gcc/riscv-none-elf/14.2.0/rv32im/ilp32\libgcc.a(_clzsi2.o)
                0x00006e4c                __clzsi2
 .text.exit     0x00006ed4       0x38 C:/Users/jesse/AppData/Roaming/xPacks/@xpack-dev-tools/riscv-none-elf-gcc/14.2.0-3.1/.content/bin/../lib/gcc/riscv-none-elf/14.2.0/../../../../riscv-none-elf/lib/rv32im/ilp32\libg_nano.a(libc_a-exit.o)
                0x00006ed4                exit
 .text.__libc_init_array
                0x00006f0c       0x94 C:/Users/jesse/AppData/Roaming/xPacks/@xpack-dev-tools/riscv-none-elf-gcc/14.2.0-3.1/.content/bin/../lib/gcc/riscv-none-elf/14.2.0/../../../../riscv-none-elf/lib/rv32im/ilp32\libg_nano.a(libc_a-init.o)
                0x00006f0c                __libc_init_array
 .text.modf     0x00006fa0      0x1ac C:/Users/jesse/AppData/Roaming/xPacks/@xpack-dev-tools/riscv-none-elf-gcc/14.2.0-3.1/.content/bin/../lib/gcc/riscv-none-elf/14.2.0/../../../../riscv-none-elf/lib/rv32im/ilp32\libg_nano.a(libm_a-s_modf.o)
                0x00006fa0                modf
 .text.__fpclassifyd
                0x0000714c       0x54 C:/Users/jesse/AppData/Roaming/xPacks/@xpack-dev-tools/riscv-none-elf-gcc/14.2.0-3.1/.content/bin/../lib/gcc/riscv-none-elf/14.2.0/../../../../riscv-none-elf/lib/rv32im/ilp32\libg_nano.a(libm_a-s_fpclassify.o)
                0x0000714c                __fpclassifyd
 .text.__subdf3
                0x000071a0      0xae8 C:/Users/jesse/AppData/Roaming/xPacks/@xpack-dev-tools/riscv-none-elf-gcc/14.2.0-3.1/.content/bin/../lib/gcc/riscv-none-elf/14.2.0/rv32im/ilp32\libgcc.a(subdf3.o)
                0x000071a0                __subdf3
 *(.text.unlikely)
 *(.text.unlikely.*)
 *(.eh_frame)
 *(.init)
 *(.fini)
                0x00007c88                        . = ALIGN (0x4)
                0x00007c88                        _etext = .

.rodata         0x00007c88      0xac0
                0x00007c88                        _srodata = .
 *(.rdata)
 *(.rdata.*)
 *(.rodata)
 *(.rodata.*)
 .rodata.main.str1.4
                0x00007c88      0x704 ./src/core_main.o
                                0x411 (size before relaxing)
 .rodata.portable_init.str1.4
                0x0000838c       0x9f ./src/core_portme.o
 .rodata.portable_fini.str1.4
                0x0000838c       0x9d ./src/core_portme.o
 .rodata.str1.4
                0x0000838c       0xad ./src/core_state.o
 .rodata.errpat
                0x0000838c       0x10 ./src/core_state.o
 .rodata.scipat
                0x0000839c       0x10 ./src/core_state.o
 .rodata.floatpat
                0x000083ac       0x10 ./src/core_state.o
 .rodata.intpat
                0x000083bc       0x10 ./src/core_state.o
 .rodata.get_seed_32
                0x000083cc       0x18 ./src/core_util.o
 .rodata.number.str1.4
                0x000083e4       0x4d ./src/ee_printf.o
 .rodata.ee_printf.str1.4
                0x000083e4        0x7 ./src/ee_printf.o
 .rodata.ee_printf
                0x000083e4      0x204 ./src/ee_printf.o
 .rodata.str1.4
                0x000085e8       0xa8 ./crt/startup.o
 .rodata.__divdf3
                0x000085e8       0x40 C:/Users/jesse/AppData/Roaming/xPacks/@xpack-dev-tools/riscv-none-elf-gcc/14.2.0-3.1/.content/bin/../lib/gcc/riscv-none-elf/14.2.0/rv32im/ilp32\libgcc.a(divdf3.o)
 .rodata.__clz_tab
                0x00008628      0x100 C:/Users/jesse/AppData/Roaming/xPacks/@xpack-dev-tools/riscv-none-elf-gcc/14.2.0-3.1/.content/bin/../lib/gcc/riscv-none-elf/14.2.0/rv32im/ilp32\libgcc.a(_clz.o)
                0x00008628                __clz_tab
 *(.srodata)
 *(.srodata.*)
 .srodata.cst8  0x00008728       0x20 ./src/core_main.o
                                 0x18 (size before relaxing)
 .srodata.cst8  0x00008748       0x18 ./src/cvt.o
 *(.gnu.linkonce.r.*)
                0x00008760                        . = ALIGN (0x4)
                0x00008748                        _erodata = .

.rela.dyn       0x00008748        0x0
 .rela.text.start_up_code_c
                0x00008748        0x0 ./src/core_list_join.o
 .rela.text.exit
                0x00008748        0x0 ./src/core_list_join.o
 .rela.text.__libc_init_array
                0x00008748        0x0 ./src/core_list_join.o

.preinit_array  0x00008748        0x0
                0x00008748                        PROVIDE (__preinit_array_start = .)
 *(.preinit_array*)
                0x00008748                        PROVIDE (__preinit_array_end = .)
                0x00008748                        . = ALIGN (0x4)

.init_array     0x00008748        0x0
                0x00008748                        . = ALIGN (0x4)
                0x00008748                        PROVIDE (__init_array_start = .)
 *(SORT_BY_NAME(.init_array.*))
 *(.init_array*)
                0x00008748                        PROVIDE (__init_array_end = .)
                0x00008748                        . = ALIGN (0x4)

.fini_array     0x00008748        0x0
                0x00008748                        . = ALIGN (0x4)
                [!provide]                        PROVIDE (__fini_array_start = .)
 *(SORT_BY_NAME(.fini_array.*))
 *(.fini_array*)
                [!provide]                        PROVIDE (__fini_array_end = .)
                0x00008748                        . = ALIGN (0x4)
                0x00008748                        . = ALIGN (0x4)
                0x00008748                        _sidata = LOADADDR (.data)

.data           0x20000000       0x24 load address 0x00008748
                0x20000800                        __global_pointer$ = (. + 0x800)
                0x20000000                        _sdata = .
 *(.data)
 *(.data*)
 .data.argv     0x20000000       0x18 ./crt/startup.o
 *(.sdata)
 *(.sdata.*)
 .sdata.default_num_contexts
                0x20000018        0x4 ./src/core_portme.o
                0x20000018                default_num_contexts
 .sdata.seed4_volatile
                0x2000001c        0x4 ./src/core_portme.o
                0x2000001c                seed4_volatile
 .sdata.seed3_volatile
                0x20000020        0x4 ./src/core_portme.o
                0x20000020                seed3_volatile
                0x20000024                        . = ALIGN (0x4)
                0x20000024                        . = ALIGN (0x4)
                0x20000024                        _edata = .
                0x20000024                        . = ALIGN (0x4)

.bss            0x20000028      0x7fc
                0x20000028                        _sbss = .
 *(.sbss)
 *(.sbss*)
 .sbss.stop_time_val
                0x20000028        0x8 ./src/core_portme.o
 .sbss.start_time_val
                0x20000030        0x8 ./src/core_portme.o
 .sbss.speed    0x20000038        0x4 ./src/core_portme.o
 .sbss.seed5_volatile
                0x2000003c        0x4 ./src/core_portme.o
                0x2000003c                seed5_volatile
 .sbss.seed2_volatile
                0x20000040        0x4 ./src/core_portme.o
                0x20000040                seed2_volatile
 .sbss.seed1_volatile
                0x20000044        0x4 ./src/core_portme.o
                0x20000044                seed1_volatile
 .sbss.start_instret
                0x20000048        0x8 ./src/core_portme.o
                0x20000048                start_instret
 .sbss.__stdio_exit_handler
                0x20000050        0x4 C:/Users/jesse/AppData/Roaming/xPacks/@xpack-dev-tools/riscv-none-elf-gcc/14.2.0-3.1/.content/bin/../lib/gcc/riscv-none-elf/14.2.0/../../../../riscv-none-elf/lib/rv32im/ilp32\libg_nano.a(libc_a-findfp.o)
                0x20000050                __stdio_exit_handler
 *(.bss)
 *(.bss*)
 .bss.static_memblk
                0x20000054      0x7d0 ./src/core_main.o
                0x20000054                static_memblk
 *(COMMON)
                0x20000824                        . = ALIGN (0x4)
                0x20000824                        _ebss = .
                [!provide]                        PROVIDE (end = .)
                0x20000828                        _end = ALIGN (0x8)
                0x20000000                        _start_ram = ORIGIN (RAM)
                0xf0000000                        _start_io = ORIGIN (IO)
OUTPUT(coremark.elf elf32-littleriscv)

.debug_info     0x00000000     0x7e5d
 .debug_info    0x00000000     0x1084 ./src/core_list_join.o
 .debug_info    0x00001084      0xced ./src/core_main.o
 .debug_info    0x00001d71      0xb2f ./src/core_matrix.o
 .debug_info    0x000028a0      0x57f ./src/core_portme.o
 .debug_info    0x00002e1f      0x526 ./src/core_state.o
 .debug_info    0x00003345      0x5d1 ./src/core_util.o
 .debug_info    0x00003916      0x53b ./src/cvt.o
 .debug_info    0x00003e51      0xdd1 ./src/ee_printf.o
 .debug_info    0x00004c22      0x139 ./lib/uart/uart1_init.o
 .debug_info    0x00004d5b      0x139 ./lib/uart/uart1_printulonglong.o
 .debug_info    0x00004e94      0x118 ./lib/uart/uart1_putc.o
 .debug_info    0x00004fac       0xc1 ./lib/uart/uart1_puts.o
 .debug_info    0x0000506d       0x57 ./lib/syscalls/sys_exit.o
 .debug_info    0x000050c4       0xff ./lib/csr/csr_get_cycle.o
 .debug_info    0x000051c3       0xff ./lib/csr/csr_get_instret.o
 .debug_info    0x000052c2      0x1f1 ./crt/startup.o
 .debug_info    0x000054b3      0x4d9 C:/Users/jesse/AppData/Roaming/xPacks/@xpack-dev-tools/riscv-none-elf-gcc/14.2.0-3.1/.content/bin/../lib/gcc/riscv-none-elf/14.2.0/rv32im/ilp32\libgcc.a(adddf3.o)
 .debug_info    0x0000598c      0x67b C:/Users/jesse/AppData/Roaming/xPacks/@xpack-dev-tools/riscv-none-elf-gcc/14.2.0-3.1/.content/bin/../lib/gcc/riscv-none-elf/14.2.0/rv32im/ilp32\libgcc.a(divdf3.o)
 .debug_info    0x00006007      0x22a C:/Users/jesse/AppData/Roaming/xPacks/@xpack-dev-tools/riscv-none-elf-gcc/14.2.0-3.1/.content/bin/../lib/gcc/riscv-none-elf/14.2.0/rv32im/ilp32\libgcc.a(eqdf2.o)
 .debug_info    0x00006231      0x223 C:/Users/jesse/AppData/Roaming/xPacks/@xpack-dev-tools/riscv-none-elf-gcc/14.2.0-3.1/.content/bin/../lib/gcc/riscv-none-elf/14.2.0/rv32im/ilp32\libgcc.a(gedf2.o)
 .debug_info    0x00006454      0x223 C:/Users/jesse/AppData/Roaming/xPacks/@xpack-dev-tools/riscv-none-elf-gcc/14.2.0-3.1/.content/bin/../lib/gcc/riscv-none-elf/14.2.0/rv32im/ilp32\libgcc.a(ledf2.o)
 .debug_info    0x00006677      0x6a8 C:/Users/jesse/AppData/Roaming/xPacks/@xpack-dev-tools/riscv-none-elf-gcc/14.2.0-3.1/.content/bin/../lib/gcc/riscv-none-elf/14.2.0/rv32im/ilp32\libgcc.a(muldf3.o)
 .debug_info    0x00006d1f      0x1c6 C:/Users/jesse/AppData/Roaming/xPacks/@xpack-dev-tools/riscv-none-elf-gcc/14.2.0-3.1/.content/bin/../lib/gcc/riscv-none-elf/14.2.0/rv32im/ilp32\libgcc.a(fixdfsi.o)
 .debug_info    0x00006ee5      0x1ad C:/Users/jesse/AppData/Roaming/xPacks/@xpack-dev-tools/riscv-none-elf-gcc/14.2.0-3.1/.content/bin/../lib/gcc/riscv-none-elf/14.2.0/rv32im/ilp32\libgcc.a(fixunsdfsi.o)
 .debug_info    0x00007092      0x25d C:/Users/jesse/AppData/Roaming/xPacks/@xpack-dev-tools/riscv-none-elf-gcc/14.2.0-3.1/.content/bin/../lib/gcc/riscv-none-elf/14.2.0/rv32im/ilp32\libgcc.a(floatunsidf.o)
 .debug_info    0x000072ef      0x1b7 C:/Users/jesse/AppData/Roaming/xPacks/@xpack-dev-tools/riscv-none-elf-gcc/14.2.0-3.1/.content/bin/../lib/gcc/riscv-none-elf/14.2.0/rv32im/ilp32\libgcc.a(fixunsdfdi.o)
 .debug_info    0x000074a6      0x29a C:/Users/jesse/AppData/Roaming/xPacks/@xpack-dev-tools/riscv-none-elf-gcc/14.2.0-3.1/.content/bin/../lib/gcc/riscv-none-elf/14.2.0/rv32im/ilp32\libgcc.a(floatundidf.o)
 .debug_info    0x00007740       0xed C:/Users/jesse/AppData/Roaming/xPacks/@xpack-dev-tools/riscv-none-elf-gcc/14.2.0-3.1/.content/bin/../lib/gcc/riscv-none-elf/14.2.0/rv32im/ilp32\libgcc.a(_clz.o)
 .debug_info    0x0000782d      0x157 C:/Users/jesse/AppData/Roaming/xPacks/@xpack-dev-tools/riscv-none-elf-gcc/14.2.0-3.1/.content/bin/../lib/gcc/riscv-none-elf/14.2.0/rv32im/ilp32\libgcc.a(_clzsi2.o)
 .debug_info    0x00007984      0x4d9 C:/Users/jesse/AppData/Roaming/xPacks/@xpack-dev-tools/riscv-none-elf-gcc/14.2.0-3.1/.content/bin/../lib/gcc/riscv-none-elf/14.2.0/rv32im/ilp32\libgcc.a(subdf3.o)

.debug_abbrev   0x00000000     0x2a52
 .debug_abbrev  0x00000000      0x31a ./src/core_list_join.o
 .debug_abbrev  0x0000031a      0x245 ./src/core_main.o
 .debug_abbrev  0x0000055f      0x230 ./src/core_matrix.o
 .debug_abbrev  0x0000078f      0x28a ./src/core_portme.o
 .debug_abbrev  0x00000a19      0x23b ./src/core_state.o
 .debug_abbrev  0x00000c54      0x1bf ./src/core_util.o
 .debug_abbrev  0x00000e13      0x130 ./src/cvt.o
 .debug_abbrev  0x00000f43      0x37a ./src/ee_printf.o
 .debug_abbrev  0x000012bd       0xca ./lib/uart/uart1_init.o
 .debug_abbrev  0x00001387       0xf3 ./lib/uart/uart1_printulonglong.o
 .debug_abbrev  0x0000147a       0x8e ./lib/uart/uart1_putc.o
 .debug_abbrev  0x00001508       0x84 ./lib/uart/uart1_puts.o
 .debug_abbrev  0x0000158c       0x50 ./lib/syscalls/sys_exit.o
 .debug_abbrev  0x000015dc       0x7a ./lib/csr/csr_get_cycle.o
 .debug_abbrev  0x00001656       0x7a ./lib/csr/csr_get_instret.o
 .debug_abbrev  0x000016d0      0x14b ./crt/startup.o
 .debug_abbrev  0x0000181b      0x186 C:/Users/jesse/AppData/Roaming/xPacks/@xpack-dev-tools/riscv-none-elf-gcc/14.2.0-3.1/.content/bin/../lib/gcc/riscv-none-elf/14.2.0/rv32im/ilp32\libgcc.a(adddf3.o)
 .debug_abbrev  0x000019a1      0x168 C:/Users/jesse/AppData/Roaming/xPacks/@xpack-dev-tools/riscv-none-elf-gcc/14.2.0-3.1/.content/bin/../lib/gcc/riscv-none-elf/14.2.0/rv32im/ilp32\libgcc.a(divdf3.o)
 .debug_abbrev  0x00001b09      0x171 C:/Users/jesse/AppData/Roaming/xPacks/@xpack-dev-tools/riscv-none-elf-gcc/14.2.0-3.1/.content/bin/../lib/gcc/riscv-none-elf/14.2.0/rv32im/ilp32\libgcc.a(eqdf2.o)
 .debug_abbrev  0x00001c7a      0x155 C:/Users/jesse/AppData/Roaming/xPacks/@xpack-dev-tools/riscv-none-elf-gcc/14.2.0-3.1/.content/bin/../lib/gcc/riscv-none-elf/14.2.0/rv32im/ilp32\libgcc.a(gedf2.o)
 .debug_abbrev  0x00001dcf      0x155 C:/Users/jesse/AppData/Roaming/xPacks/@xpack-dev-tools/riscv-none-elf-gcc/14.2.0-3.1/.content/bin/../lib/gcc/riscv-none-elf/14.2.0/rv32im/ilp32\libgcc.a(ledf2.o)
 .debug_abbrev  0x00001f24      0x185 C:/Users/jesse/AppData/Roaming/xPacks/@xpack-dev-tools/riscv-none-elf-gcc/14.2.0-3.1/.content/bin/../lib/gcc/riscv-none-elf/14.2.0/rv32im/ilp32\libgcc.a(muldf3.o)
 .debug_abbrev  0x000020a9      0x15b C:/Users/jesse/AppData/Roaming/xPacks/@xpack-dev-tools/riscv-none-elf-gcc/14.2.0-3.1/.content/bin/../lib/gcc/riscv-none-elf/14.2.0/rv32im/ilp32\libgcc.a(fixdfsi.o)
 .debug_abbrev  0x00002204      0x162 C:/Users/jesse/AppData/Roaming/xPacks/@xpack-dev-tools/riscv-none-elf-gcc/14.2.0-3.1/.content/bin/../lib/gcc/riscv-none-elf/14.2.0/rv32im/ilp32\libgcc.a(fixunsdfsi.o)
 .debug_abbrev  0x00002366      0x163 C:/Users/jesse/AppData/Roaming/xPacks/@xpack-dev-tools/riscv-none-elf-gcc/14.2.0-3.1/.content/bin/../lib/gcc/riscv-none-elf/14.2.0/rv32im/ilp32\libgcc.a(floatunsidf.o)
 .debug_abbrev  0x000024c9      0x149 C:/Users/jesse/AppData/Roaming/xPacks/@xpack-dev-tools/riscv-none-elf-gcc/14.2.0-3.1/.content/bin/../lib/gcc/riscv-none-elf/14.2.0/rv32im/ilp32\libgcc.a(fixunsdfdi.o)
 .debug_abbrev  0x00002612      0x180 C:/Users/jesse/AppData/Roaming/xPacks/@xpack-dev-tools/riscv-none-elf-gcc/14.2.0-3.1/.content/bin/../lib/gcc/riscv-none-elf/14.2.0/rv32im/ilp32\libgcc.a(floatundidf.o)
 .debug_abbrev  0x00002792       0x70 C:/Users/jesse/AppData/Roaming/xPacks/@xpack-dev-tools/riscv-none-elf-gcc/14.2.0-3.1/.content/bin/../lib/gcc/riscv-none-elf/14.2.0/rv32im/ilp32\libgcc.a(_clz.o)
 .debug_abbrev  0x00002802       0xca C:/Users/jesse/AppData/Roaming/xPacks/@xpack-dev-tools/riscv-none-elf-gcc/14.2.0-3.1/.content/bin/../lib/gcc/riscv-none-elf/14.2.0/rv32im/ilp32\libgcc.a(_clzsi2.o)
 .debug_abbrev  0x000028cc      0x186 C:/Users/jesse/AppData/Roaming/xPacks/@xpack-dev-tools/riscv-none-elf-gcc/14.2.0-3.1/.content/bin/../lib/gcc/riscv-none-elf/14.2.0/rv32im/ilp32\libgcc.a(subdf3.o)

.debug_loclists
                0x00000000     0xbc0c
 .debug_loclists
                0x00000000     0x1994 ./src/core_list_join.o
 .debug_loclists
                0x00001994      0x538 ./src/core_main.o
 .debug_loclists
                0x00001ecc      0xaff ./src/core_matrix.o
 .debug_loclists
                0x000029cb       0xef ./src/core_portme.o
 .debug_loclists
                0x00002aba      0x652 ./src/core_state.o
 .debug_loclists
                0x0000310c     0x13c0 ./src/core_util.o
 .debug_loclists
                0x000044cc      0x568 ./src/cvt.o
 .debug_loclists
                0x00004a34     0x146e ./src/ee_printf.o
 .debug_loclists
                0x00005ea2       0x3e ./lib/uart/uart1_init.o
 .debug_loclists
                0x00005ee0       0x78 ./lib/uart/uart1_printulonglong.o
 .debug_loclists
                0x00005f58       0x25 ./lib/uart/uart1_putc.o
 .debug_loclists
                0x00005f7d       0x21 ./lib/uart/uart1_puts.o
 .debug_loclists
                0x00005f9e       0x38 ./lib/csr/csr_get_cycle.o
 .debug_loclists
                0x00005fd6       0x38 ./lib/csr/csr_get_instret.o
 .debug_loclists
                0x0000600e       0x15 ./crt/startup.o
 .debug_loclists
                0x00006023     0x19cb C:/Users/jesse/AppData/Roaming/xPacks/@xpack-dev-tools/riscv-none-elf-gcc/14.2.0-3.1/.content/bin/../lib/gcc/riscv-none-elf/14.2.0/rv32im/ilp32\libgcc.a(adddf3.o)
 .debug_loclists
                0x000079ee     0x1408 C:/Users/jesse/AppData/Roaming/xPacks/@xpack-dev-tools/riscv-none-elf-gcc/14.2.0-3.1/.content/bin/../lib/gcc/riscv-none-elf/14.2.0/rv32im/ilp32\libgcc.a(divdf3.o)
 .debug_loclists
                0x00008df6       0x76 C:/Users/jesse/AppData/Roaming/xPacks/@xpack-dev-tools/riscv-none-elf-gcc/14.2.0-3.1/.content/bin/../lib/gcc/riscv-none-elf/14.2.0/rv32im/ilp32\libgcc.a(eqdf2.o)
 .debug_loclists
                0x00008e6c      0x1e6 C:/Users/jesse/AppData/Roaming/xPacks/@xpack-dev-tools/riscv-none-elf-gcc/14.2.0-3.1/.content/bin/../lib/gcc/riscv-none-elf/14.2.0/rv32im/ilp32\libgcc.a(gedf2.o)
 .debug_loclists
                0x00009052      0x1c7 C:/Users/jesse/AppData/Roaming/xPacks/@xpack-dev-tools/riscv-none-elf-gcc/14.2.0-3.1/.content/bin/../lib/gcc/riscv-none-elf/14.2.0/rv32im/ilp32\libgcc.a(ledf2.o)
 .debug_loclists
                0x00009219      0xba0 C:/Users/jesse/AppData/Roaming/xPacks/@xpack-dev-tools/riscv-none-elf-gcc/14.2.0-3.1/.content/bin/../lib/gcc/riscv-none-elf/14.2.0/rv32im/ilp32\libgcc.a(muldf3.o)
 .debug_loclists
                0x00009db9       0xcc C:/Users/jesse/AppData/Roaming/xPacks/@xpack-dev-tools/riscv-none-elf-gcc/14.2.0-3.1/.content/bin/../lib/gcc/riscv-none-elf/14.2.0/rv32im/ilp32\libgcc.a(fixdfsi.o)
 .debug_loclists
                0x00009e85       0x7c C:/Users/jesse/AppData/Roaming/xPacks/@xpack-dev-tools/riscv-none-elf-gcc/14.2.0-3.1/.content/bin/../lib/gcc/riscv-none-elf/14.2.0/rv32im/ilp32\libgcc.a(fixunsdfsi.o)
 .debug_loclists
                0x00009f01      0x160 C:/Users/jesse/AppData/Roaming/xPacks/@xpack-dev-tools/riscv-none-elf-gcc/14.2.0-3.1/.content/bin/../lib/gcc/riscv-none-elf/14.2.0/rv32im/ilp32\libgcc.a(floatunsidf.o)
 .debug_loclists
                0x0000a061      0x188 C:/Users/jesse/AppData/Roaming/xPacks/@xpack-dev-tools/riscv-none-elf-gcc/14.2.0-3.1/.content/bin/../lib/gcc/riscv-none-elf/14.2.0/rv32im/ilp32\libgcc.a(fixunsdfdi.o)
 .debug_loclists
                0x0000a1e9      0x219 C:/Users/jesse/AppData/Roaming/xPacks/@xpack-dev-tools/riscv-none-elf-gcc/14.2.0-3.1/.content/bin/../lib/gcc/riscv-none-elf/14.2.0/rv32im/ilp32\libgcc.a(floatundidf.o)
 .debug_loclists
                0x0000a402       0xc1 C:/Users/jesse/AppData/Roaming/xPacks/@xpack-dev-tools/riscv-none-elf-gcc/14.2.0-3.1/.content/bin/../lib/gcc/riscv-none-elf/14.2.0/rv32im/ilp32\libgcc.a(_clzsi2.o)
 .debug_loclists
                0x0000a4c3     0x1749 C:/Users/jesse/AppData/Roaming/xPacks/@xpack-dev-tools/riscv-none-elf-gcc/14.2.0-3.1/.content/bin/../lib/gcc/riscv-none-elf/14.2.0/rv32im/ilp32\libgcc.a(subdf3.o)

.debug_aranges  0x00000000      0x4f8
 .debug_aranges
                0x00000000       0x78 ./src/core_list_join.o
 .debug_aranges
                0x00000078       0x28 ./src/core_main.o
 .debug_aranges
                0x000000a0       0x60 ./src/core_matrix.o
 .debug_aranges
                0x00000100       0x50 ./src/core_portme.o
 .debug_aranges
                0x00000150       0x30 ./src/core_state.o
 .debug_aranges
                0x00000180       0x48 ./src/core_util.o
 .debug_aranges
                0x000001c8       0x40 ./src/cvt.o
 .debug_aranges
                0x00000208       0x30 ./src/ee_printf.o
 .debug_aranges
                0x00000238       0x20 ./lib/uart/uart1_init.o
 .debug_aranges
                0x00000258       0x20 ./lib/uart/uart1_printulonglong.o
 .debug_aranges
                0x00000278       0x20 ./lib/uart/uart1_putc.o
 .debug_aranges
                0x00000298       0x20 ./lib/uart/uart1_puts.o
 .debug_aranges
                0x000002b8       0x20 ./lib/syscalls/sys_exit.o
 .debug_aranges
                0x000002d8       0x20 ./lib/csr/csr_get_cycle.o
 .debug_aranges
                0x000002f8       0x20 ./lib/csr/csr_get_instret.o
 .debug_aranges
                0x00000318       0x28 ./crt/startup.o
 .debug_aranges
                0x00000340       0x20 C:/Users/jesse/AppData/Roaming/xPacks/@xpack-dev-tools/riscv-none-elf-gcc/14.2.0-3.1/.content/bin/../lib/gcc/riscv-none-elf/14.2.0/rv32im/ilp32\libgcc.a(adddf3.o)
 .debug_aranges
                0x00000360       0x20 C:/Users/jesse/AppData/Roaming/xPacks/@xpack-dev-tools/riscv-none-elf-gcc/14.2.0-3.1/.content/bin/../lib/gcc/riscv-none-elf/14.2.0/rv32im/ilp32\libgcc.a(divdf3.o)
 .debug_aranges
                0x00000380       0x20 C:/Users/jesse/AppData/Roaming/xPacks/@xpack-dev-tools/riscv-none-elf-gcc/14.2.0-3.1/.content/bin/../lib/gcc/riscv-none-elf/14.2.0/rv32im/ilp32\libgcc.a(eqdf2.o)
 .debug_aranges
                0x000003a0       0x20 C:/Users/jesse/AppData/Roaming/xPacks/@xpack-dev-tools/riscv-none-elf-gcc/14.2.0-3.1/.content/bin/../lib/gcc/riscv-none-elf/14.2.0/rv32im/ilp32\libgcc.a(gedf2.o)
 .debug_aranges
                0x000003c0       0x20 C:/Users/jesse/AppData/Roaming/xPacks/@xpack-dev-tools/riscv-none-elf-gcc/14.2.0-3.1/.content/bin/../lib/gcc/riscv-none-elf/14.2.0/rv32im/ilp32\libgcc.a(ledf2.o)
 .debug_aranges
                0x000003e0       0x20 C:/Users/jesse/AppData/Roaming/xPacks/@xpack-dev-tools/riscv-none-elf-gcc/14.2.0-3.1/.content/bin/../lib/gcc/riscv-none-elf/14.2.0/rv32im/ilp32\libgcc.a(muldf3.o)
 .debug_aranges
                0x00000400       0x20 C:/Users/jesse/AppData/Roaming/xPacks/@xpack-dev-tools/riscv-none-elf-gcc/14.2.0-3.1/.content/bin/../lib/gcc/riscv-none-elf/14.2.0/rv32im/ilp32\libgcc.a(fixdfsi.o)
 .debug_aranges
                0x00000420       0x20 C:/Users/jesse/AppData/Roaming/xPacks/@xpack-dev-tools/riscv-none-elf-gcc/14.2.0-3.1/.content/bin/../lib/gcc/riscv-none-elf/14.2.0/rv32im/ilp32\libgcc.a(fixunsdfsi.o)
 .debug_aranges
                0x00000440       0x20 C:/Users/jesse/AppData/Roaming/xPacks/@xpack-dev-tools/riscv-none-elf-gcc/14.2.0-3.1/.content/bin/../lib/gcc/riscv-none-elf/14.2.0/rv32im/ilp32\libgcc.a(floatunsidf.o)
 .debug_aranges
                0x00000460       0x20 C:/Users/jesse/AppData/Roaming/xPacks/@xpack-dev-tools/riscv-none-elf-gcc/14.2.0-3.1/.content/bin/../lib/gcc/riscv-none-elf/14.2.0/rv32im/ilp32\libgcc.a(fixunsdfdi.o)
 .debug_aranges
                0x00000480       0x20 C:/Users/jesse/AppData/Roaming/xPacks/@xpack-dev-tools/riscv-none-elf-gcc/14.2.0-3.1/.content/bin/../lib/gcc/riscv-none-elf/14.2.0/rv32im/ilp32\libgcc.a(floatundidf.o)
 .debug_aranges
                0x000004a0       0x18 C:/Users/jesse/AppData/Roaming/xPacks/@xpack-dev-tools/riscv-none-elf-gcc/14.2.0-3.1/.content/bin/../lib/gcc/riscv-none-elf/14.2.0/rv32im/ilp32\libgcc.a(_clz.o)
 .debug_aranges
                0x000004b8       0x20 C:/Users/jesse/AppData/Roaming/xPacks/@xpack-dev-tools/riscv-none-elf-gcc/14.2.0-3.1/.content/bin/../lib/gcc/riscv-none-elf/14.2.0/rv32im/ilp32\libgcc.a(_clzsi2.o)
 .debug_aranges
                0x000004d8       0x20 C:/Users/jesse/AppData/Roaming/xPacks/@xpack-dev-tools/riscv-none-elf-gcc/14.2.0-3.1/.content/bin/../lib/gcc/riscv-none-elf/14.2.0/rv32im/ilp32\libgcc.a(subdf3.o)

.debug_rnglists
                0x00000000     0x14aa
 .debug_rnglists
                0x00000000      0x1e8 ./src/core_list_join.o
 .debug_rnglists
                0x000001e8       0x5b ./src/core_main.o
 .debug_rnglists
                0x00000243      0x112 ./src/core_matrix.o
 .debug_rnglists
                0x00000355       0x69 ./src/core_portme.o
 .debug_rnglists
                0x000003be       0x73 ./src/core_state.o
 .debug_rnglists
                0x00000431      0x12d ./src/core_util.o
 .debug_rnglists
                0x0000055e       0x2c ./src/cvt.o
 .debug_rnglists
                0x0000058a      0x148 ./src/ee_printf.o
 .debug_rnglists
                0x000006d2       0x13 ./lib/uart/uart1_init.o
 .debug_rnglists
                0x000006e5       0x29 ./lib/uart/uart1_printulonglong.o
 .debug_rnglists
                0x0000070e       0x13 ./lib/uart/uart1_putc.o
 .debug_rnglists
                0x00000721       0x13 ./lib/uart/uart1_puts.o
 .debug_rnglists
                0x00000734       0x13 ./lib/syscalls/sys_exit.o
 .debug_rnglists
                0x00000747       0x13 ./lib/csr/csr_get_cycle.o
 .debug_rnglists
                0x0000075a       0x13 ./lib/csr/csr_get_instret.o
 .debug_rnglists
                0x0000076d       0x1a ./crt/startup.o
 .debug_rnglists
                0x00000787      0x36a C:/Users/jesse/AppData/Roaming/xPacks/@xpack-dev-tools/riscv-none-elf-gcc/14.2.0-3.1/.content/bin/../lib/gcc/riscv-none-elf/14.2.0/rv32im/ilp32\libgcc.a(adddf3.o)
 .debug_rnglists
                0x00000af1      0x1d7 C:/Users/jesse/AppData/Roaming/xPacks/@xpack-dev-tools/riscv-none-elf-gcc/14.2.0-3.1/.content/bin/../lib/gcc/riscv-none-elf/14.2.0/rv32im/ilp32\libgcc.a(divdf3.o)
 .debug_rnglists
                0x00000cc8       0x35 C:/Users/jesse/AppData/Roaming/xPacks/@xpack-dev-tools/riscv-none-elf-gcc/14.2.0-3.1/.content/bin/../lib/gcc/riscv-none-elf/14.2.0/rv32im/ilp32\libgcc.a(eqdf2.o)
 .debug_rnglists
                0x00000cfd       0x5a C:/Users/jesse/AppData/Roaming/xPacks/@xpack-dev-tools/riscv-none-elf-gcc/14.2.0-3.1/.content/bin/../lib/gcc/riscv-none-elf/14.2.0/rv32im/ilp32\libgcc.a(gedf2.o)
 .debug_rnglists
                0x00000d57       0x50 C:/Users/jesse/AppData/Roaming/xPacks/@xpack-dev-tools/riscv-none-elf-gcc/14.2.0-3.1/.content/bin/../lib/gcc/riscv-none-elf/14.2.0/rv32im/ilp32\libgcc.a(ledf2.o)
 .debug_rnglists
                0x00000da7      0x1b4 C:/Users/jesse/AppData/Roaming/xPacks/@xpack-dev-tools/riscv-none-elf-gcc/14.2.0-3.1/.content/bin/../lib/gcc/riscv-none-elf/14.2.0/rv32im/ilp32\libgcc.a(muldf3.o)
 .debug_rnglists
                0x00000f5b       0x2c C:/Users/jesse/AppData/Roaming/xPacks/@xpack-dev-tools/riscv-none-elf-gcc/14.2.0-3.1/.content/bin/../lib/gcc/riscv-none-elf/14.2.0/rv32im/ilp32\libgcc.a(fixdfsi.o)
 .debug_rnglists
                0x00000f87       0x22 C:/Users/jesse/AppData/Roaming/xPacks/@xpack-dev-tools/riscv-none-elf-gcc/14.2.0-3.1/.content/bin/../lib/gcc/riscv-none-elf/14.2.0/rv32im/ilp32\libgcc.a(fixunsdfsi.o)
 .debug_rnglists
                0x00000fa9       0x70 C:/Users/jesse/AppData/Roaming/xPacks/@xpack-dev-tools/riscv-none-elf-gcc/14.2.0-3.1/.content/bin/../lib/gcc/riscv-none-elf/14.2.0/rv32im/ilp32\libgcc.a(floatunsidf.o)
 .debug_rnglists
                0x00001019       0x2d C:/Users/jesse/AppData/Roaming/xPacks/@xpack-dev-tools/riscv-none-elf-gcc/14.2.0-3.1/.content/bin/../lib/gcc/riscv-none-elf/14.2.0/rv32im/ilp32\libgcc.a(fixunsdfdi.o)
 .debug_rnglists
                0x00001046       0xbe C:/Users/jesse/AppData/Roaming/xPacks/@xpack-dev-tools/riscv-none-elf-gcc/14.2.0-3.1/.content/bin/../lib/gcc/riscv-none-elf/14.2.0/rv32im/ilp32\libgcc.a(floatundidf.o)
 .debug_rnglists
                0x00001104       0x2a C:/Users/jesse/AppData/Roaming/xPacks/@xpack-dev-tools/riscv-none-elf-gcc/14.2.0-3.1/.content/bin/../lib/gcc/riscv-none-elf/14.2.0/rv32im/ilp32\libgcc.a(_clzsi2.o)
 .debug_rnglists
                0x0000112e      0x37c C:/Users/jesse/AppData/Roaming/xPacks/@xpack-dev-tools/riscv-none-elf-gcc/14.2.0-3.1/.content/bin/../lib/gcc/riscv-none-elf/14.2.0/rv32im/ilp32\libgcc.a(subdf3.o)

.debug_macro    0x00000000     0x5459
 .debug_macro   0x00000000      0x2f7 ./src/core_list_join.o
 .debug_macro   0x000002f7      0x7a2 ./src/core_list_join.o
 .debug_macro   0x00000a99       0x2e ./src/core_list_join.o
 .debug_macro   0x00000ac7       0x19 ./src/core_list_join.o
 .debug_macro   0x00000ae0       0x22 ./src/core_list_join.o
 .debug_macro   0x00000b02       0x68 ./src/core_list_join.o
 .debug_macro   0x00000b6a       0x94 ./src/core_list_join.o
 .debug_macro   0x00000bfe       0x3b ./src/core_list_join.o
 .debug_macro   0x00000c39       0x34 ./src/core_list_join.o
 .debug_macro   0x00000c6d       0x16 ./src/core_list_join.o
 .debug_macro   0x00000c83      0x11c ./src/core_list_join.o
 .debug_macro   0x00000d9f       0x9b ./src/core_list_join.o
 .debug_macro   0x00000e3a       0x57 ./src/core_list_join.o
 .debug_macro   0x00000e91      0x364 ./src/core_list_join.o
 .debug_macro   0x000011f5       0x16 ./src/core_list_join.o
 .debug_macro   0x0000120b       0x4a ./src/core_list_join.o
 .debug_macro   0x00001255       0x34 ./src/core_list_join.o
 .debug_macro   0x00001289       0x10 ./src/core_list_join.o
 .debug_macro   0x00001299       0x58 ./src/core_list_join.o
 .debug_macro   0x000012f1      0x1de ./src/core_list_join.o
 .debug_macro   0x000014cf       0x16 ./src/core_list_join.o
 .debug_macro   0x000014e5       0x29 ./src/core_list_join.o
 .debug_macro   0x0000150e      0x103 ./src/core_list_join.o
 .debug_macro   0x00001611       0x6a ./src/core_list_join.o
 .debug_macro   0x0000167b      0x1df ./src/core_list_join.o
 .debug_macro   0x0000185a      0x1ec ./src/core_list_join.o
 .debug_macro   0x00001a46       0x22 ./src/core_list_join.o
 .debug_macro   0x00001a68       0xdc ./src/core_list_join.o
 .debug_macro   0x00001b44       0x7c ./src/core_list_join.o
 .debug_macro   0x00001bc0       0x10 ./src/core_list_join.o
 .debug_macro   0x00001bd0      0x242 ./src/core_list_join.o
 .debug_macro   0x00001e12       0x1c ./src/core_list_join.o
 .debug_macro   0x00001e2e       0x3c ./src/core_list_join.o
 .debug_macro   0x00001e6a       0x10 ./src/core_list_join.o
 .debug_macro   0x00001e7a       0x1c ./src/core_list_join.o
 .debug_macro   0x00001e96       0x16 ./src/core_list_join.o
 .debug_macro   0x00001eac      0x170 ./src/core_list_join.o
 .debug_macro   0x0000201c       0x10 ./src/core_list_join.o
 .debug_macro   0x0000202c       0x1c ./src/core_list_join.o
 .debug_macro   0x00002048       0x52 ./src/core_list_join.o
 .debug_macro   0x0000209a       0x22 ./src/core_list_join.o
 .debug_macro   0x000020bc       0x10 ./src/core_list_join.o
 .debug_macro   0x000020cc       0x52 ./src/core_list_join.o
 .debug_macro   0x0000211e       0xc1 ./src/core_list_join.o
 .debug_macro   0x000021df       0x1c ./src/core_list_join.o
 .debug_macro   0x000021fb       0x3d ./src/core_list_join.o
 .debug_macro   0x00002238      0x18a ./src/core_list_join.o
 .debug_macro   0x000023c2       0x16 ./src/core_list_join.o
 .debug_macro   0x000023d8       0x16 ./src/core_list_join.o
 .debug_macro   0x000023ee       0x10 ./src/core_list_join.o
 .debug_macro   0x000023fe       0x10 ./src/core_list_join.o
 .debug_macro   0x0000240e       0x35 ./src/core_list_join.o
 .debug_macro   0x00002443      0x132 ./src/core_list_join.o
 .debug_macro   0x00002575       0xce ./src/core_list_join.o
 .debug_macro   0x00002643       0xed ./src/core_list_join.o
 .debug_macro   0x00002730       0x46 ./src/core_list_join.o
 .debug_macro   0x00002776       0x76 ./src/core_list_join.o
 .debug_macro   0x000027ec       0x64 ./src/core_list_join.o
 .debug_macro   0x00002850       0x1c ./src/core_list_join.o
 .debug_macro   0x0000286c       0x28 ./src/core_list_join.o
 .debug_macro   0x00002894       0x28 ./src/core_list_join.o
 .debug_macro   0x000028bc       0x91 ./src/core_list_join.o
 .debug_macro   0x0000294d       0x34 ./src/core_list_join.o
 .debug_macro   0x00002981      0x2fd ./src/core_main.o
 .debug_macro   0x00002c7e      0x30f ./src/core_matrix.o
 .debug_macro   0x00002f8d      0x31b ./src/core_portme.o
 .debug_macro   0x000032a8      0x2f7 ./src/core_state.o
 .debug_macro   0x0000359f      0x2f7 ./src/core_util.o
 .debug_macro   0x00003896       0xd9 ./src/cvt.o
 .debug_macro   0x0000396f      0x190 ./src/cvt.o
 .debug_macro   0x00003aff      0x19b ./src/cvt.o
 .debug_macro   0x00003c9a      0x330 ./src/ee_printf.o
 .debug_macro   0x00003fca       0x4c ./src/ee_printf.o
 .debug_macro   0x00004016      0x2c4 ./lib/uart/uart1_init.o
 .debug_macro   0x000042da      0x2b8 ./lib/uart/uart1_printulonglong.o
 .debug_macro   0x00004592      0x2e9 ./lib/uart/uart1_putc.o
 .debug_macro   0x0000487b      0x2e9 ./lib/uart/uart1_puts.o
 .debug_macro   0x00004b64       0x11 ./lib/syscalls/sys_exit.o
 .debug_macro   0x00004b75       0x63 ./lib/csr/csr_get_cycle.o
 .debug_macro   0x00004bd8       0x63 ./lib/csr/csr_get_instret.o
 .debug_macro   0x00004c3b      0x20f ./crt/startup.o
 .debug_macro   0x00004e4a       0x10 ./crt/startup.o
 .debug_macro   0x00004e5a       0x16 ./crt/startup.o
 .debug_macro   0x00004e70       0xcf ./crt/startup.o
 .debug_macro   0x00004f3f      0x51a ./crt/startup.o

.debug_line     0x00000000    0x14b3a
 .debug_line    0x00000000     0x27ca ./src/core_list_join.o
 .debug_line    0x000027ca     0x1566 ./src/core_main.o
 .debug_line    0x00003d30     0x1728 ./src/core_matrix.o
 .debug_line    0x00005458      0x554 ./src/core_portme.o
 .debug_line    0x000059ac     0x1351 ./src/core_state.o
 .debug_line    0x00006cfd     0x1b34 ./src/core_util.o
 .debug_line    0x00008831      0xa12 ./src/cvt.o
 .debug_line    0x00009243     0x2b42 ./src/ee_printf.o
 .debug_line    0x0000bd85      0x211 ./lib/uart/uart1_init.o
 .debug_line    0x0000bf96      0x251 ./lib/uart/uart1_printulonglong.o
 .debug_line    0x0000c1e7      0x1ef ./lib/uart/uart1_putc.o
 .debug_line    0x0000c3d6      0x1fb ./lib/uart/uart1_puts.o
 .debug_line    0x0000c5d1       0x5a ./lib/syscalls/sys_exit.o
 .debug_line    0x0000c62b       0xb4 ./lib/csr/csr_get_cycle.o
 .debug_line    0x0000c6df       0xb2 ./lib/csr/csr_get_instret.o
 .debug_line    0x0000c791      0x1b3 ./crt/startup.o
 .debug_line    0x0000c944     0x2031 C:/Users/jesse/AppData/Roaming/xPacks/@xpack-dev-tools/riscv-none-elf-gcc/14.2.0-3.1/.content/bin/../lib/gcc/riscv-none-elf/14.2.0/rv32im/ilp32\libgcc.a(adddf3.o)
 .debug_line    0x0000e975     0x14f0 C:/Users/jesse/AppData/Roaming/xPacks/@xpack-dev-tools/riscv-none-elf-gcc/14.2.0-3.1/.content/bin/../lib/gcc/riscv-none-elf/14.2.0/rv32im/ilp32\libgcc.a(divdf3.o)
 .debug_line    0x0000fe65      0x253 C:/Users/jesse/AppData/Roaming/xPacks/@xpack-dev-tools/riscv-none-elf-gcc/14.2.0-3.1/.content/bin/../lib/gcc/riscv-none-elf/14.2.0/rv32im/ilp32\libgcc.a(eqdf2.o)
 .debug_line    0x000100b8      0x43c C:/Users/jesse/AppData/Roaming/xPacks/@xpack-dev-tools/riscv-none-elf-gcc/14.2.0-3.1/.content/bin/../lib/gcc/riscv-none-elf/14.2.0/rv32im/ilp32\libgcc.a(gedf2.o)
 .debug_line    0x000104f4      0x45a C:/Users/jesse/AppData/Roaming/xPacks/@xpack-dev-tools/riscv-none-elf-gcc/14.2.0-3.1/.content/bin/../lib/gcc/riscv-none-elf/14.2.0/rv32im/ilp32\libgcc.a(ledf2.o)
 .debug_line    0x0001094e     0x1244 C:/Users/jesse/AppData/Roaming/xPacks/@xpack-dev-tools/riscv-none-elf-gcc/14.2.0-3.1/.content/bin/../lib/gcc/riscv-none-elf/14.2.0/rv32im/ilp32\libgcc.a(muldf3.o)
 .debug_line    0x00011b92      0x1f0 C:/Users/jesse/AppData/Roaming/xPacks/@xpack-dev-tools/riscv-none-elf-gcc/14.2.0-3.1/.content/bin/../lib/gcc/riscv-none-elf/14.2.0/rv32im/ilp32\libgcc.a(fixdfsi.o)
 .debug_line    0x00011d82      0x1aa C:/Users/jesse/AppData/Roaming/xPacks/@xpack-dev-tools/riscv-none-elf-gcc/14.2.0-3.1/.content/bin/../lib/gcc/riscv-none-elf/14.2.0/rv32im/ilp32\libgcc.a(fixunsdfsi.o)
 .debug_line    0x00011f2c      0x239 C:/Users/jesse/AppData/Roaming/xPacks/@xpack-dev-tools/riscv-none-elf-gcc/14.2.0-3.1/.content/bin/../lib/gcc/riscv-none-elf/14.2.0/rv32im/ilp32\libgcc.a(floatunsidf.o)
 .debug_line    0x00012165      0x229 C:/Users/jesse/AppData/Roaming/xPacks/@xpack-dev-tools/riscv-none-elf-gcc/14.2.0-3.1/.content/bin/../lib/gcc/riscv-none-elf/14.2.0/rv32im/ilp32\libgcc.a(fixunsdfdi.o)
 .debug_line    0x0001238e      0x522 C:/Users/jesse/AppData/Roaming/xPacks/@xpack-dev-tools/riscv-none-elf-gcc/14.2.0-3.1/.content/bin/../lib/gcc/riscv-none-elf/14.2.0/rv32im/ilp32\libgcc.a(floatundidf.o)
 .debug_line    0x000128b0       0x3f C:/Users/jesse/AppData/Roaming/xPacks/@xpack-dev-tools/riscv-none-elf-gcc/14.2.0-3.1/.content/bin/../lib/gcc/riscv-none-elf/14.2.0/rv32im/ilp32\libgcc.a(_clz.o)
 .debug_line    0x000128ef      0x11d C:/Users/jesse/AppData/Roaming/xPacks/@xpack-dev-tools/riscv-none-elf-gcc/14.2.0-3.1/.content/bin/../lib/gcc/riscv-none-elf/14.2.0/rv32im/ilp32\libgcc.a(_clzsi2.o)
 .debug_line    0x00012a0c     0x212e C:/Users/jesse/AppData/Roaming/xPacks/@xpack-dev-tools/riscv-none-elf-gcc/14.2.0-3.1/.content/bin/../lib/gcc/riscv-none-elf/14.2.0/rv32im/ilp32\libgcc.a(subdf3.o)

.debug_str      0x00000000     0xe2c3
 .debug_str     0x00000000     0xe2c3 ./src/core_list_join.o
                               0xb4ca (size before relaxing)
 .debug_str     0x0000e2c3     0xb4be ./src/core_main.o
 .debug_str     0x0000e2c3     0xb37b ./src/core_matrix.o
 .debug_str     0x0000e2c3     0xb46e ./src/core_portme.o
 .debug_str     0x0000e2c3     0xb33e ./src/core_state.o
 .debug_str     0x0000e2c3     0xb280 ./src/core_util.o
 .debug_str     0x0000e2c3     0x61b5 ./src/cvt.o
 .debug_str     0x0000e2c3     0xb4b3 ./src/ee_printf.o
 .debug_str     0x0000e2c3     0xae43 ./lib/uart/uart1_init.o
 .debug_str     0x0000e2c3     0xae07 ./lib/uart/uart1_printulonglong.o
 .debug_str     0x0000e2c3     0xb690 ./lib/uart/uart1_putc.o
 .debug_str     0x0000e2c3     0xb653 ./lib/uart/uart1_puts.o
 .debug_str     0x0000e2c3     0x274f ./lib/syscalls/sys_exit.o
 .debug_str     0x0000e2c3     0x3699 ./lib/csr/csr_get_cycle.o
 .debug_str     0x0000e2c3     0x369b ./lib/csr/csr_get_instret.o
 .debug_str     0x0000e2c3     0x7faa ./crt/startup.o
 .debug_str     0x0000e2c3      0x2bd C:/Users/jesse/AppData/Roaming/xPacks/@xpack-dev-tools/riscv-none-elf-gcc/14.2.0-3.1/.content/bin/../lib/gcc/riscv-none-elf/14.2.0/rv32im/ilp32\libgcc.a(adddf3.o)
 .debug_str     0x0000e2c3      0x37f C:/Users/jesse/AppData/Roaming/xPacks/@xpack-dev-tools/riscv-none-elf-gcc/14.2.0-3.1/.content/bin/../lib/gcc/riscv-none-elf/14.2.0/rv32im/ilp32\libgcc.a(divdf3.o)
 .debug_str     0x0000e2c3      0x1cf C:/Users/jesse/AppData/Roaming/xPacks/@xpack-dev-tools/riscv-none-elf-gcc/14.2.0-3.1/.content/bin/../lib/gcc/riscv-none-elf/14.2.0/rv32im/ilp32\libgcc.a(eqdf2.o)
 .debug_str     0x0000e2c3      0x1f3 C:/Users/jesse/AppData/Roaming/xPacks/@xpack-dev-tools/riscv-none-elf-gcc/14.2.0-3.1/.content/bin/../lib/gcc/riscv-none-elf/14.2.0/rv32im/ilp32\libgcc.a(gedf2.o)
 .debug_str     0x0000e2c3      0x1f3 C:/Users/jesse/AppData/Roaming/xPacks/@xpack-dev-tools/riscv-none-elf-gcc/14.2.0-3.1/.content/bin/../lib/gcc/riscv-none-elf/14.2.0/rv32im/ilp32\libgcc.a(ledf2.o)
 .debug_str     0x0000e2c3      0x3d7 C:/Users/jesse/AppData/Roaming/xPacks/@xpack-dev-tools/riscv-none-elf-gcc/14.2.0-3.1/.content/bin/../lib/gcc/riscv-none-elf/14.2.0/rv32im/ilp32\libgcc.a(muldf3.o)
 .debug_str     0x0000e2c3      0x1ca C:/Users/jesse/AppData/Roaming/xPacks/@xpack-dev-tools/riscv-none-elf-gcc/14.2.0-3.1/.content/bin/../lib/gcc/riscv-none-elf/14.2.0/rv32im/ilp32\libgcc.a(fixdfsi.o)
 .debug_str     0x0000e2c3      0x1c6 C:/Users/jesse/AppData/Roaming/xPacks/@xpack-dev-tools/riscv-none-elf-gcc/14.2.0-3.1/.content/bin/../lib/gcc/riscv-none-elf/14.2.0/rv32im/ilp32\libgcc.a(fixunsdfsi.o)
 .debug_str     0x0000e2c3      0x262 C:/Users/jesse/AppData/Roaming/xPacks/@xpack-dev-tools/riscv-none-elf-gcc/14.2.0-3.1/.content/bin/../lib/gcc/riscv-none-elf/14.2.0/rv32im/ilp32\libgcc.a(floatunsidf.o)
 .debug_str     0x0000e2c3      0x1c6 C:/Users/jesse/AppData/Roaming/xPacks/@xpack-dev-tools/riscv-none-elf-gcc/14.2.0-3.1/.content/bin/../lib/gcc/riscv-none-elf/14.2.0/rv32im/ilp32\libgcc.a(fixunsdfdi.o)
 .debug_str     0x0000e2c3      0x26c C:/Users/jesse/AppData/Roaming/xPacks/@xpack-dev-tools/riscv-none-elf-gcc/14.2.0-3.1/.content/bin/../lib/gcc/riscv-none-elf/14.2.0/rv32im/ilp32\libgcc.a(floatundidf.o)
 .debug_str     0x0000e2c3      0x1d0 C:/Users/jesse/AppData/Roaming/xPacks/@xpack-dev-tools/riscv-none-elf-gcc/14.2.0-3.1/.content/bin/../lib/gcc/riscv-none-elf/14.2.0/rv32im/ilp32\libgcc.a(_clz.o)
 .debug_str     0x0000e2c3      0x1ed C:/Users/jesse/AppData/Roaming/xPacks/@xpack-dev-tools/riscv-none-elf-gcc/14.2.0-3.1/.content/bin/../lib/gcc/riscv-none-elf/14.2.0/rv32im/ilp32\libgcc.a(_clzsi2.o)
 .debug_str     0x0000e2c3      0x2bd C:/Users/jesse/AppData/Roaming/xPacks/@xpack-dev-tools/riscv-none-elf-gcc/14.2.0-3.1/.content/bin/../lib/gcc/riscv-none-elf/14.2.0/rv32im/ilp32\libgcc.a(subdf3.o)

.debug_line_str
                0x00000000      0xe2b
 .debug_line_str
                0x00000000      0xe2b ./src/core_list_join.o
                                0x519 (size before relaxing)
 .debug_line_str
                0x00000e2b      0x50a ./src/core_main.o
 .debug_line_str
                0x00000e2b      0x510 ./src/core_matrix.o
 .debug_line_str
                0x00000e2b      0x510 ./src/core_portme.o
 .debug_line_str
                0x00000e2b      0x518 ./src/core_state.o
 .debug_line_str
                0x00000e2b      0x50a ./src/core_util.o
 .debug_line_str
                0x00000e2b      0x319 ./src/cvt.o
 .debug_line_str
                0x00000e2b      0x515 ./src/ee_printf.o
 .debug_line_str
                0x00000e2b      0x4e3 ./lib/uart/uart1_init.o
 .debug_line_str
                0x00000e2b      0x501 ./lib/uart/uart1_printulonglong.o
 .debug_line_str
                0x00000e2b      0x507 ./lib/uart/uart1_putc.o
 .debug_line_str
                0x00000e2b      0x507 ./lib/uart/uart1_puts.o
 .debug_line_str
                0x00000e2b       0xc1 ./lib/syscalls/sys_exit.o
 .debug_line_str
                0x00000e2b      0x309 ./lib/csr/csr_get_cycle.o
 .debug_line_str
                0x00000e2b      0x30f ./lib/csr/csr_get_instret.o
 .debug_line_str
                0x00000e2b      0x412 ./crt/startup.o
 .debug_line_str
                0x00000e2b      0x272 C:/Users/jesse/AppData/Roaming/xPacks/@xpack-dev-tools/riscv-none-elf-gcc/14.2.0-3.1/.content/bin/../lib/gcc/riscv-none-elf/14.2.0/rv32im/ilp32\libgcc.a(adddf3.o)
 .debug_line_str
                0x00000e2b      0x27c C:/Users/jesse/AppData/Roaming/xPacks/@xpack-dev-tools/riscv-none-elf-gcc/14.2.0-3.1/.content/bin/../lib/gcc/riscv-none-elf/14.2.0/rv32im/ilp32\libgcc.a(divdf3.o)
 .debug_line_str
                0x00000e2b      0x27f C:/Users/jesse/AppData/Roaming/xPacks/@xpack-dev-tools/riscv-none-elf-gcc/14.2.0-3.1/.content/bin/../lib/gcc/riscv-none-elf/14.2.0/rv32im/ilp32\libgcc.a(eqdf2.o)
 .debug_line_str
                0x00000e2b      0x27f C:/Users/jesse/AppData/Roaming/xPacks/@xpack-dev-tools/riscv-none-elf-gcc/14.2.0-3.1/.content/bin/../lib/gcc/riscv-none-elf/14.2.0/rv32im/ilp32\libgcc.a(gedf2.o)
 .debug_line_str
                0x00000e2b      0x27f C:/Users/jesse/AppData/Roaming/xPacks/@xpack-dev-tools/riscv-none-elf-gcc/14.2.0-3.1/.content/bin/../lib/gcc/riscv-none-elf/14.2.0/rv32im/ilp32\libgcc.a(ledf2.o)
 .debug_line_str
                0x00000e2b      0x27c C:/Users/jesse/AppData/Roaming/xPacks/@xpack-dev-tools/riscv-none-elf-gcc/14.2.0-3.1/.content/bin/../lib/gcc/riscv-none-elf/14.2.0/rv32im/ilp32\libgcc.a(muldf3.o)
 .debug_line_str
                0x00000e2b      0x27f C:/Users/jesse/AppData/Roaming/xPacks/@xpack-dev-tools/riscv-none-elf-gcc/14.2.0-3.1/.content/bin/../lib/gcc/riscv-none-elf/14.2.0/rv32im/ilp32\libgcc.a(fixdfsi.o)
 .debug_line_str
                0x00000e2b      0x288 C:/Users/jesse/AppData/Roaming/xPacks/@xpack-dev-tools/riscv-none-elf-gcc/14.2.0-3.1/.content/bin/../lib/gcc/riscv-none-elf/14.2.0/rv32im/ilp32\libgcc.a(fixunsdfsi.o)
 .debug_line_str
                0x00000e2b      0x28b C:/Users/jesse/AppData/Roaming/xPacks/@xpack-dev-tools/riscv-none-elf-gcc/14.2.0-3.1/.content/bin/../lib/gcc/riscv-none-elf/14.2.0/rv32im/ilp32\libgcc.a(floatunsidf.o)
 .debug_line_str
                0x00000e2b      0x288 C:/Users/jesse/AppData/Roaming/xPacks/@xpack-dev-tools/riscv-none-elf-gcc/14.2.0-3.1/.content/bin/../lib/gcc/riscv-none-elf/14.2.0/rv32im/ilp32\libgcc.a(fixunsdfdi.o)
 .debug_line_str
                0x00000e2b      0x28b C:/Users/jesse/AppData/Roaming/xPacks/@xpack-dev-tools/riscv-none-elf-gcc/14.2.0-3.1/.content/bin/../lib/gcc/riscv-none-elf/14.2.0/rv32im/ilp32\libgcc.a(floatundidf.o)
 .debug_line_str
                0x00000e2b      0x266 C:/Users/jesse/AppData/Roaming/xPacks/@xpack-dev-tools/riscv-none-elf-gcc/14.2.0-3.1/.content/bin/../lib/gcc/riscv-none-elf/14.2.0/rv32im/ilp32\libgcc.a(_clz.o)
 .debug_line_str
                0x00000e2b      0x266 C:/Users/jesse/AppData/Roaming/xPacks/@xpack-dev-tools/riscv-none-elf-gcc/14.2.0-3.1/.content/bin/../lib/gcc/riscv-none-elf/14.2.0/rv32im/ilp32\libgcc.a(_clzsi2.o)
 .debug_line_str
                0x00000e2b      0x272 C:/Users/jesse/AppData/Roaming/xPacks/@xpack-dev-tools/riscv-none-elf-gcc/14.2.0-3.1/.content/bin/../lib/gcc/riscv-none-elf/14.2.0/rv32im/ilp32\libgcc.a(subdf3.o)

.comment        0x00000000       0x33
 .comment       0x00000000       0x33 ./src/core_list_join.o
                                 0x34 (size before relaxing)
 .comment       0x00000033       0x34 ./src/core_main.o
 .comment       0x00000033       0x34 ./src/core_matrix.o
 .comment       0x00000033       0x34 ./src/core_portme.o
 .comment       0x00000033       0x34 ./src/core_state.o
 .comment       0x00000033       0x34 ./src/core_util.o
 .comment       0x00000033       0x34 ./src/cvt.o
 .comment       0x00000033       0x34 ./src/ee_printf.o
 .comment       0x00000033       0x34 ./lib/uart/uart1_init.o
 .comment       0x00000033       0x34 ./lib/uart/uart1_printulonglong.o
 .comment       0x00000033       0x34 ./lib/uart/uart1_putc.o
 .comment       0x00000033       0x34 ./lib/uart/uart1_puts.o
 .comment       0x00000033       0x34 ./lib/syscalls/sys_exit.o
 .comment       0x00000033       0x34 ./lib/csr/csr_get_cycle.o
 .comment       0x00000033       0x34 ./lib/csr/csr_get_instret.o
 .comment       0x00000033       0x34 ./crt/startup.o
 .comment       0x00000033       0x34 C:/Users/jesse/AppData/Roaming/xPacks/@xpack-dev-tools/riscv-none-elf-gcc/14.2.0-3.1/.content/bin/../lib/gcc/riscv-none-elf/14.2.0/rv32im/ilp32\libgcc.a(adddf3.o)
 .comment       0x00000033       0x34 C:/Users/jesse/AppData/Roaming/xPacks/@xpack-dev-tools/riscv-none-elf-gcc/14.2.0-3.1/.content/bin/../lib/gcc/riscv-none-elf/14.2.0/rv32im/ilp32\libgcc.a(divdf3.o)
 .comment       0x00000033       0x34 C:/Users/jesse/AppData/Roaming/xPacks/@xpack-dev-tools/riscv-none-elf-gcc/14.2.0-3.1/.content/bin/../lib/gcc/riscv-none-elf/14.2.0/rv32im/ilp32\libgcc.a(eqdf2.o)
 .comment       0x00000033       0x34 C:/Users/jesse/AppData/Roaming/xPacks/@xpack-dev-tools/riscv-none-elf-gcc/14.2.0-3.1/.content/bin/../lib/gcc/riscv-none-elf/14.2.0/rv32im/ilp32\libgcc.a(gedf2.o)
 .comment       0x00000033       0x34 C:/Users/jesse/AppData/Roaming/xPacks/@xpack-dev-tools/riscv-none-elf-gcc/14.2.0-3.1/.content/bin/../lib/gcc/riscv-none-elf/14.2.0/rv32im/ilp32\libgcc.a(ledf2.o)
 .comment       0x00000033       0x34 C:/Users/jesse/AppData/Roaming/xPacks/@xpack-dev-tools/riscv-none-elf-gcc/14.2.0-3.1/.content/bin/../lib/gcc/riscv-none-elf/14.2.0/rv32im/ilp32\libgcc.a(muldf3.o)
 .comment       0x00000033       0x34 C:/Users/jesse/AppData/Roaming/xPacks/@xpack-dev-tools/riscv-none-elf-gcc/14.2.0-3.1/.content/bin/../lib/gcc/riscv-none-elf/14.2.0/rv32im/ilp32\libgcc.a(fixdfsi.o)
 .comment       0x00000033       0x34 C:/Users/jesse/AppData/Roaming/xPacks/@xpack-dev-tools/riscv-none-elf-gcc/14.2.0-3.1/.content/bin/../lib/gcc/riscv-none-elf/14.2.0/rv32im/ilp32\libgcc.a(fixunsdfsi.o)
 .comment       0x00000033       0x34 C:/Users/jesse/AppData/Roaming/xPacks/@xpack-dev-tools/riscv-none-elf-gcc/14.2.0-3.1/.content/bin/../lib/gcc/riscv-none-elf/14.2.0/rv32im/ilp32\libgcc.a(floatunsidf.o)
 .comment       0x00000033       0x34 C:/Users/jesse/AppData/Roaming/xPacks/@xpack-dev-tools/riscv-none-elf-gcc/14.2.0-3.1/.content/bin/../lib/gcc/riscv-none-elf/14.2.0/rv32im/ilp32\libgcc.a(fixunsdfdi.o)
 .comment       0x00000033       0x34 C:/Users/jesse/AppData/Roaming/xPacks/@xpack-dev-tools/riscv-none-elf-gcc/14.2.0-3.1/.content/bin/../lib/gcc/riscv-none-elf/14.2.0/rv32im/ilp32\libgcc.a(floatundidf.o)
 .comment       0x00000033       0x34 C:/Users/jesse/AppData/Roaming/xPacks/@xpack-dev-tools/riscv-none-elf-gcc/14.2.0-3.1/.content/bin/../lib/gcc/riscv-none-elf/14.2.0/rv32im/ilp32\libgcc.a(_clz.o)
 .comment       0x00000033       0x34 C:/Users/jesse/AppData/Roaming/xPacks/@xpack-dev-tools/riscv-none-elf-gcc/14.2.0-3.1/.content/bin/../lib/gcc/riscv-none-elf/14.2.0/rv32im/ilp32\libgcc.a(_clzsi2.o)
 .comment       0x00000033       0x34 C:/Users/jesse/AppData/Roaming/xPacks/@xpack-dev-tools/riscv-none-elf-gcc/14.2.0-3.1/.content/bin/../lib/gcc/riscv-none-elf/14.2.0/../../../../riscv-none-elf/lib/rv32im/ilp32\libg_nano.a(libc_a-exit.o)
 .comment       0x00000033       0x34 C:/Users/jesse/AppData/Roaming/xPacks/@xpack-dev-tools/riscv-none-elf-gcc/14.2.0-3.1/.content/bin/../lib/gcc/riscv-none-elf/14.2.0/../../../../riscv-none-elf/lib/rv32im/ilp32\libg_nano.a(libc_a-findfp.o)
 .comment       0x00000033       0x34 C:/Users/jesse/AppData/Roaming/xPacks/@xpack-dev-tools/riscv-none-elf-gcc/14.2.0-3.1/.content/bin/../lib/gcc/riscv-none-elf/14.2.0/../../../../riscv-none-elf/lib/rv32im/ilp32\libg_nano.a(libc_a-init.o)
 .comment       0x00000033       0x34 C:/Users/jesse/AppData/Roaming/xPacks/@xpack-dev-tools/riscv-none-elf-gcc/14.2.0-3.1/.content/bin/../lib/gcc/riscv-none-elf/14.2.0/../../../../riscv-none-elf/lib/rv32im/ilp32\libg_nano.a(libm_a-s_modf.o)
 .comment       0x00000033       0x34 C:/Users/jesse/AppData/Roaming/xPacks/@xpack-dev-tools/riscv-none-elf-gcc/14.2.0-3.1/.content/bin/../lib/gcc/riscv-none-elf/14.2.0/../../../../riscv-none-elf/lib/rv32im/ilp32\libg_nano.a(libm_a-s_fpclassify.o)
 .comment       0x00000033       0x34 C:/Users/jesse/AppData/Roaming/xPacks/@xpack-dev-tools/riscv-none-elf-gcc/14.2.0-3.1/.content/bin/../lib/gcc/riscv-none-elf/14.2.0/rv32im/ilp32\libgcc.a(subdf3.o)

.note.GNU-stack
                0x00000000        0x0
 .note.GNU-stack
                0x00000000        0x0 ./src/core_list_join.o
 .note.GNU-stack
                0x00000000        0x0 ./src/core_main.o
 .note.GNU-stack
                0x00000000        0x0 ./src/core_matrix.o
 .note.GNU-stack
                0x00000000        0x0 ./src/core_portme.o
 .note.GNU-stack
                0x00000000        0x0 ./src/core_state.o
 .note.GNU-stack
                0x00000000        0x0 ./src/core_util.o
 .note.GNU-stack
                0x00000000        0x0 ./src/cvt.o
 .note.GNU-stack
                0x00000000        0x0 ./src/ee_printf.o
 .note.GNU-stack
                0x00000000        0x0 ./lib/uart/uart1_init.o
 .note.GNU-stack
                0x00000000        0x0 ./lib/uart/uart1_printulonglong.o
 .note.GNU-stack
                0x00000000        0x0 ./lib/uart/uart1_putc.o
 .note.GNU-stack
                0x00000000        0x0 ./lib/uart/uart1_puts.o
 .note.GNU-stack
                0x00000000        0x0 ./lib/syscalls/sys_exit.o
 .note.GNU-stack
                0x00000000        0x0 ./lib/csr/csr_get_cycle.o
 .note.GNU-stack
                0x00000000        0x0 ./lib/csr/csr_get_instret.o
 .note.GNU-stack
                0x00000000        0x0 ./crt/startup.o
 .note.GNU-stack
                0x00000000        0x0 C:/Users/jesse/AppData/Roaming/xPacks/@xpack-dev-tools/riscv-none-elf-gcc/14.2.0-3.1/.content/bin/../lib/gcc/riscv-none-elf/14.2.0/rv32im/ilp32\libgcc.a(adddf3.o)
 .note.GNU-stack
                0x00000000        0x0 C:/Users/jesse/AppData/Roaming/xPacks/@xpack-dev-tools/riscv-none-elf-gcc/14.2.0-3.1/.content/bin/../lib/gcc/riscv-none-elf/14.2.0/rv32im/ilp32\libgcc.a(divdf3.o)
 .note.GNU-stack
                0x00000000        0x0 C:/Users/jesse/AppData/Roaming/xPacks/@xpack-dev-tools/riscv-none-elf-gcc/14.2.0-3.1/.content/bin/../lib/gcc/riscv-none-elf/14.2.0/rv32im/ilp32\libgcc.a(eqdf2.o)
 .note.GNU-stack
                0x00000000        0x0 C:/Users/jesse/AppData/Roaming/xPacks/@xpack-dev-tools/riscv-none-elf-gcc/14.2.0-3.1/.content/bin/../lib/gcc/riscv-none-elf/14.2.0/rv32im/ilp32\libgcc.a(gedf2.o)
 .note.GNU-stack
                0x00000000        0x0 C:/Users/jesse/AppData/Roaming/xPacks/@xpack-dev-tools/riscv-none-elf-gcc/14.2.0-3.1/.content/bin/../lib/gcc/riscv-none-elf/14.2.0/rv32im/ilp32\libgcc.a(ledf2.o)
 .note.GNU-stack
                0x00000000        0x0 C:/Users/jesse/AppData/Roaming/xPacks/@xpack-dev-tools/riscv-none-elf-gcc/14.2.0-3.1/.content/bin/../lib/gcc/riscv-none-elf/14.2.0/rv32im/ilp32\libgcc.a(muldf3.o)
 .note.GNU-stack
                0x00000000        0x0 C:/Users/jesse/AppData/Roaming/xPacks/@xpack-dev-tools/riscv-none-elf-gcc/14.2.0-3.1/.content/bin/../lib/gcc/riscv-none-elf/14.2.0/rv32im/ilp32\libgcc.a(fixdfsi.o)
 .note.GNU-stack
                0x00000000        0x0 C:/Users/jesse/AppData/Roaming/xPacks/@xpack-dev-tools/riscv-none-elf-gcc/14.2.0-3.1/.content/bin/../lib/gcc/riscv-none-elf/14.2.0/rv32im/ilp32\libgcc.a(fixunsdfsi.o)
 .note.GNU-stack
                0x00000000        0x0 C:/Users/jesse/AppData/Roaming/xPacks/@xpack-dev-tools/riscv-none-elf-gcc/14.2.0-3.1/.content/bin/../lib/gcc/riscv-none-elf/14.2.0/rv32im/ilp32\libgcc.a(floatunsidf.o)
 .note.GNU-stack
                0x00000000        0x0 C:/Users/jesse/AppData/Roaming/xPacks/@xpack-dev-tools/riscv-none-elf-gcc/14.2.0-3.1/.content/bin/../lib/gcc/riscv-none-elf/14.2.0/rv32im/ilp32\libgcc.a(fixunsdfdi.o)
 .note.GNU-stack
                0x00000000        0x0 C:/Users/jesse/AppData/Roaming/xPacks/@xpack-dev-tools/riscv-none-elf-gcc/14.2.0-3.1/.content/bin/../lib/gcc/riscv-none-elf/14.2.0/rv32im/ilp32\libgcc.a(floatundidf.o)
 .note.GNU-stack
                0x00000000        0x0 C:/Users/jesse/AppData/Roaming/xPacks/@xpack-dev-tools/riscv-none-elf-gcc/14.2.0-3.1/.content/bin/../lib/gcc/riscv-none-elf/14.2.0/rv32im/ilp32\libgcc.a(_clz.o)
 .note.GNU-stack
                0x00000000        0x0 C:/Users/jesse/AppData/Roaming/xPacks/@xpack-dev-tools/riscv-none-elf-gcc/14.2.0-3.1/.content/bin/../lib/gcc/riscv-none-elf/14.2.0/rv32im/ilp32\libgcc.a(_clzsi2.o)
 .note.GNU-stack
                0x00000000        0x0 C:/Users/jesse/AppData/Roaming/xPacks/@xpack-dev-tools/riscv-none-elf-gcc/14.2.0-3.1/.content/bin/../lib/gcc/riscv-none-elf/14.2.0/../../../../riscv-none-elf/lib/rv32im/ilp32\libg_nano.a(libc_a-exit.o)
 .note.GNU-stack
                0x00000000        0x0 C:/Users/jesse/AppData/Roaming/xPacks/@xpack-dev-tools/riscv-none-elf-gcc/14.2.0-3.1/.content/bin/../lib/gcc/riscv-none-elf/14.2.0/../../../../riscv-none-elf/lib/rv32im/ilp32\libg_nano.a(libc_a-findfp.o)
 .note.GNU-stack
                0x00000000        0x0 C:/Users/jesse/AppData/Roaming/xPacks/@xpack-dev-tools/riscv-none-elf-gcc/14.2.0-3.1/.content/bin/../lib/gcc/riscv-none-elf/14.2.0/../../../../riscv-none-elf/lib/rv32im/ilp32\libg_nano.a(libc_a-init.o)
 .note.GNU-stack
                0x00000000        0x0 C:/Users/jesse/AppData/Roaming/xPacks/@xpack-dev-tools/riscv-none-elf-gcc/14.2.0-3.1/.content/bin/../lib/gcc/riscv-none-elf/14.2.0/../../../../riscv-none-elf/lib/rv32im/ilp32\libg_nano.a(libm_a-s_modf.o)
 .note.GNU-stack
                0x00000000        0x0 C:/Users/jesse/AppData/Roaming/xPacks/@xpack-dev-tools/riscv-none-elf-gcc/14.2.0-3.1/.content/bin/../lib/gcc/riscv-none-elf/14.2.0/../../../../riscv-none-elf/lib/rv32im/ilp32\libg_nano.a(libm_a-s_fpclassify.o)
 .note.GNU-stack
                0x00000000        0x0 C:/Users/jesse/AppData/Roaming/xPacks/@xpack-dev-tools/riscv-none-elf-gcc/14.2.0-3.1/.content/bin/../lib/gcc/riscv-none-elf/14.2.0/rv32im/ilp32\libgcc.a(subdf3.o)

.riscv.attributes
                0x00000000       0x37
 .riscv.attributes
                0x00000000       0x33 ./src/core_list_join.o
 .riscv.attributes
                0x00000033       0x33 ./src/core_main.o
 .riscv.attributes
                0x00000066       0x33 ./src/core_matrix.o
 .riscv.attributes
                0x00000099       0x37 ./src/core_portme.o
 .riscv.attributes
                0x000000d0       0x33 ./src/core_state.o
 .riscv.attributes
                0x00000103       0x33 ./src/core_util.o
 .riscv.attributes
                0x00000136       0x33 ./src/cvt.o
 .riscv.attributes
                0x00000169       0x33 ./src/ee_printf.o
 .riscv.attributes
                0x0000019c       0x37 ./lib/uart/uart1_init.o
 .riscv.attributes
                0x000001d3       0x33 ./lib/uart/uart1_printulonglong.o
 .riscv.attributes
                0x00000206       0x33 ./lib/uart/uart1_putc.o
 .riscv.attributes
                0x00000239       0x33 ./lib/uart/uart1_puts.o
 .riscv.attributes
                0x0000026c       0x33 ./lib/syscalls/sys_exit.o
 .riscv.attributes
                0x0000029f       0x33 ./lib/csr/csr_get_cycle.o
 .riscv.attributes
                0x000002d2       0x33 ./lib/csr/csr_get_instret.o
 .riscv.attributes
                0x00000305       0x37 ./crt/startup.o
 .riscv.attributes
                0x0000033c       0x2a C:/Users/jesse/AppData/Roaming/xPacks/@xpack-dev-tools/riscv-none-elf-gcc/14.2.0-3.1/.content/bin/../lib/gcc/riscv-none-elf/14.2.0/rv32im/ilp32\libgcc.a(adddf3.o)
 .riscv.attributes
                0x00000366       0x2a C:/Users/jesse/AppData/Roaming/xPacks/@xpack-dev-tools/riscv-none-elf-gcc/14.2.0-3.1/.content/bin/../lib/gcc/riscv-none-elf/14.2.0/rv32im/ilp32\libgcc.a(divdf3.o)
 .riscv.attributes
                0x00000390       0x2a C:/Users/jesse/AppData/Roaming/xPacks/@xpack-dev-tools/riscv-none-elf-gcc/14.2.0-3.1/.content/bin/../lib/gcc/riscv-none-elf/14.2.0/rv32im/ilp32\libgcc.a(eqdf2.o)
 .riscv.attributes
                0x000003ba       0x2a C:/Users/jesse/AppData/Roaming/xPacks/@xpack-dev-tools/riscv-none-elf-gcc/14.2.0-3.1/.content/bin/../lib/gcc/riscv-none-elf/14.2.0/rv32im/ilp32\libgcc.a(gedf2.o)
 .riscv.attributes
                0x000003e4       0x2a C:/Users/jesse/AppData/Roaming/xPacks/@xpack-dev-tools/riscv-none-elf-gcc/14.2.0-3.1/.content/bin/../lib/gcc/riscv-none-elf/14.2.0/rv32im/ilp32\libgcc.a(ledf2.o)
 .riscv.attributes
                0x0000040e       0x2a C:/Users/jesse/AppData/Roaming/xPacks/@xpack-dev-tools/riscv-none-elf-gcc/14.2.0-3.1/.content/bin/../lib/gcc/riscv-none-elf/14.2.0/rv32im/ilp32\libgcc.a(muldf3.o)
 .riscv.attributes
                0x00000438       0x2a C:/Users/jesse/AppData/Roaming/xPacks/@xpack-dev-tools/riscv-none-elf-gcc/14.2.0-3.1/.content/bin/../lib/gcc/riscv-none-elf/14.2.0/rv32im/ilp32\libgcc.a(fixdfsi.o)
 .riscv.attributes
                0x00000462       0x2a C:/Users/jesse/AppData/Roaming/xPacks/@xpack-dev-tools/riscv-none-elf-gcc/14.2.0-3.1/.content/bin/../lib/gcc/riscv-none-elf/14.2.0/rv32im/ilp32\libgcc.a(fixunsdfsi.o)
 .riscv.attributes
                0x0000048c       0x2a C:/Users/jesse/AppData/Roaming/xPacks/@xpack-dev-tools/riscv-none-elf-gcc/14.2.0-3.1/.content/bin/../lib/gcc/riscv-none-elf/14.2.0/rv32im/ilp32\libgcc.a(floatunsidf.o)
 .riscv.attributes
                0x000004b6       0x2a C:/Users/jesse/AppData/Roaming/xPacks/@xpack-dev-tools/riscv-none-elf-gcc/14.2.0-3.1/.content/bin/../lib/gcc/riscv-none-elf/14.2.0/rv32im/ilp32\libgcc.a(fixunsdfdi.o)
 .riscv.attributes
                0x000004e0       0x2a C:/Users/jesse/AppData/Roaming/xPacks/@xpack-dev-tools/riscv-none-elf-gcc/14.2.0-3.1/.content/bin/../lib/gcc/riscv-none-elf/14.2.0/rv32im/ilp32\libgcc.a(floatundidf.o)
 .riscv.attributes
                0x0000050a       0x2a C:/Users/jesse/AppData/Roaming/xPacks/@xpack-dev-tools/riscv-none-elf-gcc/14.2.0-3.1/.content/bin/../lib/gcc/riscv-none-elf/14.2.0/rv32im/ilp32\libgcc.a(_clz.o)
 .riscv.attributes
                0x00000534       0x2a C:/Users/jesse/AppData/Roaming/xPacks/@xpack-dev-tools/riscv-none-elf-gcc/14.2.0-3.1/.content/bin/../lib/gcc/riscv-none-elf/14.2.0/rv32im/ilp32\libgcc.a(_clzsi2.o)
 .riscv.attributes
                0x0000055e       0x2a C:/Users/jesse/AppData/Roaming/xPacks/@xpack-dev-tools/riscv-none-elf-gcc/14.2.0-3.1/.content/bin/../lib/gcc/riscv-none-elf/14.2.0/../../../../riscv-none-elf/lib/rv32im/ilp32\libg_nano.a(libc_a-exit.o)
 .riscv.attributes
                0x00000588       0x2a C:/Users/jesse/AppData/Roaming/xPacks/@xpack-dev-tools/riscv-none-elf-gcc/14.2.0-3.1/.content/bin/../lib/gcc/riscv-none-elf/14.2.0/../../../../riscv-none-elf/lib/rv32im/ilp32\libg_nano.a(libc_a-findfp.o)
 .riscv.attributes
                0x000005b2       0x2a C:/Users/jesse/AppData/Roaming/xPacks/@xpack-dev-tools/riscv-none-elf-gcc/14.2.0-3.1/.content/bin/../lib/gcc/riscv-none-elf/14.2.0/../../../../riscv-none-elf/lib/rv32im/ilp32\libg_nano.a(libc_a-init.o)
 .riscv.attributes
                0x000005dc       0x28 C:/Users/jesse/AppData/Roaming/xPacks/@xpack-dev-tools/riscv-none-elf-gcc/14.2.0-3.1/.content/bin/../lib/gcc/riscv-none-elf/14.2.0/../../../../riscv-none-elf/lib/rv32im/ilp32\libg_nano.a(libc_a-memmove.o)
 .riscv.attributes
                0x00000604       0x28 C:/Users/jesse/AppData/Roaming/xPacks/@xpack-dev-tools/riscv-none-elf-gcc/14.2.0-3.1/.content/bin/../lib/gcc/riscv-none-elf/14.2.0/../../../../riscv-none-elf/lib/rv32im/ilp32\libg_nano.a(libc_a-memset.o)
 .riscv.attributes
                0x0000062c       0x28 C:/Users/jesse/AppData/Roaming/xPacks/@xpack-dev-tools/riscv-none-elf-gcc/14.2.0-3.1/.content/bin/../lib/gcc/riscv-none-elf/14.2.0/../../../../riscv-none-elf/lib/rv32im/ilp32\libg_nano.a(libc_a-memcpy-asm.o)
 .riscv.attributes
                0x00000654       0x2a C:/Users/jesse/AppData/Roaming/xPacks/@xpack-dev-tools/riscv-none-elf-gcc/14.2.0-3.1/.content/bin/../lib/gcc/riscv-none-elf/14.2.0/../../../../riscv-none-elf/lib/rv32im/ilp32\libg_nano.a(libm_a-s_modf.o)
 .riscv.attributes
                0x0000067e       0x2a C:/Users/jesse/AppData/Roaming/xPacks/@xpack-dev-tools/riscv-none-elf-gcc/14.2.0-3.1/.content/bin/../lib/gcc/riscv-none-elf/14.2.0/../../../../riscv-none-elf/lib/rv32im/ilp32\libg_nano.a(libm_a-s_fpclassify.o)
 .riscv.attributes
                0x000006a8       0x2a C:/Users/jesse/AppData/Roaming/xPacks/@xpack-dev-tools/riscv-none-elf-gcc/14.2.0-3.1/.content/bin/../lib/gcc/riscv-none-elf/14.2.0/rv32im/ilp32\libgcc.a(subdf3.o)

.debug_frame    0x00000000      0xba4
 .debug_frame   0x00000000      0x1a4 ./src/core_list_join.o
 .debug_frame   0x000001a4       0x9c ./src/core_main.o
 .debug_frame   0x00000240      0x12c ./src/core_matrix.o
 .debug_frame   0x0000036c      0x114 ./src/core_portme.o
 .debug_frame   0x00000480       0xb8 ./src/core_state.o
 .debug_frame   0x00000538       0x80 ./src/core_util.o
 .debug_frame   0x000005b8       0xd0 ./src/cvt.o
 .debug_frame   0x00000688      0x110 ./src/ee_printf.o
 .debug_frame   0x00000798       0x20 ./lib/uart/uart1_init.o
 .debug_frame   0x000007b8       0x34 ./lib/uart/uart1_printulonglong.o
 .debug_frame   0x000007ec       0x20 ./lib/uart/uart1_putc.o
 .debug_frame   0x0000080c       0x30 ./lib/uart/uart1_puts.o
 .debug_frame   0x0000083c       0x20 ./lib/syscalls/sys_exit.o
 .debug_frame   0x0000085c       0x20 ./lib/csr/csr_get_cycle.o
 .debug_frame   0x0000087c       0x20 ./lib/csr/csr_get_instret.o
 .debug_frame   0x0000089c       0x30 ./crt/startup.o
 .debug_frame   0x000008cc       0x4c C:/Users/jesse/AppData/Roaming/xPacks/@xpack-dev-tools/riscv-none-elf-gcc/14.2.0-3.1/.content/bin/../lib/gcc/riscv-none-elf/14.2.0/rv32im/ilp32\libgcc.a(adddf3.o)
 .debug_frame   0x00000918       0x60 C:/Users/jesse/AppData/Roaming/xPacks/@xpack-dev-tools/riscv-none-elf-gcc/14.2.0-3.1/.content/bin/../lib/gcc/riscv-none-elf/14.2.0/rv32im/ilp32\libgcc.a(divdf3.o)
 .debug_frame   0x00000978       0x20 C:/Users/jesse/AppData/Roaming/xPacks/@xpack-dev-tools/riscv-none-elf-gcc/14.2.0-3.1/.content/bin/../lib/gcc/riscv-none-elf/14.2.0/rv32im/ilp32\libgcc.a(eqdf2.o)
 .debug_frame   0x00000998       0x20 C:/Users/jesse/AppData/Roaming/xPacks/@xpack-dev-tools/riscv-none-elf-gcc/14.2.0-3.1/.content/bin/../lib/gcc/riscv-none-elf/14.2.0/rv32im/ilp32\libgcc.a(gedf2.o)
 .debug_frame   0x000009b8       0x20 C:/Users/jesse/AppData/Roaming/xPacks/@xpack-dev-tools/riscv-none-elf-gcc/14.2.0-3.1/.content/bin/../lib/gcc/riscv-none-elf/14.2.0/rv32im/ilp32\libgcc.a(ledf2.o)
 .debug_frame   0x000009d8       0x60 C:/Users/jesse/AppData/Roaming/xPacks/@xpack-dev-tools/riscv-none-elf-gcc/14.2.0-3.1/.content/bin/../lib/gcc/riscv-none-elf/14.2.0/rv32im/ilp32\libgcc.a(muldf3.o)
 .debug_frame   0x00000a38       0x20 C:/Users/jesse/AppData/Roaming/xPacks/@xpack-dev-tools/riscv-none-elf-gcc/14.2.0-3.1/.content/bin/../lib/gcc/riscv-none-elf/14.2.0/rv32im/ilp32\libgcc.a(fixdfsi.o)
 .debug_frame   0x00000a58       0x20 C:/Users/jesse/AppData/Roaming/xPacks/@xpack-dev-tools/riscv-none-elf-gcc/14.2.0-3.1/.content/bin/../lib/gcc/riscv-none-elf/14.2.0/rv32im/ilp32\libgcc.a(fixunsdfsi.o)
 .debug_frame   0x00000a78       0x3c C:/Users/jesse/AppData/Roaming/xPacks/@xpack-dev-tools/riscv-none-elf-gcc/14.2.0-3.1/.content/bin/../lib/gcc/riscv-none-elf/14.2.0/rv32im/ilp32\libgcc.a(floatunsidf.o)
 .debug_frame   0x00000ab4       0x20 C:/Users/jesse/AppData/Roaming/xPacks/@xpack-dev-tools/riscv-none-elf-gcc/14.2.0-3.1/.content/bin/../lib/gcc/riscv-none-elf/14.2.0/rv32im/ilp32\libgcc.a(fixunsdfdi.o)
 .debug_frame   0x00000ad4       0x68 C:/Users/jesse/AppData/Roaming/xPacks/@xpack-dev-tools/riscv-none-elf-gcc/14.2.0-3.1/.content/bin/../lib/gcc/riscv-none-elf/14.2.0/rv32im/ilp32\libgcc.a(floatundidf.o)
 .debug_frame   0x00000b3c       0x20 C:/Users/jesse/AppData/Roaming/xPacks/@xpack-dev-tools/riscv-none-elf-gcc/14.2.0-3.1/.content/bin/../lib/gcc/riscv-none-elf/14.2.0/rv32im/ilp32\libgcc.a(_clzsi2.o)
 .debug_frame   0x00000b5c       0x48 C:/Users/jesse/AppData/Roaming/xPacks/@xpack-dev-tools/riscv-none-elf-gcc/14.2.0-3.1/.content/bin/../lib/gcc/riscv-none-elf/14.2.0/rv32im/ilp32\libgcc.a(subdf3.o)
