Archive member included to satisfy reference by file (symbol)

C:/Users/jesse/AppData/Roaming/xPacks/@xpack-dev-tools/riscv-none-elf-gcc/14.2.0-1.1/.content/bin/../lib/gcc/riscv-none-elf/14.2.0/rv32im/ilp32\libgcc.a(_udivdi3.o)
                              ./lib/uart/uart1_printlonglong.o (__udivdi3)
C:/Users/jesse/AppData/Roaming/xPacks/@xpack-dev-tools/riscv-none-elf-gcc/14.2.0-1.1/.content/bin/../lib/gcc/riscv-none-elf/14.2.0/rv32im/ilp32\libgcc.a(_umoddi3.o)
                              ./lib/uart/uart1_printlonglong.o (__umoddi3)
C:/Users/jesse/AppData/Roaming/xPacks/@xpack-dev-tools/riscv-none-elf-gcc/14.2.0-1.1/.content/bin/../lib/gcc/riscv-none-elf/14.2.0/rv32im/ilp32\libgcc.a(_clz.o)
                              C:/Users/jesse/AppData/Roaming/xPacks/@xpack-dev-tools/riscv-none-elf-gcc/14.2.0-1.1/.content/bin/../lib/gcc/riscv-none-elf/14.2.0/rv32im/ilp32\libgcc.a(_udivdi3.o) (__clz_tab)
C:/Users/jesse/AppData/Roaming/xPacks/@xpack-dev-tools/riscv-none-elf-gcc/14.2.0-1.1/.content/bin/../lib/gcc/riscv-none-elf/14.2.0/../../../../riscv-none-elf/lib/rv32im/ilp32\libg_nano.a(libc_a-exit.o)
                              ./crt/startup.o (exit)
C:/Users/jesse/AppData/Roaming/xPacks/@xpack-dev-tools/riscv-none-elf-gcc/14.2.0-1.1/.content/bin/../lib/gcc/riscv-none-elf/14.2.0/../../../../riscv-none-elf/lib/rv32im/ilp32\libg_nano.a(libc_a-ctype_.o)
                              ./lib/util/gethex.o (_ctype_)
C:/Users/jesse/AppData/Roaming/xPacks/@xpack-dev-tools/riscv-none-elf-gcc/14.2.0-1.1/.content/bin/../lib/gcc/riscv-none-elf/14.2.0/../../../../riscv-none-elf/lib/rv32im/ilp32\libg_nano.a(libc_a-findfp.o)
                              C:/Users/jesse/AppData/Roaming/xPacks/@xpack-dev-tools/riscv-none-elf-gcc/14.2.0-1.1/.content/bin/../lib/gcc/riscv-none-elf/14.2.0/../../../../riscv-none-elf/lib/rv32im/ilp32\libg_nano.a(libc_a-exit.o) (__stdio_exit_handler)
C:/Users/jesse/AppData/Roaming/xPacks/@xpack-dev-tools/riscv-none-elf-gcc/14.2.0-1.1/.content/bin/../lib/gcc/riscv-none-elf/14.2.0/../../../../riscv-none-elf/lib/rv32im/ilp32\libg_nano.a(libc_a-fwalk.o)
                              C:/Users/jesse/AppData/Roaming/xPacks/@xpack-dev-tools/riscv-none-elf-gcc/14.2.0-1.1/.content/bin/../lib/gcc/riscv-none-elf/14.2.0/../../../../riscv-none-elf/lib/rv32im/ilp32\libg_nano.a(libc_a-findfp.o) (_fwalk_sglue)
C:/Users/jesse/AppData/Roaming/xPacks/@xpack-dev-tools/riscv-none-elf-gcc/14.2.0-1.1/.content/bin/../lib/gcc/riscv-none-elf/14.2.0/../../../../riscv-none-elf/lib/rv32im/ilp32\libg_nano.a(libc_a-stdio.o)
                              C:/Users/jesse/AppData/Roaming/xPacks/@xpack-dev-tools/riscv-none-elf-gcc/14.2.0-1.1/.content/bin/../lib/gcc/riscv-none-elf/14.2.0/../../../../riscv-none-elf/lib/rv32im/ilp32\libg_nano.a(libc_a-findfp.o) (__sread)
C:/Users/jesse/AppData/Roaming/xPacks/@xpack-dev-tools/riscv-none-elf-gcc/14.2.0-1.1/.content/bin/../lib/gcc/riscv-none-elf/14.2.0/../../../../riscv-none-elf/lib/rv32im/ilp32\libg_nano.a(libc_a-vsnprintf.o)
                              ./lib/uart/uart1_printf.o (vsnprintf)
C:/Users/jesse/AppData/Roaming/xPacks/@xpack-dev-tools/riscv-none-elf-gcc/14.2.0-1.1/.content/bin/../lib/gcc/riscv-none-elf/14.2.0/../../../../riscv-none-elf/lib/rv32im/ilp32\libg_nano.a(libc_a-closer.o)
                              C:/Users/jesse/AppData/Roaming/xPacks/@xpack-dev-tools/riscv-none-elf-gcc/14.2.0-1.1/.content/bin/../lib/gcc/riscv-none-elf/14.2.0/../../../../riscv-none-elf/lib/rv32im/ilp32\libg_nano.a(libc_a-stdio.o) (_close_r)
C:/Users/jesse/AppData/Roaming/xPacks/@xpack-dev-tools/riscv-none-elf-gcc/14.2.0-1.1/.content/bin/../lib/gcc/riscv-none-elf/14.2.0/../../../../riscv-none-elf/lib/rv32im/ilp32\libg_nano.a(libc_a-reent.o)
                              C:/Users/jesse/AppData/Roaming/xPacks/@xpack-dev-tools/riscv-none-elf-gcc/14.2.0-1.1/.content/bin/../lib/gcc/riscv-none-elf/14.2.0/../../../../riscv-none-elf/lib/rv32im/ilp32\libg_nano.a(libc_a-closer.o) (errno)
C:/Users/jesse/AppData/Roaming/xPacks/@xpack-dev-tools/riscv-none-elf-gcc/14.2.0-1.1/.content/bin/../lib/gcc/riscv-none-elf/14.2.0/../../../../riscv-none-elf/lib/rv32im/ilp32\libg_nano.a(libc_a-impure.o)
                              C:/Users/jesse/AppData/Roaming/xPacks/@xpack-dev-tools/riscv-none-elf-gcc/14.2.0-1.1/.content/bin/../lib/gcc/riscv-none-elf/14.2.0/../../../../riscv-none-elf/lib/rv32im/ilp32\libg_nano.a(libc_a-vsnprintf.o) (_impure_ptr)
C:/Users/jesse/AppData/Roaming/xPacks/@xpack-dev-tools/riscv-none-elf-gcc/14.2.0-1.1/.content/bin/../lib/gcc/riscv-none-elf/14.2.0/../../../../riscv-none-elf/lib/rv32im/ilp32\libg_nano.a(libc_a-lseekr.o)
                              C:/Users/jesse/AppData/Roaming/xPacks/@xpack-dev-tools/riscv-none-elf-gcc/14.2.0-1.1/.content/bin/../lib/gcc/riscv-none-elf/14.2.0/../../../../riscv-none-elf/lib/rv32im/ilp32\libg_nano.a(libc_a-stdio.o) (_lseek_r)
[...]
Memory Configuration

Name             Origin             Length             Attributes
ROM              0x00000000         0x00010000         xr
RAM              0x20000000         0x00008000         w
IO               0xf0000000         0x00004000         w
*default*        0x00000000         0xffffffff

Linker script and memory map

LOAD ./src/hello_world.o
LOAD ./lib/wdt/wdt_init.o
LOAD ./lib/wdt/wdt_reset.o
LOAD ./lib/wdt/wdt_start.o
LOAD ./lib/wdt/wdt_stop.o
LOAD ./lib/util/delayms.o
LOAD ./lib/util/gethex.o
LOAD ./lib/util/parsehex.o
LOAD ./lib/util/printdec.o
LOAD ./lib/util/printhex.o
LOAD ./lib/util/printhwversion.o
LOAD ./lib/util/printlogo.o
LOAD ./lib/uart/uart1_available.o
LOAD ./lib/uart/uart1_getc.o
LOAD ./lib/uart/uart1_gets.o
LOAD ./lib/uart/uart1_init.o
LOAD ./lib/uart/uart1_printf.o
LOAD ./lib/uart/uart1_printlonglong.o
LOAD ./lib/uart/uart1_printulonglong.o
LOAD ./lib/uart/uart1_putc.o
LOAD ./lib/uart/uart1_puts.o
LOAD ./lib/timer/timer1_clear_interrupt.o
LOAD ./lib/timer/timer1_disable.o
LOAD ./lib/timer/timer1_disable_interrupt.o
LOAD ./lib/timer/timer1_enable.o
LOAD ./lib/timer/timer1_enable_interrupt.o
LOAD ./lib/timer/timer1_getcounter.o
LOAD ./lib/timer/timer1_setcompare.o
LOAD ./lib/timer/timer1_setcounter.o
LOAD ./lib/syscalls/sys_env.o
LOAD ./lib/syscalls/sys_exit.o
LOAD ./lib/syscalls/sys_gettimeofday.o
LOAD ./lib/syscalls/sys_read_write.o
LOAD ./lib/syscalls/sys_remaining.o
LOAD ./lib/syscalls/sys_sbrk.o
LOAD ./lib/syscalls/sys_times.o
LOAD ./lib/spi/spi1_csdisable.o
LOAD ./lib/spi/spi1_csenable.o
LOAD ./lib/spi/spi1_init.o
LOAD ./lib/spi/spi1_receive.o
LOAD ./lib/spi/spi1_transfer.o
LOAD ./lib/spi/spi1_transmit.o
LOAD ./lib/spi/spi1_transmit_receive.o
LOAD ./lib/spi/spi2_csdisable.o
LOAD ./lib/spi/spi2_csenable.o
LOAD ./lib/spi/spi2_init.o
LOAD ./lib/spi/spi2_transfer.o
LOAD ./lib/i2c/i2c1_init.o
LOAD ./lib/i2c/i2c1_receive.o
LOAD ./lib/i2c/i2c1_receive_byte.o
LOAD ./lib/i2c/i2c1_transmit.o
LOAD ./lib/i2c/i2c1_transmit_address.o
LOAD ./lib/i2c/i2c1_transmit_address_only.o
LOAD ./lib/i2c/i2c1_transmit_byte.o
LOAD ./lib/i2c/i2c2_init.o
LOAD ./lib/i2c/i2c2_receive.o
LOAD ./lib/i2c/i2c2_receive_byte.o
LOAD ./lib/i2c/i2c2_transmit.o
LOAD ./lib/i2c/i2c2_transmit_address.o
LOAD ./lib/i2c/i2c2_transmit_address_only.o
LOAD ./lib/i2c/i2c2_transmit_byte.o
LOAD ./lib/gpio/gpioa_readpin.o
LOAD ./lib/gpio/gpioa_togglepin.o
LOAD ./lib/gpio/gpioa_writepin.o
LOAD ./lib/csr/csr_get_cycle.o
LOAD ./lib/csr/csr_get_instret.o
LOAD ./lib/csr/csr_get_mhpmcounter3.o
LOAD ./lib/csr/csr_get_mhpmcounter4.o
LOAD ./lib/csr/csr_get_mhpmcounter5.o
LOAD ./lib/csr/csr_get_mhpmcounter6.o
LOAD ./lib/csr/csr_get_mhpmcounter7.o
LOAD ./lib/csr/csr_get_mhpmcounter8.o
LOAD ./lib/csr/csr_get_mhpmcounter9.o
LOAD ./lib/csr/csr_get_time.o
LOAD ./crt/startup.o
LOAD C:/Users/jesse/AppData/Roaming/xPacks/@xpack-dev-tools/riscv-none-elf-gcc/14.2.0-1.1/.content/bin/../lib/gcc/riscv-none-elf/14.2.0/rv32im/ilp32\libgcc.a
LOAD C:/Users/jesse/AppData/Roaming/xPacks/@xpack-dev-tools/riscv-none-elf-gcc/14.2.0-1.1/.content/bin/../lib/gcc/riscv-none-elf/14.2.0/../../../../riscv-none-elf/lib/rv32im/ilp32\libg_nano.a
LOAD C:/Users/jesse/AppData/Roaming/xPacks/@xpack-dev-tools/riscv-none-elf-gcc/14.2.0-1.1/.content/bin/../lib/gcc/riscv-none-elf/14.2.0/../../../../riscv-none-elf/lib/rv32im/ilp32\libc_nano.a
LOAD C:/Users/jesse/AppData/Roaming/xPacks/@xpack-dev-tools/riscv-none-elf-gcc/14.2.0-1.1/.content/bin/../lib/gcc/riscv-none-elf/14.2.0/rv32im/ilp32\libgcc.a
START GROUP
LOAD C:/Users/jesse/AppData/Roaming/xPacks/@xpack-dev-tools/riscv-none-elf-gcc/14.2.0-1.1/.content/bin/../lib/gcc/riscv-none-elf/14.2.0/rv32im/ilp32\libgcc.a
LOAD C:/Users/jesse/AppData/Roaming/xPacks/@xpack-dev-tools/riscv-none-elf-gcc/14.2.0-1.1/.content/bin/../lib/gcc/riscv-none-elf/14.2.0/../../../../riscv-none-elf/lib/rv32im/ilp32\libc_nano.a
LOAD C:/Users/jesse/AppData/Roaming/xPacks/@xpack-dev-tools/riscv-none-elf-gcc/14.2.0-1.1/.content/bin/../lib/gcc/riscv-none-elf/14.2.0/../../../../riscv-none-elf/lib/rv32im/ilp32\libgloss_nano.a
END GROUP
                0x20008000                        __stack_pointer$ = (ORIGIN (RAM) + LENGTH (RAM))
                0x00000400                        __stack_size = 0x400

.text           0x00000000      0x540
                0x00000000                        _stext = .
 *(.text.start_up_code)
 *(.text.start_up_code_c)
 .text.start_up_code_c
                0x00000000       0x80 ./crt/startup.o
                0x00000000                _start
 *(.text)
 *(.text*)
 .text.main     0x00000080       0x74 ./src/hello_world.o
                0x00000080                main
 .text.delayms  0x000000f4       0x98 ./lib/util/delayms.o
                0x000000f4                delayms
 .text.printdec
                0x0000018c      0x104 ./lib/util/printdec.o
                0x0000018c                printdec
 .text.uart1_init
                0x00000290       0xa8 ./lib/uart/uart1_init.o
                0x00000290                uart1_init
 .text.uart1_putc
                0x00000338       0x58 ./lib/uart/uart1_putc.o
                0x00000338                uart1_putc
 .text.uart1_puts
                0x00000390       0x5c ./lib/uart/uart1_puts.o
                0x00000390                uart1_puts
 .text._exit    0x000003ec       0x18 ./lib/syscalls/sys_exit.o
                0x000003ec                _exit
 .text.gpioa_writepin
                0x00000404       0x6c ./lib/gpio/gpioa_writepin.o
                0x00000404                gpioa_writepin
 .text.pre_init_trap_handler
                0x00000470       0x14 ./crt/startup.o
                0x00000470                pre_init_trap_handler
 .text.exit     0x00000484       0x38 C:/Users/jesse/AppData/Roaming/xPacks/@xpack-dev-tools/riscv-none-elf-gcc/14.2.0-1.1/.content/bin/../lib/gcc/riscv-none-elf/14.2.0/../../../../riscv-none-elf/lib/rv32im/ilp32\libg_nano.a(libc_a-exit.o)
                0x00000484                exit
 .text.__libc_init_array
                0x000004bc       0x84 C:/Users/jesse/AppData/Roaming/xPacks/@xpack-dev-tools/riscv-none-elf-gcc/14.2.0-1.1/.content/bin/../lib/gcc/riscv-none-elf/14.2.0/../../../../riscv-none-elf/lib/rv32im/ilp32\libg_nano.a(libc_a-init.o)
                0x000004bc                __libc_init_array
 *(.text.unlikely)
 *(.text.unlikely.*)
 *(.eh_frame)
 *(.init)
 *(.fini)
                0x00000540                        . = ALIGN (0x4)
                0x00000540                        _etext = .

.rodata         0x00000540       0xc4
                0x00000540                        _srodata = .
 *(.rdata)
 *(.rdata.*)
 *(.rodata)
 .rodata        0x00000540       0x1c ./src/hello_world.o
 .rodata        0x0000055c       0xa8 ./crt/startup.o
 *(.rodata.*)
 *(.srodata)
 *(.srodata.*)
 *(.gnu.linkonce.r.*)
                0x00000604                        . = ALIGN (0x4)
                0x00000604                        _erodata = .

.rela.dyn       0x00000604        0x0
 .rela.text.start_up_code_c
                0x00000604        0x0 ./src/hello_world.o
 .rela.text.exit
                0x00000604        0x0 ./src/hello_world.o
 .rela.text.__libc_init_array
                0x00000604        0x0 ./src/hello_world.o

.preinit_array  0x00000604        0x0
                0x00000604                        PROVIDE (__preinit_array_start = .)
 *(.preinit_array*)
                0x00000604                        PROVIDE (__preinit_array_end = .)
                0x00000604                        . = ALIGN (0x4)

.init_array     0x00000604        0x0
                0x00000604                        . = ALIGN (0x4)
                0x00000604                        PROVIDE (__init_array_start = .)
 *(SORT_BY_NAME(.init_array.*))
 *(.init_array*)
                0x00000604                        PROVIDE (__init_array_end = .)
                0x00000604                        . = ALIGN (0x4)

.fini_array     0x00000604        0x0
                0x00000604                        . = ALIGN (0x4)
                [!provide]                        PROVIDE (__fini_array_start = .)
 *(SORT_BY_NAME(.fini_array.*))
 *(.fini_array*)
                [!provide]                        PROVIDE (__fini_array_end = .)
                0x00000604                        . = ALIGN (0x4)
                0x00000604                        . = ALIGN (0x4)
                0x00000604                        _sidata = LOADADDR (.data)

.data           0x20000000       0x18 load address 0x00000604
                0x20000800                        __global_pointer$ = (. + 0x800)
                0x20000000                        _sdata = .
 *(.data)
 *(.data*)
 .data.argv     0x20000000       0x18 ./crt/startup.o
 *(.sdata)
 *(.sdata.*)
                0x20000018                        . = ALIGN (0x4)
                0x20000018                        . = ALIGN (0x4)
                0x20000018                        _edata = .
                0x20000018                        . = ALIGN (0x4)

.bss            0x20000018        0x4
                0x20000018                        _sbss = .
 *(.sbss)
 *(.sbss*)
 .sbss.__stdio_exit_handler
                0x20000018        0x4 C:/Users/jesse/AppData/Roaming/xPacks/@xpack-dev-tools/riscv-none-elf-gcc/14.2.0-1.1/.content/bin/../lib/gcc/riscv-none-elf/14.2.0/../../../../riscv-none-elf/lib/rv32im/ilp32\libg_nano.a(libc_a-findfp.o)
                0x20000018                __stdio_exit_handler
 *(.bss)
 *(.bss*)
 *(COMMON)
                0x2000001c                        . = ALIGN (0x4)
                0x2000001c                        _ebss = .
                [!provide]                        PROVIDE (end = .)
                0x20000020                        _end = ALIGN (0x8)
                0x20000000                        _start_ram = ORIGIN (RAM)
                0xf0000000                        _start_io = ORIGIN (IO)
OUTPUT(hello_world.elf elf32-littleriscv)

.debug_info     0x00000000      0x992
 .debug_info    0x00000000      0x13a ./src/hello_world.o
 .debug_info    0x0000013a       0xf7 ./lib/util/delayms.o
 .debug_info    0x00000231      0x142 ./lib/util/printdec.o
 .debug_info    0x00000373      0x132 ./lib/uart/uart1_init.o
 .debug_info    0x000004a5      0x117 ./lib/uart/uart1_putc.o
 .debug_info    0x000005bc       0xb7 ./lib/uart/uart1_puts.o
 .debug_info    0x00000673       0x58 ./lib/syscalls/sys_exit.o
 .debug_info    0x000006cb      0x131 ./lib/gpio/gpioa_writepin.o
 .debug_info    0x000007fc      0x196 ./crt/startup.o

.debug_abbrev   0x00000000      0x5ba
 .debug_abbrev  0x00000000       0x8d ./src/hello_world.o
 .debug_abbrev  0x0000008d       0x93 ./lib/util/delayms.o
 .debug_abbrev  0x00000120       0xb9 ./lib/util/printdec.o
 .debug_abbrev  0x000001d9       0xbb ./lib/uart/uart1_init.o
 .debug_abbrev  0x00000294       0x8e ./lib/uart/uart1_putc.o
 .debug_abbrev  0x00000322       0x7b ./lib/uart/uart1_puts.o
 .debug_abbrev  0x0000039d       0x50 ./lib/syscalls/sys_exit.o
 .debug_abbrev  0x000003ed       0xc2 ./lib/gpio/gpioa_writepin.o
 .debug_abbrev  0x000004af      0x10b ./crt/startup.o

.debug_aranges  0x00000000      0x128
 .debug_aranges
                0x00000000       0x20 ./src/hello_world.o
 .debug_aranges
                0x00000020       0x20 ./lib/util/delayms.o
 .debug_aranges
                0x00000040       0x20 ./lib/util/printdec.o
 .debug_aranges
                0x00000060       0x20 ./lib/uart/uart1_init.o
 .debug_aranges
                0x00000080       0x20 ./lib/uart/uart1_putc.o
 .debug_aranges
                0x000000a0       0x20 ./lib/uart/uart1_puts.o
 .debug_aranges
                0x000000c0       0x20 ./lib/syscalls/sys_exit.o
 .debug_aranges
                0x000000e0       0x20 ./lib/gpio/gpioa_writepin.o
 .debug_aranges
                0x00000100       0x28 ./crt/startup.o

.debug_rnglists
                0x00000000       0xb6
 .debug_rnglists
                0x00000000       0x14 ./src/hello_world.o
 .debug_rnglists
                0x00000014       0x14 ./lib/util/delayms.o
 .debug_rnglists
                0x00000028       0x14 ./lib/util/printdec.o
 .debug_rnglists
                0x0000003c       0x14 ./lib/uart/uart1_init.o
 .debug_rnglists
                0x00000050       0x13 ./lib/uart/uart1_putc.o
 .debug_rnglists
                0x00000063       0x13 ./lib/uart/uart1_puts.o
 .debug_rnglists
                0x00000076       0x13 ./lib/syscalls/sys_exit.o
 .debug_rnglists
                0x00000089       0x13 ./lib/gpio/gpioa_writepin.o
 .debug_rnglists
                0x0000009c       0x1a ./crt/startup.o

.debug_macro    0x00000000     0x402f
 .debug_macro   0x00000000      0x2af ./src/hello_world.o
 .debug_macro   0x000002af      0x7a2 ./src/hello_world.o
 .debug_macro   0x00000a51       0x22 ./src/hello_world.o
 .debug_macro   0x00000a73       0x8e ./src/hello_world.o
 .debug_macro   0x00000b01       0x51 ./src/hello_world.o
 .debug_macro   0x00000b52      0x103 ./src/hello_world.o
 .debug_macro   0x00000c55       0x6a ./src/hello_world.o
 .debug_macro   0x00000cbf      0x1df ./src/hello_world.o
 .debug_macro   0x00000e9e      0x17b ./src/hello_world.o
 .debug_macro   0x00001019       0x22 ./src/hello_world.o
 .debug_macro   0x0000103b       0xdc ./src/hello_world.o
 .debug_macro   0x00001117       0x7c ./src/hello_world.o
 .debug_macro   0x00001193       0x10 ./src/hello_world.o
 .debug_macro   0x000011a3       0x6e ./src/hello_world.o
 .debug_macro   0x00001211       0x19 ./src/hello_world.o
 .debug_macro   0x0000122a       0x3b ./src/hello_world.o
 .debug_macro   0x00001265       0x34 ./src/hello_world.o
 .debug_macro   0x00001299      0x190 ./src/hello_world.o
 .debug_macro   0x00001429      0x364 ./src/hello_world.o
 .debug_macro   0x0000178d       0x16 ./src/hello_world.o
 .debug_macro   0x000017a3       0x4a ./src/hello_world.o
 .debug_macro   0x000017ed       0x34 ./src/hello_world.o
 .debug_macro   0x00001821       0x10 ./src/hello_world.o
 .debug_macro   0x00001831       0x58 ./src/hello_world.o
 .debug_macro   0x00001889      0x1de ./src/hello_world.o
 .debug_macro   0x00001a67      0x23c ./src/hello_world.o
 .debug_macro   0x00001ca3       0x16 ./src/hello_world.o
 .debug_macro   0x00001cb9       0x3c ./src/hello_world.o
 .debug_macro   0x00001cf5       0x10 ./src/hello_world.o
 .debug_macro   0x00001d05       0x1c ./src/hello_world.o
 .debug_macro   0x00001d21       0x16 ./src/hello_world.o
 .debug_macro   0x00001d37      0x170 ./src/hello_world.o
 .debug_macro   0x00001ea7       0x10 ./src/hello_world.o
 .debug_macro   0x00001eb7       0x1c ./src/hello_world.o
 .debug_macro   0x00001ed3       0x52 ./src/hello_world.o
 .debug_macro   0x00001f25       0x22 ./src/hello_world.o
 .debug_macro   0x00001f47       0x10 ./src/hello_world.o
 .debug_macro   0x00001f57       0x52 ./src/hello_world.o
 .debug_macro   0x00001fa9       0xc1 ./src/hello_world.o
 .debug_macro   0x0000206a       0x1c ./src/hello_world.o
 .debug_macro   0x00002086       0x3d ./src/hello_world.o
 .debug_macro   0x000020c3      0x18a ./src/hello_world.o
 .debug_macro   0x0000224d       0x16 ./src/hello_world.o
 .debug_macro   0x00002263       0x16 ./src/hello_world.o
 .debug_macro   0x00002279       0x10 ./src/hello_world.o
 .debug_macro   0x00002289       0x10 ./src/hello_world.o
 .debug_macro   0x00002299       0x35 ./src/hello_world.o
 .debug_macro   0x000022ce      0x132 ./src/hello_world.o
 .debug_macro   0x00002400       0xce ./src/hello_world.o
 .debug_macro   0x000024ce       0xe5 ./src/hello_world.o
 .debug_macro   0x000025b3       0x46 ./src/hello_world.o
 .debug_macro   0x000025f9       0x76 ./src/hello_world.o
 .debug_macro   0x0000266f       0x64 ./src/hello_world.o
 .debug_macro   0x000026d3       0x1c ./src/hello_world.o
 .debug_macro   0x000026ef       0x28 ./src/hello_world.o
 .debug_macro   0x00002717      0x2bb ./lib/util/delayms.o
 .debug_macro   0x000029d2      0x2af ./lib/util/printdec.o
 .debug_macro   0x00002c81      0x2bb ./lib/uart/uart1_init.o
 .debug_macro   0x00002f3c      0x2e0 ./lib/uart/uart1_putc.o
 .debug_macro   0x0000321c      0x2e0 ./lib/uart/uart1_puts.o
 .debug_macro   0x000034fc       0x11 ./lib/syscalls/sys_exit.o
 .debug_macro   0x0000350d      0x2af ./lib/gpio/gpioa_writepin.o
 .debug_macro   0x000037bc      0x20f ./crt/startup.o
 .debug_macro   0x000039cb       0x10 ./crt/startup.o
 .debug_macro   0x000039db       0x16 ./crt/startup.o
 .debug_macro   0x000039f1       0x16 ./crt/startup.o
 .debug_macro   0x00003a07       0x29 ./crt/startup.o
 .debug_macro   0x00003a30       0x16 ./crt/startup.o
 .debug_macro   0x00003a46       0xcf ./crt/startup.o
 .debug_macro   0x00003b15      0x51a ./crt/startup.o

.debug_line     0x00000000      0xf21
 .debug_line    0x00000000      0x1b9 ./src/hello_world.o
 .debug_line    0x000001b9      0x1d3 ./lib/util/delayms.o
 .debug_line    0x0000038c      0x207 ./lib/util/printdec.o
 .debug_line    0x00000593      0x219 ./lib/uart/uart1_init.o
 .debug_line    0x000007ac      0x1d3 ./lib/uart/uart1_putc.o
 .debug_line    0x0000097f      0x1cf ./lib/uart/uart1_puts.o
 .debug_line    0x00000b4e       0x52 ./lib/syscalls/sys_exit.o
 .debug_line    0x00000ba0      0x1bb ./lib/gpio/gpioa_writepin.o
 .debug_line    0x00000d5b      0x1c6 ./crt/startup.o

.debug_str      0x00000000     0xc2ac
 .debug_str     0x00000000     0xc2ac ./src/hello_world.o
                               0xaa71 (size before relaxing)
 .debug_str     0x0000c2ac     0xaa5e ./lib/util/delayms.o
 .debug_str     0x0000c2ac     0xaa4f ./lib/util/printdec.o
 .debug_str     0x0000c2ac     0xaa85 ./lib/uart/uart1_init.o
 .debug_str     0x0000c2ac     0xb2d2 ./lib/uart/uart1_putc.o
 .debug_str     0x0000c2ac     0xb295 ./lib/uart/uart1_puts.o
 .debug_str     0x0000c2ac     0x2750 ./lib/syscalls/sys_exit.o
 .debug_str     0x0000c2ac     0xaa59 ./lib/gpio/gpioa_writepin.o
 .debug_str     0x0000c2ac     0x7f7b ./crt/startup.o

.debug_line_str
                0x00000000      0x537
 .debug_line_str
                0x00000000      0x537 ./src/hello_world.o
                                0x4df (size before relaxing)
 .debug_line_str
                0x00000537      0x4dd ./lib/util/delayms.o
 .debug_line_str
                0x00000537      0x4e0 ./lib/util/printdec.o
 .debug_line_str
                0x00000537      0x4e6 ./lib/uart/uart1_init.o
 .debug_line_str
                0x00000537      0x50a ./lib/uart/uart1_putc.o
 .debug_line_str
                0x00000537      0x50a ./lib/uart/uart1_puts.o
 .debug_line_str
                0x00000537       0xc7 ./lib/syscalls/sys_exit.o
 .debug_line_str
                0x00000537      0x4f2 ./lib/gpio/gpioa_writepin.o
 .debug_line_str
                0x00000537      0x40d ./crt/startup.o

.comment        0x00000000       0x33
 .comment       0x00000000       0x33 ./src/hello_world.o
                                 0x34 (size before relaxing)
 .comment       0x00000033       0x34 ./lib/util/delayms.o
 .comment       0x00000033       0x34 ./lib/util/printdec.o
 .comment       0x00000033       0x34 ./lib/uart/uart1_init.o
 .comment       0x00000033       0x34 ./lib/uart/uart1_putc.o
 .comment       0x00000033       0x34 ./lib/uart/uart1_puts.o
 .comment       0x00000033       0x34 ./lib/syscalls/sys_exit.o
 .comment       0x00000033       0x34 ./lib/gpio/gpioa_writepin.o
 .comment       0x00000033       0x34 ./crt/startup.o
 .comment       0x00000033       0x34 C:/Users/jesse/AppData/Roaming/xPacks/@xpack-dev-tools/riscv-none-elf-gcc/14.2.0-1.1/.content/bin/../lib/gcc/riscv-none-elf/14.2.0/../../../../riscv-none-elf/lib/rv32im/ilp32\libg_nano.a(libc_a-exit.o)
 .comment       0x00000033       0x34 C:/Users/jesse/AppData/Roaming/xPacks/@xpack-dev-tools/riscv-none-elf-gcc/14.2.0-1.1/.content/bin/../lib/gcc/riscv-none-elf/14.2.0/../../../../riscv-none-elf/lib/rv32im/ilp32\libg_nano.a(libc_a-findfp.o)
 .comment       0x00000033       0x34 C:/Users/jesse/AppData/Roaming/xPacks/@xpack-dev-tools/riscv-none-elf-gcc/14.2.0-1.1/.content/bin/../lib/gcc/riscv-none-elf/14.2.0/../../../../riscv-none-elf/lib/rv32im/ilp32\libg_nano.a(libc_a-init.o)

.note.GNU-stack
                0x00000000        0x0
 .note.GNU-stack
                0x00000000        0x0 ./src/hello_world.o
 .note.GNU-stack
                0x00000000        0x0 ./lib/util/delayms.o
 .note.GNU-stack
                0x00000000        0x0 ./lib/util/printdec.o
 .note.GNU-stack
                0x00000000        0x0 ./lib/uart/uart1_init.o
 .note.GNU-stack
                0x00000000        0x0 ./lib/uart/uart1_putc.o
 .note.GNU-stack
                0x00000000        0x0 ./lib/uart/uart1_puts.o
 .note.GNU-stack
                0x00000000        0x0 ./lib/syscalls/sys_exit.o
 .note.GNU-stack
                0x00000000        0x0 ./lib/gpio/gpioa_writepin.o
 .note.GNU-stack
                0x00000000        0x0 ./crt/startup.o
 .note.GNU-stack
                0x00000000        0x0 C:/Users/jesse/AppData/Roaming/xPacks/@xpack-dev-tools/riscv-none-elf-gcc/14.2.0-1.1/.content/bin/../lib/gcc/riscv-none-elf/14.2.0/../../../../riscv-none-elf/lib/rv32im/ilp32\libg_nano.a(libc_a-exit.o)
 .note.GNU-stack
                0x00000000        0x0 C:/Users/jesse/AppData/Roaming/xPacks/@xpack-dev-tools/riscv-none-elf-gcc/14.2.0-1.1/.content/bin/../lib/gcc/riscv-none-elf/14.2.0/../../../../riscv-none-elf/lib/rv32im/ilp32\libg_nano.a(libc_a-findfp.o)
 .note.GNU-stack
                0x00000000        0x0 C:/Users/jesse/AppData/Roaming/xPacks/@xpack-dev-tools/riscv-none-elf-gcc/14.2.0-1.1/.content/bin/../lib/gcc/riscv-none-elf/14.2.0/../../../../riscv-none-elf/lib/rv32im/ilp32\libg_nano.a(libc_a-init.o)

.riscv.attributes
                0x00000000       0x37
 .riscv.attributes
                0x00000000       0x33 ./src/hello_world.o
 .riscv.attributes
                0x00000033       0x37 ./lib/util/delayms.o
 .riscv.attributes
                0x0000006a       0x33 ./lib/util/printdec.o
 .riscv.attributes
                0x0000009d       0x37 ./lib/uart/uart1_init.o
 .riscv.attributes
                0x000000d4       0x33 ./lib/uart/uart1_putc.o
 .riscv.attributes
                0x00000107       0x33 ./lib/uart/uart1_puts.o
 .riscv.attributes
                0x0000013a       0x33 ./lib/syscalls/sys_exit.o
 .riscv.attributes
                0x0000016d       0x33 ./lib/gpio/gpioa_writepin.o
 .riscv.attributes
                0x000001a0       0x37 ./crt/startup.o
 .riscv.attributes
                0x000001d7       0x2a C:/Users/jesse/AppData/Roaming/xPacks/@xpack-dev-tools/riscv-none-elf-gcc/14.2.0-1.1/.content/bin/../lib/gcc/riscv-none-elf/14.2.0/../../../../riscv-none-elf/lib/rv32im/ilp32\libg_nano.a(libc_a-exit.o)
 .riscv.attributes
                0x00000201       0x2a C:/Users/jesse/AppData/Roaming/xPacks/@xpack-dev-tools/riscv-none-elf-gcc/14.2.0-1.1/.content/bin/../lib/gcc/riscv-none-elf/14.2.0/../../../../riscv-none-elf/lib/rv32im/ilp32\libg_nano.a(libc_a-findfp.o)
 .riscv.attributes
                0x0000022b       0x2a C:/Users/jesse/AppData/Roaming/xPacks/@xpack-dev-tools/riscv-none-elf-gcc/14.2.0-1.1/.content/bin/../lib/gcc/riscv-none-elf/14.2.0/../../../../riscv-none-elf/lib/rv32im/ilp32\libg_nano.a(libc_a-init.o)

.debug_frame    0x00000000      0x1ec
 .debug_frame   0x00000000       0x2c ./src/hello_world.o
 .debug_frame   0x0000002c       0x3c ./lib/util/delayms.o
 .debug_frame   0x00000068       0x38 ./lib/util/printdec.o
 .debug_frame   0x000000a0       0x3c ./lib/uart/uart1_init.o
 .debug_frame   0x000000dc       0x38 ./lib/uart/uart1_putc.o
 .debug_frame   0x00000114       0x38 ./lib/uart/uart1_puts.o
 .debug_frame   0x0000014c       0x2c ./lib/syscalls/sys_exit.o
 .debug_frame   0x00000178       0x38 ./lib/gpio/gpioa_writepin.o
 .debug_frame   0x000001b0       0x3c ./crt/startup.o
