19:15:08 **** Build of configuration Debug for project coremark ****
make -j16 all 
Building file: ../src/core_list_join.c
Building file: ../src/core_main.c
Building file: ../src/core_matrix.c
Invoking: GNU RISC-V Cross C Compiler
Invoking: GNU RISC-V Cross C Compiler
riscv-none-elf-gcc.cmd -march=rv32im_zicsr -mabi=ilp32 -msmall-data-limit=8 -mno-save-restore -O3 -fmessage-length=0 -fsigned-char -ffunction-sections -fdata-sections -g3 -isystem"D:\PROJECTS\RISCVDEV\thuas-riscv\eclipse\windows\coremark\include" -std=gnu11 -MMD -MP -MF"src/core_list_join.d" -MT"src/core_list_join.o" -c -o "src/core_list_join.o" "../src/core_list_join.c"
Building file: ../src/core_portme.c
riscv-none-elf-gcc.cmd -march=rv32im_zicsr -mabi=ilp32 -msmall-data-limit=8 -mno-save-restore -O3 -fmessage-length=0 -fsigned-char -ffunction-sections -fdata-sections -g3 -isystem"D:\PROJECTS\RISCVDEV\thuas-riscv\eclipse\windows\coremark\include" -std=gnu11 -MMD -MP -MF"src/core_main.d" -MT"src/core_main.o" -c -o "src/core_main.o" "../src/core_main.c"
Invoking: GNU RISC-V Cross C Compiler
riscv-none-elf-gcc.cmd -march=rv32im_zicsr -mabi=ilp32 -msmall-data-limit=8 -mno-save-restore -O3 -fmessage-length=0 -fsigned-char -ffunction-sections -fdata-sections -g3 -isystem"D:\PROJECTS\RISCVDEV\thuas-riscv\eclipse\windows\coremark\include" -std=gnu11 -MMD -MP -MF"src/core_matrix.d" -MT"src/core_matrix.o" -c -o "src/core_matrix.o" "../src/core_matrix.c"
Invoking: GNU RISC-V Cross C Compiler
riscv-none-elf-gcc.cmd -march=rv32im_zicsr -mabi=ilp32 -msmall-data-limit=8 -mno-save-restore -O3 -fmessage-length=0 -fsigned-char -ffunction-sections -fdata-sections -g3 -isystem"D:\PROJECTS\RISCVDEV\thuas-riscv\eclipse\windows\coremark\include" -std=gnu11 -MMD -MP -MF"src/core_portme.d" -MT"src/core_portme.o" -c -o "src/core_portme.o" "../src/core_portme.c"
Building file: ../src/core_state.c
Building file: ../src/core_util.c
Building file: ../src/cvt.c
Invoking: GNU RISC-V Cross C Compiler
Building file: ../src/ee_printf.c
Invoking: GNU RISC-V Cross C Compiler
riscv-none-elf-gcc.cmd -march=rv32im_zicsr -mabi=ilp32 -msmall-data-limit=8 -mno-save-restore -O3 -fmessage-length=0 -fsigned-char -ffunction-sections -fdata-sections -g3 -isystem"D:\PROJECTS\RISCVDEV\thuas-riscv\eclipse\windows\coremark\include" -std=gnu11 -MMD -MP -MF"src/core_state.d" -MT"src/core_state.o" -c -o "src/core_state.o" "../src/core_state.c"
Building file: ../lib/wdt/wdt_init.c
riscv-none-elf-gcc.cmd -march=rv32im_zicsr -mabi=ilp32 -msmall-data-limit=8 -mno-save-restore -O3 -fmessage-length=0 -fsigned-char -ffunction-sections -fdata-sections -g3 -isystem"D:\PROJECTS\RISCVDEV\thuas-riscv\eclipse\windows\coremark\include" -std=gnu11 -MMD -MP -MF"src/core_util.d" -MT"src/core_util.o" -c -o "src/core_util.o" "../src/core_util.c"
Invoking: GNU RISC-V Cross C Compiler
riscv-none-elf-gcc.cmd -march=rv32im_zicsr -mabi=ilp32 -msmall-data-limit=8 -mno-save-restore -O3 -fmessage-length=0 -fsigned-char -ffunction-sections -fdata-sections -g3 -isystem"D:\PROJECTS\RISCVDEV\thuas-riscv\eclipse\windows\coremark\include" -std=gnu11 -MMD -MP -MF"src/cvt.d" -MT"src/cvt.o" -c -o "src/cvt.o" "../src/cvt.c"
Invoking: GNU RISC-V Cross C Compiler
riscv-none-elf-gcc.cmd -march=rv32im_zicsr -mabi=ilp32 -msmall-data-limit=8 -mno-save-restore -O3 -fmessage-length=0 -fsigned-char -ffunction-sections -fdata-sections -g3 -isystem"D:\PROJECTS\RISCVDEV\thuas-riscv\eclipse\windows\coremark\include" -std=gnu11 -MMD -MP -MF"src/ee_printf.d" -MT"src/ee_printf.o" -c -o "src/ee_printf.o" "../src/ee_printf.c"
Invoking: GNU RISC-V Cross C Compiler
riscv-none-elf-gcc.cmd -march=rv32im_zicsr -mabi=ilp32 -msmall-data-limit=8 -mno-save-restore -O3 -fmessage-length=0 -fsigned-char -ffunction-sections -fdata-sections -g3 -isystem"D:\PROJECTS\RISCVDEV\thuas-riscv\eclipse\windows\coremark\include" -std=gnu11 -MMD -MP -MF"lib/wdt/wdt_init.d" -MT"lib/wdt/wdt_init.o" -c -o "lib/wdt/wdt_init.o" "../lib/wdt/wdt_init.c"
Building file: ../lib/wdt/wdt_reset.c
Building file: ../lib/wdt/wdt_start.c
Building file: ../lib/wdt/wdt_stop.c
Invoking: GNU RISC-V Cross C Compiler
riscv-none-elf-gcc.cmd -march=rv32im_zicsr -mabi=ilp32 -msmall-data-limit=8 -mno-save-restore -O3 -fmessage-length=0 -fsigned-char -ffunction-sections -fdata-sections -g3 -isystem"D:\PROJECTS\RISCVDEV\thuas-riscv\eclipse\windows\coremark\include" -std=gnu11 -MMD -MP -MF"lib/wdt/wdt_reset.d" -MT"lib/wdt/wdt_reset.o" -c -o "lib/wdt/wdt_reset.o" "../lib/wdt/wdt_reset.c"
Building file: ../lib/util/delayms.c
Invoking: GNU RISC-V Cross C Compiler
riscv-none-elf-gcc.cmd -march=rv32im_zicsr -mabi=ilp32 -msmall-data-limit=8 -mno-save-restore -O3 -fmessage-length=0 -fsigned-char -ffunction-sections -fdata-sections -g3 -isystem"D:\PROJECTS\RISCVDEV\thuas-riscv\eclipse\windows\coremark\include" -std=gnu11 -MMD -MP -MF"lib/wdt/wdt_start.d" -MT"lib/wdt/wdt_start.o" -c -o "lib/wdt/wdt_start.o" "../lib/wdt/wdt_start.c"
Building file: ../lib/util/gethex.c
Invoking: GNU RISC-V Cross C Compiler
riscv-none-elf-gcc.cmd -march=rv32im_zicsr -mabi=ilp32 -msmall-data-limit=8 -mno-save-restore -O3 -fmessage-length=0 -fsigned-char -ffunction-sections -fdata-sections -g3 -isystem"D:\PROJECTS\RISCVDEV\thuas-riscv\eclipse\windows\coremark\include" -std=gnu11 -MMD -MP -MF"lib/wdt/wdt_stop.d" -MT"lib/wdt/wdt_stop.o" -c -o "lib/wdt/wdt_stop.o" "../lib/wdt/wdt_stop.c"
Invoking: GNU RISC-V Cross C Compiler
riscv-none-elf-gcc.cmd -march=rv32im_zicsr -mabi=ilp32 -msmall-data-limit=8 -mno-save-restore -O3 -fmessage-length=0 -fsigned-char -ffunction-sections -fdata-sections -g3 -isystem"D:\PROJECTS\RISCVDEV\thuas-riscv\eclipse\windows\coremark\include" -std=gnu11 -MMD -MP -MF"lib/util/delayms.d" -MT"lib/util/delayms.o" -c -o "lib/util/delayms.o" "../lib/util/delayms.c"
Invoking: GNU RISC-V Cross C Compiler
riscv-none-elf-gcc.cmd -march=rv32im_zicsr -mabi=ilp32 -msmall-data-limit=8 -mno-save-restore -O3 -fmessage-length=0 -fsigned-char -ffunction-sections -fdata-sections -g3 -isystem"D:\PROJECTS\RISCVDEV\thuas-riscv\eclipse\windows\coremark\include" -std=gnu11 -MMD -MP -MF"lib/util/gethex.d" -MT"lib/util/gethex.o" -c -o "lib/util/gethex.o" "../lib/util/gethex.c"
Building file: ../lib/util/parsehex.c
Building file: ../lib/util/printdec.c
Invoking: GNU RISC-V Cross C Compiler
riscv-none-elf-gcc.cmd -march=rv32im_zicsr -mabi=ilp32 -msmall-data-limit=8 -mno-save-restore -O3 -fmessage-length=0 -fsigned-char -ffunction-sections -fdata-sections -g3 -isystem"D:\PROJECTS\RISCVDEV\thuas-riscv\eclipse\windows\coremark\include" -std=gnu11 -MMD -MP -MF"lib/util/parsehex.d" -MT"lib/util/parsehex.o" -c -o "lib/util/parsehex.o" "../lib/util/parsehex.c"
Invoking: GNU RISC-V Cross C Compiler
riscv-none-elf-gcc.cmd -march=rv32im_zicsr -mabi=ilp32 -msmall-data-limit=8 -mno-save-restore -O3 -fmessage-length=0 -fsigned-char -ffunction-sections -fdata-sections -g3 -isystem"D:\PROJECTS\RISCVDEV\thuas-riscv\eclipse\windows\coremark\include" -std=gnu11 -MMD -MP -MF"lib/util/printdec.d" -MT"lib/util/printdec.o" -c -o "lib/util/printdec.o" "../lib/util/printdec.c"
Finished building: ../lib/wdt/wdt_init.c
Finished building: ../src/core_portme.c
Finished building: ../src/cvt.c
 
 
Finished building: ../src/core_main.c
Finished building: ../src/core_state.c
Building file: ../lib/util/printhex.c
 
Building file: ../lib/util/printhwversion.c
 
 
Finished building: ../lib/wdt/wdt_stop.c
Invoking: GNU RISC-V Cross C Compiler
Finished building: ../lib/util/gethex.c
Finished building: ../src/core_util.c
Finished building: ../lib/wdt/wdt_reset.c
riscv-none-elf-gcc.cmd -march=rv32im_zicsr -mabi=ilp32 -msmall-data-limit=8 -mno-save-restore -O3 -fmessage-length=0 -fsigned-char -ffunction-sections -fdata-sections -g3 -isystem"D:\PROJECTS\RISCVDEV\thuas-riscv\eclipse\windows\coremark\include" -std=gnu11 -MMD -MP -MF"lib/util/printhex.d" -MT"lib/util/printhex.o" -c -o "lib/util/printhex.o" "../lib/util/printhex.c"
Invoking: GNU RISC-V Cross C Compiler
Finished building: ../lib/wdt/wdt_start.c
 
riscv-none-elf-gcc.cmd -march=rv32im_zicsr -mabi=ilp32 -msmall-data-limit=8 -mno-save-restore -O3 -fmessage-length=0 -fsigned-char -ffunction-sections -fdata-sections -g3 -isystem"D:\PROJECTS\RISCVDEV\thuas-riscv\eclipse\windows\coremark\include" -std=gnu11 -MMD -MP -MF"lib/util/printhwversion.d" -MT"lib/util/printhwversion.o" -c -o "lib/util/printhwversion.o" "../lib/util/printhwversion.c"
 
Building file: ../lib/util/printlogo.c
 
 
 
Building file: ../lib/uart/uart1_getc.c
Finished building: ../src/core_list_join.c
Finished building: ../src/core_matrix.c
Finished building: ../lib/util/delayms.c
Finished building: ../lib/util/printdec.c
Invoking: GNU RISC-V Cross C Compiler
Invoking: GNU RISC-V Cross C Compiler
riscv-none-elf-gcc.cmd -march=rv32im_zicsr -mabi=ilp32 -msmall-data-limit=8 -mno-save-restore -O3 -fmessage-length=0 -fsigned-char -ffunction-sections -fdata-sections -g3 -isystem"D:\PROJECTS\RISCVDEV\thuas-riscv\eclipse\windows\coremark\include" -std=gnu11 -MMD -MP -MF"lib/util/printlogo.d" -MT"lib/util/printlogo.o" -c -o "lib/util/printlogo.o" "../lib/util/printlogo.c"
 
 
riscv-none-elf-gcc.cmd -march=rv32im_zicsr -mabi=ilp32 -msmall-data-limit=8 -mno-save-restore -O3 -fmessage-length=0 -fsigned-char -ffunction-sections -fdata-sections -g3 -isystem"D:\PROJECTS\RISCVDEV\thuas-riscv\eclipse\windows\coremark\include" -std=gnu11 -MMD -MP -MF"lib/uart/uart1_getc.d" -MT"lib/uart/uart1_getc.o" -c -o "lib/uart/uart1_getc.o" "../lib/uart/uart1_getc.c"
 
 
Building file: ../lib/uart/uart1_gets.c
Building file: ../lib/uart/uart1_init.c
Building file: ../lib/uart/uart1_printf.c
Building file: ../lib/uart/uart1_printlonglong.c
Invoking: GNU RISC-V Cross C Compiler
riscv-none-elf-gcc.cmd -march=rv32im_zicsr -mabi=ilp32 -msmall-data-limit=8 -mno-save-restore -O3 -fmessage-length=0 -fsigned-char -ffunction-sections -fdata-sections -g3 -isystem"D:\PROJECTS\RISCVDEV\thuas-riscv\eclipse\windows\coremark\include" -std=gnu11 -MMD -MP -MF"lib/uart/uart1_gets.d" -MT"lib/uart/uart1_gets.o" -c -o "lib/uart/uart1_gets.o" "../lib/uart/uart1_gets.c"
Building file: ../lib/uart/uart1_printulonglong.c
Invoking: GNU RISC-V Cross C Compiler
Invoking: GNU RISC-V Cross C Compiler
Invoking: GNU RISC-V Cross C Compiler
riscv-none-elf-gcc.cmd -march=rv32im_zicsr -mabi=ilp32 -msmall-data-limit=8 -mno-save-restore -O3 -fmessage-length=0 -fsigned-char -ffunction-sections -fdata-sections -g3 -isystem"D:\PROJECTS\RISCVDEV\thuas-riscv\eclipse\windows\coremark\include" -std=gnu11 -MMD -MP -MF"lib/uart/uart1_init.d" -MT"lib/uart/uart1_init.o" -c -o "lib/uart/uart1_init.o" "../lib/uart/uart1_init.c"
Invoking: GNU RISC-V Cross C Compiler
riscv-none-elf-gcc.cmd -march=rv32im_zicsr -mabi=ilp32 -msmall-data-limit=8 -mno-save-restore -O3 -fmessage-length=0 -fsigned-char -ffunction-sections -fdata-sections -g3 -isystem"D:\PROJECTS\RISCVDEV\thuas-riscv\eclipse\windows\coremark\include" -std=gnu11 -MMD -MP -MF"lib/uart/uart1_printf.d" -MT"lib/uart/uart1_printf.o" -c -o "lib/uart/uart1_printf.o" "../lib/uart/uart1_printf.c"
Building file: ../lib/uart/uart1_putc.c
riscv-none-elf-gcc.cmd -march=rv32im_zicsr -mabi=ilp32 -msmall-data-limit=8 -mno-save-restore -O3 -fmessage-length=0 -fsigned-char -ffunction-sections -fdata-sections -g3 -isystem"D:\PROJECTS\RISCVDEV\thuas-riscv\eclipse\windows\coremark\include" -std=gnu11 -MMD -MP -MF"lib/uart/uart1_printlonglong.d" -MT"lib/uart/uart1_printlonglong.o" -c -o "lib/uart/uart1_printlonglong.o" "../lib/uart/uart1_printlonglong.c"
riscv-none-elf-gcc.cmd -march=rv32im_zicsr -mabi=ilp32 -msmall-data-limit=8 -mno-save-restore -O3 -fmessage-length=0 -fsigned-char -ffunction-sections -fdata-sections -g3 -isystem"D:\PROJECTS\RISCVDEV\thuas-riscv\eclipse\windows\coremark\include" -std=gnu11 -MMD -MP -MF"lib/uart/uart1_printulonglong.d" -MT"lib/uart/uart1_printulonglong.o" -c -o "lib/uart/uart1_printulonglong.o" "../lib/uart/uart1_printulonglong.c"
Finished building: ../lib/util/parsehex.c
 
Invoking: GNU RISC-V Cross C Compiler
riscv-none-elf-gcc.cmd -march=rv32im_zicsr -mabi=ilp32 -msmall-data-limit=8 -mno-save-restore -O3 -fmessage-length=0 -fsigned-char -ffunction-sections -fdata-sections -g3 -isystem"D:\PROJECTS\RISCVDEV\thuas-riscv\eclipse\windows\coremark\include" -std=gnu11 -MMD -MP -MF"lib/uart/uart1_putc.d" -MT"lib/uart/uart1_putc.o" -c -o "lib/uart/uart1_putc.o" "../lib/uart/uart1_putc.c"
Building file: ../lib/uart/uart_hasreceived.c
Building file: ../lib/timer/timer1_clear_interrupt.c
Building file: ../lib/uart/uart1_puts.c
Building file: ../lib/timer/timer1_disable_interrupt.c
Building file: ../lib/timer/timer1_disable.c
Invoking: GNU RISC-V Cross C Compiler
Invoking: GNU RISC-V Cross C Compiler
Invoking: GNU RISC-V Cross C Compiler
riscv-none-elf-gcc.cmd -march=rv32im_zicsr -mabi=ilp32 -msmall-data-limit=8 -mno-save-restore -O3 -fmessage-length=0 -fsigned-char -ffunction-sections -fdata-sections -g3 -isystem"D:\PROJECTS\RISCVDEV\thuas-riscv\eclipse\windows\coremark\include" -std=gnu11 -MMD -MP -MF"lib/uart/uart1_puts.d" -MT"lib/uart/uart1_puts.o" -c -o "lib/uart/uart1_puts.o" "../lib/uart/uart1_puts.c"
riscv-none-elf-gcc.cmd -march=rv32im_zicsr -mabi=ilp32 -msmall-data-limit=8 -mno-save-restore -O3 -fmessage-length=0 -fsigned-char -ffunction-sections -fdata-sections -g3 -isystem"D:\PROJECTS\RISCVDEV\thuas-riscv\eclipse\windows\coremark\include" -std=gnu11 -MMD -MP -MF"lib/uart/uart_hasreceived.d" -MT"lib/uart/uart_hasreceived.o" -c -o "lib/uart/uart_hasreceived.o" "../lib/uart/uart_hasreceived.c"
Invoking: GNU RISC-V Cross C Compiler
riscv-none-elf-gcc.cmd -march=rv32im_zicsr -mabi=ilp32 -msmall-data-limit=8 -mno-save-restore -O3 -fmessage-length=0 -fsigned-char -ffunction-sections -fdata-sections -g3 -isystem"D:\PROJECTS\RISCVDEV\thuas-riscv\eclipse\windows\coremark\include" -std=gnu11 -MMD -MP -MF"lib/timer/timer1_clear_interrupt.d" -MT"lib/timer/timer1_clear_interrupt.o" -c -o "lib/timer/timer1_clear_interrupt.o" "../lib/timer/timer1_clear_interrupt.c"
Invoking: GNU RISC-V Cross C Compiler
riscv-none-elf-gcc.cmd -march=rv32im_zicsr -mabi=ilp32 -msmall-data-limit=8 -mno-save-restore -O3 -fmessage-length=0 -fsigned-char -ffunction-sections -fdata-sections -g3 -isystem"D:\PROJECTS\RISCVDEV\thuas-riscv\eclipse\windows\coremark\include" -std=gnu11 -MMD -MP -MF"lib/timer/timer1_disable_interrupt.d" -MT"lib/timer/timer1_disable_interrupt.o" -c -o "lib/timer/timer1_disable_interrupt.o" "../lib/timer/timer1_disable_interrupt.c"
riscv-none-elf-gcc.cmd -march=rv32im_zicsr -mabi=ilp32 -msmall-data-limit=8 -mno-save-restore -O3 -fmessage-length=0 -fsigned-char -ffunction-sections -fdata-sections -g3 -isystem"D:\PROJECTS\RISCVDEV\thuas-riscv\eclipse\windows\coremark\include" -std=gnu11 -MMD -MP -MF"lib/timer/timer1_disable.d" -MT"lib/timer/timer1_disable.o" -c -o "lib/timer/timer1_disable.o" "../lib/timer/timer1_disable.c"
Finished building: ../lib/util/printhex.c
Finished building: ../lib/util/printhwversion.c
 
Finished building: ../src/ee_printf.c
 
Building file: ../lib/timer/timer1_enable.c
Finished building: ../lib/util/printlogo.c
 
Building file: ../lib/timer/timer1_enable_interrupt.c
Invoking: GNU RISC-V Cross C Compiler
Building file: ../lib/timer/timer1_getcounter.c
 
Invoking: GNU RISC-V Cross C Compiler
riscv-none-elf-gcc.cmd -march=rv32im_zicsr -mabi=ilp32 -msmall-data-limit=8 -mno-save-restore -O3 -fmessage-length=0 -fsigned-char -ffunction-sections -fdata-sections -g3 -isystem"D:\PROJECTS\RISCVDEV\thuas-riscv\eclipse\windows\coremark\include" -std=gnu11 -MMD -MP -MF"lib/timer/timer1_enable.d" -MT"lib/timer/timer1_enable.o" -c -o "lib/timer/timer1_enable.o" "../lib/timer/timer1_enable.c"
riscv-none-elf-gcc.cmd -march=rv32im_zicsr -mabi=ilp32 -msmall-data-limit=8 -mno-save-restore -O3 -fmessage-length=0 -fsigned-char -ffunction-sections -fdata-sections -g3 -isystem"D:\PROJECTS\RISCVDEV\thuas-riscv\eclipse\windows\coremark\include" -std=gnu11 -MMD -MP -MF"lib/timer/timer1_enable_interrupt.d" -MT"lib/timer/timer1_enable_interrupt.o" -c -o "lib/timer/timer1_enable_interrupt.o" "../lib/timer/timer1_enable_interrupt.c"
Finished building: ../lib/uart/uart1_getc.c
Invoking: GNU RISC-V Cross C Compiler
Building file: ../lib/timer/timer1_setcompare.c
Finished building: ../lib/uart/uart1_init.c
riscv-none-elf-gcc.cmd -march=rv32im_zicsr -mabi=ilp32 -msmall-data-limit=8 -mno-save-restore -O3 -fmessage-length=0 -fsigned-char -ffunction-sections -fdata-sections -g3 -isystem"D:\PROJECTS\RISCVDEV\thuas-riscv\eclipse\windows\coremark\include" -std=gnu11 -MMD -MP -MF"lib/timer/timer1_getcounter.d" -MT"lib/timer/timer1_getcounter.o" -c -o "lib/timer/timer1_getcounter.o" "../lib/timer/timer1_getcounter.c"
 
Invoking: GNU RISC-V Cross C Compiler
 
Finished building: ../lib/uart/uart1_printlonglong.c
Finished building: ../lib/uart/uart1_gets.c
Finished building: ../lib/uart/uart1_putc.c
riscv-none-elf-gcc.cmd -march=rv32im_zicsr -mabi=ilp32 -msmall-data-limit=8 -mno-save-restore -O3 -fmessage-length=0 -fsigned-char -ffunction-sections -fdata-sections -g3 -isystem"D:\PROJECTS\RISCVDEV\thuas-riscv\eclipse\windows\coremark\include" -std=gnu11 -MMD -MP -MF"lib/timer/timer1_setcompare.d" -MT"lib/timer/timer1_setcompare.o" -c -o "lib/timer/timer1_setcompare.o" "../lib/timer/timer1_setcompare.c"
Building file: ../lib/timer/timer1_setcounter.c
Finished building: ../lib/uart/uart1_printf.c
 
 
 
 
Invoking: GNU RISC-V Cross C Compiler
Finished building: ../lib/uart/uart1_printulonglong.c
riscv-none-elf-gcc.cmd -march=rv32im_zicsr -mabi=ilp32 -msmall-data-limit=8 -mno-save-restore -O3 -fmessage-length=0 -fsigned-char -ffunction-sections -fdata-sections -g3 -isystem"D:\PROJECTS\RISCVDEV\thuas-riscv\eclipse\windows\coremark\include" -std=gnu11 -MMD -MP -MF"lib/timer/timer1_setcounter.d" -MT"lib/timer/timer1_setcounter.o" -c -o "lib/timer/timer1_setcounter.o" "../lib/timer/timer1_setcounter.c"
Building file: ../lib/syscalls/sys_env.c
Building file: ../lib/syscalls/sys_exit.c
Building file: ../lib/syscalls/sys_gettimeofday.c
Finished building: ../lib/timer/timer1_clear_interrupt.c
Finished building: ../lib/uart/uart1_puts.c
Finished building: ../lib/timer/timer1_disable_interrupt.c
Finished building: ../lib/timer/timer1_disable.c
 
Invoking: GNU RISC-V Cross C Compiler
Invoking: GNU RISC-V Cross C Compiler
Invoking: GNU RISC-V Cross C Compiler
riscv-none-elf-gcc.cmd -march=rv32im_zicsr -mabi=ilp32 -msmall-data-limit=8 -mno-save-restore -O3 -fmessage-length=0 -fsigned-char -ffunction-sections -fdata-sections -g3 -isystem"D:\PROJECTS\RISCVDEV\thuas-riscv\eclipse\windows\coremark\include" -std=gnu11 -MMD -MP -MF"lib/syscalls/sys_env.d" -MT"lib/syscalls/sys_env.o" -c -o "lib/syscalls/sys_env.o" "../lib/syscalls/sys_env.c"
 
 
 
Finished building: ../lib/uart/uart_hasreceived.c
riscv-none-elf-gcc.cmd -march=rv32im_zicsr -mabi=ilp32 -msmall-data-limit=8 -mno-save-restore -O3 -fmessage-length=0 -fsigned-char -ffunction-sections -fdata-sections -g3 -isystem"D:\PROJECTS\RISCVDEV\thuas-riscv\eclipse\windows\coremark\include" -std=gnu11 -MMD -MP -MF"lib/syscalls/sys_exit.d" -MT"lib/syscalls/sys_exit.o" -c -o "lib/syscalls/sys_exit.o" "../lib/syscalls/sys_exit.c"
 
riscv-none-elf-gcc.cmd -march=rv32im_zicsr -mabi=ilp32 -msmall-data-limit=8 -mno-save-restore -O3 -fmessage-length=0 -fsigned-char -ffunction-sections -fdata-sections -g3 -isystem"D:\PROJECTS\RISCVDEV\thuas-riscv\eclipse\windows\coremark\include" -std=gnu11 -MMD -MP -MF"lib/syscalls/sys_gettimeofday.d" -MT"lib/syscalls/sys_gettimeofday.o" -c -o "lib/syscalls/sys_gettimeofday.o" "../lib/syscalls/sys_gettimeofday.c"
 
Building file: ../lib/syscalls/sys_read_write.c
Building file: ../lib/syscalls/sys_sbrk.c
Building file: ../lib/syscalls/sys_times.c
Building file: ../lib/syscalls/sys_remaining.c
Invoking: GNU RISC-V Cross C Compiler
Building file: ../lib/spi/spi1_csdisable.c
Building file: ../lib/spi/spi1_csenable.c
Building file: ../lib/spi/spi1_init.c
riscv-none-elf-gcc.cmd -march=rv32im_zicsr -mabi=ilp32 -msmall-data-limit=8 -mno-save-restore -O3 -fmessage-length=0 -fsigned-char -ffunction-sections -fdata-sections -g3 -isystem"D:\PROJECTS\RISCVDEV\thuas-riscv\eclipse\windows\coremark\include" -std=gnu11 -MMD -MP -MF"lib/syscalls/sys_read_write.d" -MT"lib/syscalls/sys_read_write.o" -c -o "lib/syscalls/sys_read_write.o" "../lib/syscalls/sys_read_write.c"
Invoking: GNU RISC-V Cross C Compiler
Building file: ../lib/spi/spi1_receive.c
riscv-none-elf-gcc.cmd -march=rv32im_zicsr -mabi=ilp32 -msmall-data-limit=8 -mno-save-restore -O3 -fmessage-length=0 -fsigned-char -ffunction-sections -fdata-sections -g3 -isystem"D:\PROJECTS\RISCVDEV\thuas-riscv\eclipse\windows\coremark\include" -std=gnu11 -MMD -MP -MF"lib/syscalls/sys_sbrk.d" -MT"lib/syscalls/sys_sbrk.o" -c -o "lib/syscalls/sys_sbrk.o" "../lib/syscalls/sys_sbrk.c"
Invoking: GNU RISC-V Cross C Compiler
Invoking: GNU RISC-V Cross C Compiler
riscv-none-elf-gcc.cmd -march=rv32im_zicsr -mabi=ilp32 -msmall-data-limit=8 -mno-save-restore -O3 -fmessage-length=0 -fsigned-char -ffunction-sections -fdata-sections -g3 -isystem"D:\PROJECTS\RISCVDEV\thuas-riscv\eclipse\windows\coremark\include" -std=gnu11 -MMD -MP -MF"lib/syscalls/sys_remaining.d" -MT"lib/syscalls/sys_remaining.o" -c -o "lib/syscalls/sys_remaining.o" "../lib/syscalls/sys_remaining.c"
riscv-none-elf-gcc.cmd -march=rv32im_zicsr -mabi=ilp32 -msmall-data-limit=8 -mno-save-restore -O3 -fmessage-length=0 -fsigned-char -ffunction-sections -fdata-sections -g3 -isystem"D:\PROJECTS\RISCVDEV\thuas-riscv\eclipse\windows\coremark\include" -std=gnu11 -MMD -MP -MF"lib/syscalls/sys_times.d" -MT"lib/syscalls/sys_times.o" -c -o "lib/syscalls/sys_times.o" "../lib/syscalls/sys_times.c"
Invoking: GNU RISC-V Cross C Compiler
Invoking: GNU RISC-V Cross C Compiler
riscv-none-elf-gcc.cmd -march=rv32im_zicsr -mabi=ilp32 -msmall-data-limit=8 -mno-save-restore -O3 -fmessage-length=0 -fsigned-char -ffunction-sections -fdata-sections -g3 -isystem"D:\PROJECTS\RISCVDEV\thuas-riscv\eclipse\windows\coremark\include" -std=gnu11 -MMD -MP -MF"lib/spi/spi1_init.d" -MT"lib/spi/spi1_init.o" -c -o "lib/spi/spi1_init.o" "../lib/spi/spi1_init.c"
Invoking: GNU RISC-V Cross C Compiler
riscv-none-elf-gcc.cmd -march=rv32im_zicsr -mabi=ilp32 -msmall-data-limit=8 -mno-save-restore -O3 -fmessage-length=0 -fsigned-char -ffunction-sections -fdata-sections -g3 -isystem"D:\PROJECTS\RISCVDEV\thuas-riscv\eclipse\windows\coremark\include" -std=gnu11 -MMD -MP -MF"lib/spi/spi1_csdisable.d" -MT"lib/spi/spi1_csdisable.o" -c -o "lib/spi/spi1_csdisable.o" "../lib/spi/spi1_csdisable.c"
Invoking: GNU RISC-V Cross C Compiler
riscv-none-elf-gcc.cmd -march=rv32im_zicsr -mabi=ilp32 -msmall-data-limit=8 -mno-save-restore -O3 -fmessage-length=0 -fsigned-char -ffunction-sections -fdata-sections -g3 -isystem"D:\PROJECTS\RISCVDEV\thuas-riscv\eclipse\windows\coremark\include" -std=gnu11 -MMD -MP -MF"lib/spi/spi1_csenable.d" -MT"lib/spi/spi1_csenable.o" -c -o "lib/spi/spi1_csenable.o" "../lib/spi/spi1_csenable.c"
riscv-none-elf-gcc.cmd -march=rv32im_zicsr -mabi=ilp32 -msmall-data-limit=8 -mno-save-restore -O3 -fmessage-length=0 -fsigned-char -ffunction-sections -fdata-sections -g3 -isystem"D:\PROJECTS\RISCVDEV\thuas-riscv\eclipse\windows\coremark\include" -std=gnu11 -MMD -MP -MF"lib/spi/spi1_receive.d" -MT"lib/spi/spi1_receive.o" -c -o "lib/spi/spi1_receive.o" "../lib/spi/spi1_receive.c"
Finished building: ../lib/timer/timer1_enable.c
 
Finished building: ../lib/timer/timer1_enable_interrupt.c
Building file: ../lib/spi/spi1_transfer.c
Finished building: ../lib/timer/timer1_getcounter.c
 
Finished building: ../lib/timer/timer1_setcompare.c
Invoking: GNU RISC-V Cross C Compiler
riscv-none-elf-gcc.cmd -march=rv32im_zicsr -mabi=ilp32 -msmall-data-limit=8 -mno-save-restore -O3 -fmessage-length=0 -fsigned-char -ffunction-sections -fdata-sections -g3 -isystem"D:\PROJECTS\RISCVDEV\thuas-riscv\eclipse\windows\coremark\include" -std=gnu11 -MMD -MP -MF"lib/spi/spi1_transfer.d" -MT"lib/spi/spi1_transfer.o" -c -o "lib/spi/spi1_transfer.o" "../lib/spi/spi1_transfer.c"
Finished building: ../lib/timer/timer1_setcounter.c
 
Building file: ../lib/spi/spi1_transmit.c
Finished building: ../lib/syscalls/sys_env.c
 
 
Invoking: GNU RISC-V Cross C Compiler
riscv-none-elf-gcc.cmd -march=rv32im_zicsr -mabi=ilp32 -msmall-data-limit=8 -mno-save-restore -O3 -fmessage-length=0 -fsigned-char -ffunction-sections -fdata-sections -g3 -isystem"D:\PROJECTS\RISCVDEV\thuas-riscv\eclipse\windows\coremark\include" -std=gnu11 -MMD -MP -MF"lib/spi/spi1_transmit.d" -MT"lib/spi/spi1_transmit.o" -c -o "lib/spi/spi1_transmit.o" "../lib/spi/spi1_transmit.c"
 
Finished building: ../lib/syscalls/sys_exit.c
Building file: ../lib/spi/spi2_csdisable.c
Building file: ../lib/spi/spi1_transmit_receive.c
Building file: ../lib/spi/spi2_csenable.c
Building file: ../lib/spi/spi2_init.c
Invoking: GNU RISC-V Cross C Compiler
 
Invoking: GNU RISC-V Cross C Compiler
riscv-none-elf-gcc.cmd -march=rv32im_zicsr -mabi=ilp32 -msmall-data-limit=8 -mno-save-restore -O3 -fmessage-length=0 -fsigned-char -ffunction-sections -fdata-sections -g3 -isystem"D:\PROJECTS\RISCVDEV\thuas-riscv\eclipse\windows\coremark\include" -std=gnu11 -MMD -MP -MF"lib/spi/spi1_transmit_receive.d" -MT"lib/spi/spi1_transmit_receive.o" -c -o "lib/spi/spi1_transmit_receive.o" "../lib/spi/spi1_transmit_receive.c"
riscv-none-elf-gcc.cmd -march=rv32im_zicsr -mabi=ilp32 -msmall-data-limit=8 -mno-save-restore -O3 -fmessage-length=0 -fsigned-char -ffunction-sections -fdata-sections -g3 -isystem"D:\PROJECTS\RISCVDEV\thuas-riscv\eclipse\windows\coremark\include" -std=gnu11 -MMD -MP -MF"lib/spi/spi2_csdisable.d" -MT"lib/spi/spi2_csdisable.o" -c -o "lib/spi/spi2_csdisable.o" "../lib/spi/spi2_csdisable.c"
Invoking: GNU RISC-V Cross C Compiler
riscv-none-elf-gcc.cmd -march=rv32im_zicsr -mabi=ilp32 -msmall-data-limit=8 -mno-save-restore -O3 -fmessage-length=0 -fsigned-char -ffunction-sections -fdata-sections -g3 -isystem"D:\PROJECTS\RISCVDEV\thuas-riscv\eclipse\windows\coremark\include" -std=gnu11 -MMD -MP -MF"lib/spi/spi2_init.d" -MT"lib/spi/spi2_init.o" -c -o "lib/spi/spi2_init.o" "../lib/spi/spi2_init.c"
Invoking: GNU RISC-V Cross C Compiler
riscv-none-elf-gcc.cmd -march=rv32im_zicsr -mabi=ilp32 -msmall-data-limit=8 -mno-save-restore -O3 -fmessage-length=0 -fsigned-char -ffunction-sections -fdata-sections -g3 -isystem"D:\PROJECTS\RISCVDEV\thuas-riscv\eclipse\windows\coremark\include" -std=gnu11 -MMD -MP -MF"lib/spi/spi2_csenable.d" -MT"lib/spi/spi2_csenable.o" -c -o "lib/spi/spi2_csenable.o" "../lib/spi/spi2_csenable.c"
Building file: ../lib/spi/spi2_transfer.c
Invoking: GNU RISC-V Cross C Compiler
riscv-none-elf-gcc.cmd -march=rv32im_zicsr -mabi=ilp32 -msmall-data-limit=8 -mno-save-restore -O3 -fmessage-length=0 -fsigned-char -ffunction-sections -fdata-sections -g3 -isystem"D:\PROJECTS\RISCVDEV\thuas-riscv\eclipse\windows\coremark\include" -std=gnu11 -MMD -MP -MF"lib/spi/spi2_transfer.d" -MT"lib/spi/spi2_transfer.o" -c -o "lib/spi/spi2_transfer.o" "../lib/spi/spi2_transfer.c"
Finished building: ../lib/syscalls/sys_gettimeofday.c
 
Building file: ../lib/i2c/i2c1_init.c
Finished building: ../lib/syscalls/sys_read_write.c
Finished building: ../lib/spi/spi1_csdisable.c
Finished building: ../lib/syscalls/sys_times.c
Finished building: ../lib/syscalls/sys_sbrk.c
Finished building: ../lib/syscalls/sys_remaining.c
Finished building: ../lib/spi/spi1_init.c
Finished building: ../lib/spi/spi1_csenable.c
Finished building: ../lib/spi/spi1_receive.c
Invoking: GNU RISC-V Cross C Compiler
 
 
 
 
riscv-none-elf-gcc.cmd -march=rv32im_zicsr -mabi=ilp32 -msmall-data-limit=8 -mno-save-restore -O3 -fmessage-length=0 -fsigned-char -ffunction-sections -fdata-sections -g3 -isystem"D:\PROJECTS\RISCVDEV\thuas-riscv\eclipse\windows\coremark\include" -std=gnu11 -MMD -MP -MF"lib/i2c/i2c1_init.d" -MT"lib/i2c/i2c1_init.o" -c -o "lib/i2c/i2c1_init.o" "../lib/i2c/i2c1_init.c"
 
 
 
 
Building file: ../lib/i2c/i2c1_receive.c
Building file: ../lib/i2c/i2c1_receive_byte.c
Finished building: ../lib/spi/spi1_transfer.c
Invoking: GNU RISC-V Cross C Compiler
riscv-none-elf-gcc.cmd -march=rv32im_zicsr -mabi=ilp32 -msmall-data-limit=8 -mno-save-restore -O3 -fmessage-length=0 -fsigned-char -ffunction-sections -fdata-sections -g3 -isystem"D:\PROJECTS\RISCVDEV\thuas-riscv\eclipse\windows\coremark\include" -std=gnu11 -MMD -MP -MF"lib/i2c/i2c1_receive.d" -MT"lib/i2c/i2c1_receive.o" -c -o "lib/i2c/i2c1_receive.o" "../lib/i2c/i2c1_receive.c"
Building file: ../lib/i2c/i2c1_transmit.c
Invoking: GNU RISC-V Cross C Compiler
 
riscv-none-elf-gcc.cmd -march=rv32im_zicsr -mabi=ilp32 -msmall-data-limit=8 -mno-save-restore -O3 -fmessage-length=0 -fsigned-char -ffunction-sections -fdata-sections -g3 -isystem"D:\PROJECTS\RISCVDEV\thuas-riscv\eclipse\windows\coremark\include" -std=gnu11 -MMD -MP -MF"lib/i2c/i2c1_receive_byte.d" -MT"lib/i2c/i2c1_receive_byte.o" -c -o "lib/i2c/i2c1_receive_byte.o" "../lib/i2c/i2c1_receive_byte.c"
Building file: ../lib/i2c/i2c1_transmit_address.c
Invoking: GNU RISC-V Cross C Compiler
riscv-none-elf-gcc.cmd -march=rv32im_zicsr -mabi=ilp32 -msmall-data-limit=8 -mno-save-restore -O3 -fmessage-length=0 -fsigned-char -ffunction-sections -fdata-sections -g3 -isystem"D:\PROJECTS\RISCVDEV\thuas-riscv\eclipse\windows\coremark\include" -std=gnu11 -MMD -MP -MF"lib/i2c/i2c1_transmit.d" -MT"lib/i2c/i2c1_transmit.o" -c -o "lib/i2c/i2c1_transmit.o" "../lib/i2c/i2c1_transmit.c"
Building file: ../lib/i2c/i2c1_transmit_address_only.c
Invoking: GNU RISC-V Cross C Compiler
Building file: ../lib/i2c/i2c1_transmit_byte.c
riscv-none-elf-gcc.cmd -march=rv32im_zicsr -mabi=ilp32 -msmall-data-limit=8 -mno-save-restore -O3 -fmessage-length=0 -fsigned-char -ffunction-sections -fdata-sections -g3 -isystem"D:\PROJECTS\RISCVDEV\thuas-riscv\eclipse\windows\coremark\include" -std=gnu11 -MMD -MP -MF"lib/i2c/i2c1_transmit_address.d" -MT"lib/i2c/i2c1_transmit_address.o" -c -o "lib/i2c/i2c1_transmit_address.o" "../lib/i2c/i2c1_transmit_address.c"
Building file: ../lib/i2c/i2c2_init.c
Invoking: GNU RISC-V Cross C Compiler
riscv-none-elf-gcc.cmd -march=rv32im_zicsr -mabi=ilp32 -msmall-data-limit=8 -mno-save-restore -O3 -fmessage-length=0 -fsigned-char -ffunction-sections -fdata-sections -g3 -isystem"D:\PROJECTS\RISCVDEV\thuas-riscv\eclipse\windows\coremark\include" -std=gnu11 -MMD -MP -MF"lib/i2c/i2c1_transmit_address_only.d" -MT"lib/i2c/i2c1_transmit_address_only.o" -c -o "lib/i2c/i2c1_transmit_address_only.o" "../lib/i2c/i2c1_transmit_address_only.c"
Building file: ../lib/i2c/i2c2_receive.c
Invoking: GNU RISC-V Cross C Compiler
Invoking: GNU RISC-V Cross C Compiler
Building file: ../lib/i2c/i2c2_receive_byte.c
riscv-none-elf-gcc.cmd -march=rv32im_zicsr -mabi=ilp32 -msmall-data-limit=8 -mno-save-restore -O3 -fmessage-length=0 -fsigned-char -ffunction-sections -fdata-sections -g3 -isystem"D:\PROJECTS\RISCVDEV\thuas-riscv\eclipse\windows\coremark\include" -std=gnu11 -MMD -MP -MF"lib/i2c/i2c1_transmit_byte.d" -MT"lib/i2c/i2c1_transmit_byte.o" -c -o "lib/i2c/i2c1_transmit_byte.o" "../lib/i2c/i2c1_transmit_byte.c"
Invoking: GNU RISC-V Cross C Compiler
Finished building: ../lib/spi/spi2_init.c
Finished building: ../lib/spi/spi1_transmit.c
riscv-none-elf-gcc.cmd -march=rv32im_zicsr -mabi=ilp32 -msmall-data-limit=8 -mno-save-restore -O3 -fmessage-length=0 -fsigned-char -ffunction-sections -fdata-sections -g3 -isystem"D:\PROJECTS\RISCVDEV\thuas-riscv\eclipse\windows\coremark\include" -std=gnu11 -MMD -MP -MF"lib/i2c/i2c2_init.d" -MT"lib/i2c/i2c2_init.o" -c -o "lib/i2c/i2c2_init.o" "../lib/i2c/i2c2_init.c"
Finished building: ../lib/spi/spi1_transmit_receive.c
Finished building: ../lib/spi/spi2_csdisable.c
riscv-none-elf-gcc.cmd -march=rv32im_zicsr -mabi=ilp32 -msmall-data-limit=8 -mno-save-restore -O3 -fmessage-length=0 -fsigned-char -ffunction-sections -fdata-sections -g3 -isystem"D:\PROJECTS\RISCVDEV\thuas-riscv\eclipse\windows\coremark\include" -std=gnu11 -MMD -MP -MF"lib/i2c/i2c2_receive.d" -MT"lib/i2c/i2c2_receive.o" -c -o "lib/i2c/i2c2_receive.o" "../lib/i2c/i2c2_receive.c"
Finished building: ../lib/spi/spi2_csenable.c
Invoking: GNU RISC-V Cross C Compiler
riscv-none-elf-gcc.cmd -march=rv32im_zicsr -mabi=ilp32 -msmall-data-limit=8 -mno-save-restore -O3 -fmessage-length=0 -fsigned-char -ffunction-sections -fdata-sections -g3 -isystem"D:\PROJECTS\RISCVDEV\thuas-riscv\eclipse\windows\coremark\include" -std=gnu11 -MMD -MP -MF"lib/i2c/i2c2_receive_byte.d" -MT"lib/i2c/i2c2_receive_byte.o" -c -o "lib/i2c/i2c2_receive_byte.o" "../lib/i2c/i2c2_receive_byte.c"
 
 
 
 
 
Finished building: ../lib/spi/spi2_transfer.c
Building file: ../lib/i2c/i2c2_transmit.c
 
Building file: ../lib/i2c/i2c2_transmit_address.c
Building file: ../lib/i2c/i2c2_transmit_address_only.c
Building file: ../lib/i2c/i2c2_transmit_byte.c
Building file: ../lib/gpio/gpioa_readpin.c
Invoking: GNU RISC-V Cross C Compiler
riscv-none-elf-gcc.cmd -march=rv32im_zicsr -mabi=ilp32 -msmall-data-limit=8 -mno-save-restore -O3 -fmessage-length=0 -fsigned-char -ffunction-sections -fdata-sections -g3 -isystem"D:\PROJECTS\RISCVDEV\thuas-riscv\eclipse\windows\coremark\include" -std=gnu11 -MMD -MP -MF"lib/i2c/i2c2_transmit.d" -MT"lib/i2c/i2c2_transmit.o" -c -o "lib/i2c/i2c2_transmit.o" "../lib/i2c/i2c2_transmit.c"
Invoking: GNU RISC-V Cross C Compiler
Invoking: GNU RISC-V Cross C Compiler
Building file: ../lib/gpio/gpioa_togglepin.c
riscv-none-elf-gcc.cmd -march=rv32im_zicsr -mabi=ilp32 -msmall-data-limit=8 -mno-save-restore -O3 -fmessage-length=0 -fsigned-char -ffunction-sections -fdata-sections -g3 -isystem"D:\PROJECTS\RISCVDEV\thuas-riscv\eclipse\windows\coremark\include" -std=gnu11 -MMD -MP -MF"lib/i2c/i2c2_transmit_address.d" -MT"lib/i2c/i2c2_transmit_address.o" -c -o "lib/i2c/i2c2_transmit_address.o" "../lib/i2c/i2c2_transmit_address.c"
Invoking: GNU RISC-V Cross C Compiler
riscv-none-elf-gcc.cmd -march=rv32im_zicsr -mabi=ilp32 -msmall-data-limit=8 -mno-save-restore -O3 -fmessage-length=0 -fsigned-char -ffunction-sections -fdata-sections -g3 -isystem"D:\PROJECTS\RISCVDEV\thuas-riscv\eclipse\windows\coremark\include" -std=gnu11 -MMD -MP -MF"lib/i2c/i2c2_transmit_address_only.d" -MT"lib/i2c/i2c2_transmit_address_only.o" -c -o "lib/i2c/i2c2_transmit_address_only.o" "../lib/i2c/i2c2_transmit_address_only.c"
Invoking: GNU RISC-V Cross C Compiler
riscv-none-elf-gcc.cmd -march=rv32im_zicsr -mabi=ilp32 -msmall-data-limit=8 -mno-save-restore -O3 -fmessage-length=0 -fsigned-char -ffunction-sections -fdata-sections -g3 -isystem"D:\PROJECTS\RISCVDEV\thuas-riscv\eclipse\windows\coremark\include" -std=gnu11 -MMD -MP -MF"lib/i2c/i2c2_transmit_byte.d" -MT"lib/i2c/i2c2_transmit_byte.o" -c -o "lib/i2c/i2c2_transmit_byte.o" "../lib/i2c/i2c2_transmit_byte.c"
riscv-none-elf-gcc.cmd -march=rv32im_zicsr -mabi=ilp32 -msmall-data-limit=8 -mno-save-restore -O3 -fmessage-length=0 -fsigned-char -ffunction-sections -fdata-sections -g3 -isystem"D:\PROJECTS\RISCVDEV\thuas-riscv\eclipse\windows\coremark\include" -std=gnu11 -MMD -MP -MF"lib/gpio/gpioa_readpin.d" -MT"lib/gpio/gpioa_readpin.o" -c -o "lib/gpio/gpioa_readpin.o" "../lib/gpio/gpioa_readpin.c"
Invoking: GNU RISC-V Cross C Compiler
riscv-none-elf-gcc.cmd -march=rv32im_zicsr -mabi=ilp32 -msmall-data-limit=8 -mno-save-restore -O3 -fmessage-length=0 -fsigned-char -ffunction-sections -fdata-sections -g3 -isystem"D:\PROJECTS\RISCVDEV\thuas-riscv\eclipse\windows\coremark\include" -std=gnu11 -MMD -MP -MF"lib/gpio/gpioa_togglepin.d" -MT"lib/gpio/gpioa_togglepin.o" -c -o "lib/gpio/gpioa_togglepin.o" "../lib/gpio/gpioa_togglepin.c"
Finished building: ../lib/i2c/i2c1_init.c
 
Building file: ../lib/gpio/gpioa_writepin.c
Finished building: ../lib/i2c/i2c1_receive.c
Finished building: ../lib/i2c/i2c1_receive_byte.c
Invoking: GNU RISC-V Cross C Compiler
Finished building: ../lib/i2c/i2c1_transmit.c
riscv-none-elf-gcc.cmd -march=rv32im_zicsr -mabi=ilp32 -msmall-data-limit=8 -mno-save-restore -O3 -fmessage-length=0 -fsigned-char -ffunction-sections -fdata-sections -g3 -isystem"D:\PROJECTS\RISCVDEV\thuas-riscv\eclipse\windows\coremark\include" -std=gnu11 -MMD -MP -MF"lib/gpio/gpioa_writepin.d" -MT"lib/gpio/gpioa_writepin.o" -c -o "lib/gpio/gpioa_writepin.o" "../lib/gpio/gpioa_writepin.c"
 
Finished building: ../lib/i2c/i2c1_transmit_address.c
 
 
Building file: ../lib/csr/csr_get_cycle.c
 
Building file: ../lib/csr/csr_get_instret.c
Building file: ../lib/csr/csr_get_mhpmcounter3.c
Finished building: ../lib/i2c/i2c1_transmit_address_only.c
Invoking: GNU RISC-V Cross C Compiler
riscv-none-elf-gcc.cmd -march=rv32im_zicsr -mabi=ilp32 -msmall-data-limit=8 -mno-save-restore -O3 -fmessage-length=0 -fsigned-char -ffunction-sections -fdata-sections -g3 -isystem"D:\PROJECTS\RISCVDEV\thuas-riscv\eclipse\windows\coremark\include" -std=gnu11 -MMD -MP -MF"lib/csr/csr_get_cycle.d" -MT"lib/csr/csr_get_cycle.o" -c -o "lib/csr/csr_get_cycle.o" "../lib/csr/csr_get_cycle.c"
Invoking: GNU RISC-V Cross C Compiler
Building file: ../lib/csr/csr_get_mhpmcounter4.c
riscv-none-elf-gcc.cmd -march=rv32im_zicsr -mabi=ilp32 -msmall-data-limit=8 -mno-save-restore -O3 -fmessage-length=0 -fsigned-char -ffunction-sections -fdata-sections -g3 -isystem"D:\PROJECTS\RISCVDEV\thuas-riscv\eclipse\windows\coremark\include" -std=gnu11 -MMD -MP -MF"lib/csr/csr_get_instret.d" -MT"lib/csr/csr_get_instret.o" -c -o "lib/csr/csr_get_instret.o" "../lib/csr/csr_get_instret.c"
Invoking: GNU RISC-V Cross C Compiler
 
riscv-none-elf-gcc.cmd -march=rv32im_zicsr -mabi=ilp32 -msmall-data-limit=8 -mno-save-restore -O3 -fmessage-length=0 -fsigned-char -ffunction-sections -fdata-sections -g3 -isystem"D:\PROJECTS\RISCVDEV\thuas-riscv\eclipse\windows\coremark\include" -std=gnu11 -MMD -MP -MF"lib/csr/csr_get_mhpmcounter3.d" -MT"lib/csr/csr_get_mhpmcounter3.o" -c -o "lib/csr/csr_get_mhpmcounter3.o" "../lib/csr/csr_get_mhpmcounter3.c"
Finished building: ../lib/i2c/i2c1_transmit_byte.c
Invoking: GNU RISC-V Cross C Compiler
Finished building: ../lib/i2c/i2c2_init.c
 
riscv-none-elf-gcc.cmd -march=rv32im_zicsr -mabi=ilp32 -msmall-data-limit=8 -mno-save-restore -O3 -fmessage-length=0 -fsigned-char -ffunction-sections -fdata-sections -g3 -isystem"D:\PROJECTS\RISCVDEV\thuas-riscv\eclipse\windows\coremark\include" -std=gnu11 -MMD -MP -MF"lib/csr/csr_get_mhpmcounter4.d" -MT"lib/csr/csr_get_mhpmcounter4.o" -c -o "lib/csr/csr_get_mhpmcounter4.o" "../lib/csr/csr_get_mhpmcounter4.c"
Finished building: ../lib/i2c/i2c2_receive_byte.c
Finished building: ../lib/i2c/i2c2_receive.c
Building file: ../lib/csr/csr_get_mhpmcounter5.c
 
 
 
Building file: ../lib/csr/csr_get_mhpmcounter6.c
Invoking: GNU RISC-V Cross C Compiler
Building file: ../lib/csr/csr_get_mhpmcounter7.c
riscv-none-elf-gcc.cmd -march=rv32im_zicsr -mabi=ilp32 -msmall-data-limit=8 -mno-save-restore -O3 -fmessage-length=0 -fsigned-char -ffunction-sections -fdata-sections -g3 -isystem"D:\PROJECTS\RISCVDEV\thuas-riscv\eclipse\windows\coremark\include" -std=gnu11 -MMD -MP -MF"lib/csr/csr_get_mhpmcounter5.d" -MT"lib/csr/csr_get_mhpmcounter5.o" -c -o "lib/csr/csr_get_mhpmcounter5.o" "../lib/csr/csr_get_mhpmcounter5.c"
Building file: ../lib/csr/csr_get_mhpmcounter8.c
Finished building: ../lib/gpio/gpioa_readpin.c
Invoking: GNU RISC-V Cross C Compiler
Invoking: GNU RISC-V Cross C Compiler
Building file: ../lib/csr/csr_get_mhpmcounter9.c
Finished building: ../lib/i2c/i2c2_transmit.c
Finished building: ../lib/i2c/i2c2_transmit_address.c
riscv-none-elf-gcc.cmd -march=rv32im_zicsr -mabi=ilp32 -msmall-data-limit=8 -mno-save-restore -O3 -fmessage-length=0 -fsigned-char -ffunction-sections -fdata-sections -g3 -isystem"D:\PROJECTS\RISCVDEV\thuas-riscv\eclipse\windows\coremark\include" -std=gnu11 -MMD -MP -MF"lib/csr/csr_get_mhpmcounter6.d" -MT"lib/csr/csr_get_mhpmcounter6.o" -c -o "lib/csr/csr_get_mhpmcounter6.o" "../lib/csr/csr_get_mhpmcounter6.c"
Finished building: ../lib/i2c/i2c2_transmit_address_only.c
Finished building: ../lib/i2c/i2c2_transmit_byte.c
Invoking: GNU RISC-V Cross C Compiler
 
riscv-none-elf-gcc.cmd -march=rv32im_zicsr -mabi=ilp32 -msmall-data-limit=8 -mno-save-restore -O3 -fmessage-length=0 -fsigned-char -ffunction-sections -fdata-sections -g3 -isystem"D:\PROJECTS\RISCVDEV\thuas-riscv\eclipse\windows\coremark\include" -std=gnu11 -MMD -MP -MF"lib/csr/csr_get_mhpmcounter7.d" -MT"lib/csr/csr_get_mhpmcounter7.o" -c -o "lib/csr/csr_get_mhpmcounter7.o" "../lib/csr/csr_get_mhpmcounter7.c"
Finished building: ../lib/gpio/gpioa_togglepin.c
Invoking: GNU RISC-V Cross C Compiler
riscv-none-elf-gcc.cmd -march=rv32im_zicsr -mabi=ilp32 -msmall-data-limit=8 -mno-save-restore -O3 -fmessage-length=0 -fsigned-char -ffunction-sections -fdata-sections -g3 -isystem"D:\PROJECTS\RISCVDEV\thuas-riscv\eclipse\windows\coremark\include" -std=gnu11 -MMD -MP -MF"lib/csr/csr_get_mhpmcounter8.d" -MT"lib/csr/csr_get_mhpmcounter8.o" -c -o "lib/csr/csr_get_mhpmcounter8.o" "../lib/csr/csr_get_mhpmcounter8.c"
 
 
 
riscv-none-elf-gcc.cmd -march=rv32im_zicsr -mabi=ilp32 -msmall-data-limit=8 -mno-save-restore -O3 -fmessage-length=0 -fsigned-char -ffunction-sections -fdata-sections -g3 -isystem"D:\PROJECTS\RISCVDEV\thuas-riscv\eclipse\windows\coremark\include" -std=gnu11 -MMD -MP -MF"lib/csr/csr_get_mhpmcounter9.d" -MT"lib/csr/csr_get_mhpmcounter9.o" -c -o "lib/csr/csr_get_mhpmcounter9.o" "../lib/csr/csr_get_mhpmcounter9.c"
 
 
Building file: ../lib/csr/csr_get_time.c
Building file: ../lib/crc/crc_block.c
Building file: ../lib/crc/crc_get.c
Building file: ../lib/crc/crc_init.c
Invoking: GNU RISC-V Cross C Compiler
Building file: ../lib/crc/crc_write.c
riscv-none-elf-gcc.cmd -march=rv32im_zicsr -mabi=ilp32 -msmall-data-limit=8 -mno-save-restore -O3 -fmessage-length=0 -fsigned-char -ffunction-sections -fdata-sections -g3 -isystem"D:\PROJECTS\RISCVDEV\thuas-riscv\eclipse\windows\coremark\include" -std=gnu11 -MMD -MP -MF"lib/csr/csr_get_time.d" -MT"lib/csr/csr_get_time.o" -c -o "lib/csr/csr_get_time.o" "../lib/csr/csr_get_time.c"
Invoking: GNU RISC-V Cross C Compiler
riscv-none-elf-gcc.cmd -march=rv32im_zicsr -mabi=ilp32 -msmall-data-limit=8 -mno-save-restore -O3 -fmessage-length=0 -fsigned-char -ffunction-sections -fdata-sections -g3 -isystem"D:\PROJECTS\RISCVDEV\thuas-riscv\eclipse\windows\coremark\include" -std=gnu11 -MMD -MP -MF"lib/crc/crc_block.d" -MT"lib/crc/crc_block.o" -c -o "lib/crc/crc_block.o" "../lib/crc/crc_block.c"
Building file: ../crt/startup.c
Invoking: GNU RISC-V Cross C Compiler
Invoking: GNU RISC-V Cross C Compiler
riscv-none-elf-gcc.cmd -march=rv32im_zicsr -mabi=ilp32 -msmall-data-limit=8 -mno-save-restore -O3 -fmessage-length=0 -fsigned-char -ffunction-sections -fdata-sections -g3 -isystem"D:\PROJECTS\RISCVDEV\thuas-riscv\eclipse\windows\coremark\include" -std=gnu11 -MMD -MP -MF"lib/crc/crc_get.d" -MT"lib/crc/crc_get.o" -c -o "lib/crc/crc_get.o" "../lib/crc/crc_get.c"
riscv-none-elf-gcc.cmd -march=rv32im_zicsr -mabi=ilp32 -msmall-data-limit=8 -mno-save-restore -O3 -fmessage-length=0 -fsigned-char -ffunction-sections -fdata-sections -g3 -isystem"D:\PROJECTS\RISCVDEV\thuas-riscv\eclipse\windows\coremark\include" -std=gnu11 -MMD -MP -MF"lib/crc/crc_init.d" -MT"lib/crc/crc_init.o" -c -o "lib/crc/crc_init.o" "../lib/crc/crc_init.c"
Invoking: GNU RISC-V Cross C Compiler
riscv-none-elf-gcc.cmd -march=rv32im_zicsr -mabi=ilp32 -msmall-data-limit=8 -mno-save-restore -O3 -fmessage-length=0 -fsigned-char -ffunction-sections -fdata-sections -g3 -isystem"D:\PROJECTS\RISCVDEV\thuas-riscv\eclipse\windows\coremark\include" -std=gnu11 -MMD -MP -MF"lib/crc/crc_write.d" -MT"lib/crc/crc_write.o" -c -o "lib/crc/crc_write.o" "../lib/crc/crc_write.c"
Invoking: GNU RISC-V Cross C Compiler
riscv-none-elf-gcc.cmd -march=rv32im_zicsr -mabi=ilp32 -msmall-data-limit=8 -mno-save-restore -O3 -fmessage-length=0 -fsigned-char -ffunction-sections -fdata-sections -g3 -isystem"D:\PROJECTS\RISCVDEV\thuas-riscv\eclipse\windows\coremark\include" -std=gnu11 -MMD -MP -MF"crt/startup.d" -MT"crt/startup.o" -c -o "crt/startup.o" "../crt/startup.c"
Finished building: ../lib/csr/csr_get_cycle.c
Finished building: ../lib/csr/csr_get_instret.c
 
 
Finished building: ../lib/gpio/gpioa_writepin.c
Finished building: ../lib/csr/csr_get_mhpmcounter4.c
Finished building: ../lib/csr/csr_get_mhpmcounter3.c
 
 
 
Finished building: ../lib/csr/csr_get_mhpmcounter5.c
 
Finished building: ../lib/csr/csr_get_mhpmcounter6.c
 
Finished building: ../lib/csr/csr_get_mhpmcounter8.c
Finished building: ../lib/csr/csr_get_mhpmcounter7.c
Finished building: ../lib/csr/csr_get_mhpmcounter9.c
 
 
 
Finished building: ../lib/csr/csr_get_time.c
 
Finished building: ../lib/crc/crc_get.c
Finished building: ../lib/crc/crc_block.c
Finished building: ../lib/crc/crc_init.c
Finished building: ../lib/crc/crc_write.c
 
 
 
 
Finished building: ../crt/startup.c
 
Building target: coremark.elf
Invoking: GNU RISC-V Cross C Linker
riscv-none-elf-gcc.cmd -march=rv32im_zicsr -mabi=ilp32 -msmall-data-limit=8 -mno-save-restore -O3 -fmessage-length=0 -fsigned-char -ffunction-sections -fdata-sections -g3 -T "D:\PROJECTS\RISCVDEV\thuas-riscv\eclipse\windows\coremark\ldfiles\riscv.ld" -nostartfiles -Xlinker --gc-sections -Wl,-Map,"coremark.map" --specs=nano.specs -o "coremark.elf" ./src/core_list_join.o ./src/core_main.o ./src/core_matrix.o ./src/core_portme.o ./src/core_state.o ./src/core_util.o ./src/cvt.o ./src/ee_printf.o  ./lib/wdt/wdt_init.o ./lib/wdt/wdt_reset.o ./lib/wdt/wdt_start.o ./lib/wdt/wdt_stop.o  ./lib/util/delayms.o ./lib/util/gethex.o ./lib/util/parsehex.o ./lib/util/printdec.o ./lib/util/printhex.o ./lib/util/printhwversion.o ./lib/util/printlogo.o  ./lib/uart/uart1_getc.o ./lib/uart/uart1_gets.o ./lib/uart/uart1_init.o ./lib/uart/uart1_printf.o ./lib/uart/uart1_printlonglong.o ./lib/uart/uart1_printulonglong.o ./lib/uart/uart1_putc.o ./lib/uart/uart1_puts.o ./lib/uart/uart_hasreceived.o  ./lib/timer/timer1_clear_interrupt.o ./lib/timer/timer1_disable.o ./lib/timer/timer1_disable_interrupt.o ./lib/timer/timer1_enable.o ./lib/timer/timer1_enable_interrupt.o ./lib/timer/timer1_getcounter.o ./lib/timer/timer1_setcompare.o ./lib/timer/timer1_setcounter.o  ./lib/syscalls/sys_env.o ./lib/syscalls/sys_exit.o ./lib/syscalls/sys_gettimeofday.o ./lib/syscalls/sys_read_write.o ./lib/syscalls/sys_remaining.o ./lib/syscalls/sys_sbrk.o ./lib/syscalls/sys_times.o  ./lib/spi/spi1_csdisable.o ./lib/spi/spi1_csenable.o ./lib/spi/spi1_init.o ./lib/spi/spi1_receive.o ./lib/spi/spi1_transfer.o ./lib/spi/spi1_transmit.o ./lib/spi/spi1_transmit_receive.o ./lib/spi/spi2_csdisable.o ./lib/spi/spi2_csenable.o ./lib/spi/spi2_init.o ./lib/spi/spi2_transfer.o  ./lib/i2c/i2c1_init.o ./lib/i2c/i2c1_receive.o ./lib/i2c/i2c1_receive_byte.o ./lib/i2c/i2c1_transmit.o ./lib/i2c/i2c1_transmit_address.o ./lib/i2c/i2c1_transmit_address_only.o ./lib/i2c/i2c1_transmit_byte.o ./lib/i2c/i2c2_init.o ./lib/i2c/i2c2_receive.o ./lib/i2c/i2c2_receive_byte.o ./lib/i2c/i2c2_transmit.o ./lib/i2c/i2c2_transmit_address.o ./lib/i2c/i2c2_transmit_address_only.o ./lib/i2c/i2c2_transmit_byte.o  ./lib/gpio/gpioa_readpin.o ./lib/gpio/gpioa_togglepin.o ./lib/gpio/gpioa_writepin.o  ./lib/csr/csr_get_cycle.o ./lib/csr/csr_get_instret.o ./lib/csr/csr_get_mhpmcounter3.o ./lib/csr/csr_get_mhpmcounter4.o ./lib/csr/csr_get_mhpmcounter5.o ./lib/csr/csr_get_mhpmcounter6.o ./lib/csr/csr_get_mhpmcounter7.o ./lib/csr/csr_get_mhpmcounter8.o ./lib/csr/csr_get_mhpmcounter9.o ./lib/csr/csr_get_time.o  ./lib/crc/crc_block.o ./lib/crc/crc_get.o ./lib/crc/crc_init.o ./lib/crc/crc_write.o  ./crt/startup.o   
C:/Users/jesse/AppData/Roaming/xPacks/@xpack-dev-tools/riscv-none-elf-gcc/14.2.0-3.1/.content/bin/../lib/gcc/riscv-none-elf/14.2.0/../../../../riscv-none-elf/bin/ld.exe: warning: coremark.elf has a LOAD segment with RWX permissions
Finished building target: coremark.elf
 
Invoking: GNU RISC-V Cross Create Flash Image
riscv-none-elf-objcopy.cmd -O ihex "coremark.elf"  "coremark.hex"
Invoking: GNU RISC-V Cross Print Size
riscv-none-elf-size.cmd --format=berkeley "coremark.elf"
   text	   data	    bss	    dec	    hex	filename
  34632	     36	   2044	  36712	   8f68	coremark.elf
Finished building: coremark.siz
Finished building: coremark.hex
 
 

19:15:12 Build Finished. 0 errors, 1 warnings. (took 3s.200ms)

